2024-10-02 10:10:40,575 [INFO] WebApp:189 - Connection lost
2024-10-02 10:10:40,923 [INFO] WebApp:186 - Connection restablished
2024-10-02 10:10:49,298 [INFO] WebApp:189 - Connection lost
2024-10-02 10:10:49,515 [INFO] WebApp:186 - Connection restablished
2024-10-02 10:13:45,154 [INFO] WebApp:189 - Connection lost
2024-10-02 10:13:45,418 [INFO] WebApp:186 - Connection restablished
2024-10-02 10:45:19,119 [INFO] WebApp:189 - Connection lost
2024-10-02 10:45:19,528 [INFO] WebApp:186 - Connection restablished
2024-10-02 10:45:23,363 [INFO] WebApp:189 - Connection lost
2024-10-02 10:45:23,684 [INFO] WebApp:186 - Connection restablished
2024-10-02 11:14:40,362 [INFO] WebApp:189 - Connection lost
2024-10-02 11:14:40,929 [INFO] WebApp:186 - Connection restablished
2024-10-02 11:14:43,682 [INFO] WebApp:189 - Connection lost
2024-10-02 11:14:43,935 [INFO] WebApp:186 - Connection restablished
2024-10-02 11:31:54,172 [INFO] WebApp:189 - Connection lost
2024-10-02 11:31:54,585 [INFO] WebApp:186 - Connection restablished
2024-10-02 11:34:55,673 [INFO] WebApp:189 - Connection lost
2024-10-02 11:34:55,900 [INFO] WebApp:186 - Connection restablished
2024-10-02 13:50:49,905 [INFO] WebApp:189 - Connection lost
2024-10-02 13:50:50,465 [INFO] WebApp:186 - Connection restablished
2024-10-02 13:50:54,975 [INFO] WebApp:189 - Connection lost
2024-10-02 13:50:55,158 [INFO] WebApp:186 - Connection restablished
2024-10-02 14:15:21,549 [INFO] WebApp:189 - Connection lost
2024-10-02 14:15:21,782 [INFO] WebApp:186 - Connection restablished
2024-10-02 14:15:25,125 [INFO] WebApp:189 - Connection lost
2024-10-02 14:15:25,274 [INFO] WebApp:186 - Connection restablished
2024-10-02 15:00:14,569 [INFO] MainUpdater:2873 - connection check result : 10
2024-10-02 15:00:14,569 [INFO] MainUpdater:2873 - connection check result : 10
2024-10-02 15:00:14,608 [INFO] MicroXplorer:468 - Change Database Path : 
2024-10-02 15:00:14,608 [INFO] MicroXplorer:498 - Change Database Version : DB.6.0.121
2024-10-02 15:00:14,653 [ERROR] ProjectManagerView:394 - 
java.lang.NullPointerException: Cannot invoke "javax.swing.JTextField.getText()" because the return value of "java.util.List.get(int)" is null
	at com.st.microxplorer.plugins.projectmanager.gui.ProjectChoiceTab$10.caretUpdate(ProjectChoiceTab.java:2622) ~[filemanager.jar:?]
	at javax.swing.text.JTextComponent.fireCaretUpdate(JTextComponent.java:412) ~[?:?]
	at javax.swing.text.JTextComponent$MutableCaretEvent.fire(JTextComponent.java:4491) ~[?:?]
	at javax.swing.text.JTextComponent$MutableCaretEvent.stateChanged(JTextComponent.java:4513) ~[?:?]
	at javax.swing.text.DefaultCaret.fireStateChanged(DefaultCaret.java:842) ~[?:?]
	at javax.swing.text.DefaultCaret.changeCaretPosition(DefaultCaret.java:1313) ~[?:?]
	at javax.swing.text.DefaultCaret.handleSetDot(DefaultCaret.java:1212) ~[?:?]
	at javax.swing.text.DefaultCaret.setDot(DefaultCaret.java:1193) ~[?:?]
	at javax.swing.text.DefaultCaret$Handler.insertUpdate(DefaultCaret.java:1789) ~[?:?]
	at javax.swing.text.AbstractDocument.fireInsertUpdate(AbstractDocument.java:226) ~[?:?]
	at javax.swing.text.AbstractDocument.handleInsertString(AbstractDocument.java:780) ~[?:?]
	at javax.swing.text.AbstractDocument.insertString(AbstractDocument.java:739) ~[?:?]
	at javax.swing.text.PlainDocument.insertString(PlainDocument.java:131) ~[?:?]
	at javax.swing.text.AbstractDocument.replace(AbstractDocument.java:698) ~[?:?]
	at javax.swing.text.JTextComponent.setText(JTextComponent.java:1729) ~[?:?]
	at com.st.microxplorer.plugins.projectmanager.gui.ProjectChoiceTab.createHeapStackFields(ProjectChoiceTab.java:972) ~[filemanager.jar:?]
	at com.st.microxplorer.plugins.projectmanager.gui.ProjectChoiceTab.buildLinkSettingsPanel(ProjectChoiceTab.java:3597) ~[filemanager.jar:?]
	at com.st.microxplorer.plugins.projectmanager.gui.ProjectChoiceTab.defineWindowsFields(ProjectChoiceTab.java:1940) ~[filemanager.jar:?]
	at com.st.microxplorer.plugins.projectmanager.gui.ProjectChoiceTab.updateSettings(ProjectChoiceTab.java:550) ~[filemanager.jar:?]
	at com.st.microxplorer.plugins.projectmanager.gui.ProjectSettingsPanel.UpdateDialog(ProjectSettingsPanel.java:245) ~[filemanager.jar:?]
	at com.st.microxplorer.plugins.projectmanager.ProjectManagerView.propertyChange(ProjectManagerView.java:391) ~[filemanager.jar:?]
	at java.beans.PropertyChangeSupport.fire(PropertyChangeSupport.java:343) ~[?:?]
	at java.beans.PropertyChangeSupport.firePropertyChange(PropertyChangeSupport.java:335) ~[?:?]
	at java.beans.PropertyChangeSupport.firePropertyChange(PropertyChangeSupport.java:268) ~[?:?]
	at com.st.microxplorer.util.MXPropertyChangeSupport.firePropertyChange(MXPropertyChangeSupport.java:54) ~[STM32CubeMX.jar:?]
	at com.st.microxplorer.mxsystem.MxSystem.closeConfig(MxSystem.java:900) ~[STM32CubeMX.jar:?]
	at com.st.microxplorer.maingui.MainPanel.closeConfig(MainPanel.java:781) ~[STM32CubeMX.jar:?]
	at com.st.microxplorer.plugins.filemanager.engine.OpenFileManager.loadConfigurationFile(OpenFileManager.java:265) ~[filemanager.jar:?]
	at com.st.microxplorer.plugins.filemanager.engine.MainFileManager.userLoadConfig(MainFileManager.java:352) ~[filemanager.jar:?]
	at com.st.microxplorer.plugins.filemanager.engine.MainFileManager.userLoadConfig(MainFileManager.java:330) ~[filemanager.jar:?]
	at com.st.microxplorer.plugins.filemanager.FileManagerView.getSpecificTask(FileManagerView.java:246) ~[filemanager.jar:?]
	at com.st.stm32cube.common.mx.editor.CubeMxEditor.getMxTabbedPaneInstance(CubeMxEditor.java:1198) ~[com.st.stm32cube.common.mx_6.12.1.202409122256/:?]
	at com.st.stm32cube.common.mx.editor.CubeMxEditor$12$1.createSwingComponent(CubeMxEditor.java:1068) ~[com.st.stm32cube.common.mx_6.12.1.202409122256/:?]
	at com.st.stm32cube.common.mx.oss.core.awtswtbridge.EmbeddedSwingComposite.doComponentCreation(EmbeddedSwingComposite.java:492) ~[com.st.stm32cube.common.mx.oss_6.12.1.202409122256/:?]
	at com.st.stm32cube.common.mx.oss.core.awtswtbridge.EmbeddedSwingComposite$4.run(EmbeddedSwingComposite.java:291) ~[com.st.stm32cube.common.mx.oss_6.12.1.202409122256/:?]
	at com.st.stm32cube.common.mx.oss.core.awtswtbridge.AwtEnvironment$2.run(AwtEnvironment.java:166) ~[com.st.stm32cube.common.mx.oss_6.12.1.202409122256/:?]
	at java.awt.event.InvocationEvent.dispatch(InvocationEvent.java:318) ~[?:?]
	at java.awt.EventQueue.dispatchEventImpl(EventQueue.java:773) ~[?:?]
	at java.awt.EventQueue$4.run(EventQueue.java:720) ~[?:?]
	at java.awt.EventQueue$4.run(EventQueue.java:714) ~[?:?]
	at java.security.AccessController.doPrivileged(AccessController.java:399) ~[?:?]
	at java.security.ProtectionDomain$JavaSecurityAccessImpl.doIntersectionPrivilege(ProtectionDomain.java:86) ~[?:?]
	at java.awt.EventQueue.dispatchEvent(EventQueue.java:742) ~[?:?]
	at java.awt.EventDispatchThread.pumpOneEventForFilters(EventDispatchThread.java:203) ~[?:?]
	at java.awt.EventDispatchThread.pumpEventsForFilter(EventDispatchThread.java:124) ~[?:?]
	at java.awt.EventDispatchThread.pumpEventsForHierarchy(EventDispatchThread.java:113) ~[?:?]
	at java.awt.EventDispatchThread.pumpEvents(EventDispatchThread.java:109) ~[?:?]
	at java.awt.EventDispatchThread.pumpEvents(EventDispatchThread.java:101) ~[?:?]
	at java.awt.EventDispatchThread.run(EventDispatchThread.java:90) ~[?:?]
2024-10-02 15:00:14,655 [WARN] ThirdParty:871 - waiting for thirdparty lock release [close project]
2024-10-02 15:00:14,655 [INFO] ThirdParty:873 - entering critical section [close project]
2024-10-02 15:00:14,655 [INFO] ThirdParty:883 - exiting critical section [close project]
2024-10-02 15:00:14,659 [INFO] PinOutPanel:1561 - setPackage(No Configuration,No Configuration)
2024-10-02 15:00:14,670 [WARN] IpParametersView:151 - Warning: This peripheral hasn't parameters
2024-10-02 15:00:14,678 [WARN] MainPanel:284 - <html><b><center>Warning: This peripheral has no parameters to be configured<br></b></html>
2024-10-02 15:00:14,685 [INFO] UtilMem:75 - Begin LoadConfig() Used Memory: 317643064 Bytes (1006632960)
2024-10-02 15:00:14,686 [INFO] MicroXplorer:468 - Change Database Path : 
2024-10-02 15:00:14,686 [INFO] MicroXplorer:498 - Change Database Version : DB.6.0.121
2024-10-02 15:00:14,686 [INFO] OpenFileManager:332 - Change cursor
2024-10-02 15:00:14,743 [INFO] Mcu:2032 - Initializing MCU STM32F407V(E-G)Tx STM32F407VGTx STM32F407VGT6
2024-10-02 15:00:16,766 [INFO] Context:742 - Trying to add GPIOservice into a context  which must be forbidden
2024-10-02 15:00:17,563 [INFO] RtosManager:555 - Registered RTOS mode: class=CMSIS, group=RTOS, mode=CMSIS_V1, owner=FREERTOS
2024-10-02 15:00:17,563 [INFO] RtosManager:555 - Registered RTOS mode: class=CMSIS, group=RTOS2, mode=CMSIS_V2, owner=FREERTOS
2024-10-02 15:00:17,563 [INFO] RtosManager:555 - Registered RTOS mode: class=RTOS, group=Core, mode=CMSIS_V1, owner=FREERTOS
2024-10-02 15:00:17,563 [INFO] RtosManager:555 - Registered RTOS mode: class=RTOS, group=Core, mode=CMSIS_V2, owner=FREERTOS
2024-10-02 15:00:17,563 [WARN] ModelIntegratedComponent:184 - Missing modes for component STMicroelectronics:FreeRTOS:0.0.1:STMicroelectronics:RTOS:FreeRTOS:Core:::10.2.0:
2024-10-02 15:00:17,579 [WARN] ModelIntegratedComponent:63 - No mode defined for component null
2024-10-02 15:00:17,579 [WARN] ModelIntegratedComponent:63 - No mode defined for component null
2024-10-02 15:00:17,579 [WARN] ModelIntegratedComponent:63 - No mode defined for component null
2024-10-02 15:00:17,579 [WARN] ModelIntegratedComponent:63 - No mode defined for component null
2024-10-02 15:00:17,579 [WARN] ModelIntegratedComponent:63 - No mode defined for component null
2024-10-02 15:00:17,579 [WARN] ModelIntegratedComponent:63 - No mode defined for component null
2024-10-02 15:00:17,579 [WARN] ModelIntegratedComponent:63 - No mode defined for component null
2024-10-02 15:00:17,580 [WARN] ModelIntegratedComponent:63 - No mode defined for component null
2024-10-02 15:00:17,580 [WARN] ModelIntegratedComponent:63 - No mode defined for component null
2024-10-02 15:00:17,580 [WARN] ModelIntegratedComponent:63 - No mode defined for component null
2024-10-02 15:00:17,580 [WARN] ModelIntegratedComponent:63 - No mode defined for component null
2024-10-02 15:00:17,580 [WARN] ModelIntegratedComponent:63 - No mode defined for component null
2024-10-02 15:00:17,580 [WARN] ModelIntegratedComponent:63 - No mode defined for component null
2024-10-02 15:00:17,580 [WARN] ModelIntegratedComponent:63 - No mode defined for component null
2024-10-02 15:00:17,580 [WARN] ModelIntegratedComponent:63 - No mode defined for component null
2024-10-02 15:00:17,580 [WARN] ModelIntegratedComponent:63 - No mode defined for component null
2024-10-02 15:00:17,580 [WARN] ModelIntegratedComponent:63 - No mode defined for component null
2024-10-02 15:00:17,580 [WARN] ModelIntegratedComponent:63 - No mode defined for component null
2024-10-02 15:00:17,580 [WARN] ModelIntegratedComponent:63 - No mode defined for component null
2024-10-02 15:00:17,580 [WARN] ModelIntegratedComponent:63 - No mode defined for component null
2024-10-02 15:00:17,580 [WARN] ModelIntegratedComponent:63 - No mode defined for component null
2024-10-02 15:00:17,580 [WARN] ModelIntegratedComponent:63 - No mode defined for component null
2024-10-02 15:00:17,580 [WARN] ModelIntegratedComponent:63 - No mode defined for component null
2024-10-02 15:00:17,580 [WARN] ModelIntegratedComponent:63 - No mode defined for component null
2024-10-02 15:00:17,580 [WARN] ModelIntegratedComponent:63 - No mode defined for component null
2024-10-02 15:00:17,580 [WARN] ModelIntegratedComponent:63 - No mode defined for component null
2024-10-02 15:00:17,580 [WARN] ModelIntegratedComponent:63 - No mode defined for component null
2024-10-02 15:00:17,580 [WARN] ModelIntegratedComponent:63 - No mode defined for component null
2024-10-02 15:00:17,580 [WARN] ModelIntegratedComponent:63 - No mode defined for component null
2024-10-02 15:00:17,580 [WARN] ModelIntegratedComponent:63 - No mode defined for component null
2024-10-02 15:00:17,581 [WARN] ModelIntegratedComponent:63 - No mode defined for component null
2024-10-02 15:00:17,581 [WARN] ModelIntegratedComponent:63 - No mode defined for component null
2024-10-02 15:00:17,581 [WARN] ModelIntegratedComponent:63 - No mode defined for component null
2024-10-02 15:00:17,581 [WARN] ModelIntegratedComponent:63 - No mode defined for component null
2024-10-02 15:00:17,581 [WARN] ModelIntegratedComponent:63 - No mode defined for component null
2024-10-02 15:00:17,581 [WARN] ModelPack:524 - Component already loaded: STMicroelectronics:HAL Drivers:0.0.0:STMicroelectronics:Device:STMicro_Driver:XSPI:HAL::0.0.1:HAL_XSPI
2024-10-02 15:00:17,629 [INFO] ThirdPartyModel:298 - Start build external matchings
2024-10-02 15:00:18,723 [INFO] ThirdPartyModel:316 - End build external matchings
2024-10-02 15:00:18,740 [INFO] ImportTextPane:205 - (OptionalMessage_ERROR) IP (RCC) : Parameter (RTCHSEDivFreq_Value) has invalid value (4000000)
2024-10-02 15:00:18,742 [WARN] IP:2191 - DEVICE_SERIAL0_CDC_FS not found: check if there is a RefParameter without a condition.
2024-10-02 15:00:18,743 [WARN] IP:2191 - DEVICE_SERIAL1_CDC_FS not found: check if there is a RefParameter without a condition.
2024-10-02 15:00:18,743 [WARN] IP:2191 - DEVICE_SERIAL2_CDC_FS not found: check if there is a RefParameter without a condition.
2024-10-02 15:00:19,139 [INFO] UtilMem:75 - End LoadConfig() Used Memory: 647824280 Bytes (1006632960)
2024-10-02 15:00:19,179 [WARN] ThirdParty:833 - waiting for thirdparty lock release [change project]
2024-10-02 15:00:19,180 [INFO] ThirdParty:835 - entering critical section [change project]
2024-10-02 15:00:19,180 [INFO] ThirdParty:1030 - CMSIS Pack Vendor :STMicroelectronics X-CUBE-ISPU 1.1.0
2024-10-02 15:00:19,180 [INFO] ThirdParty:1030 - CMSIS Pack Vendor :STMicroelectronics USBPD 4.1
2024-10-02 15:00:19,180 [INFO] ThirdParty:1030 - CMSIS Pack Vendor :STMicroelectronics X-CUBE-AZRTOS-H7 3.3.0
2024-10-02 15:00:19,180 [INFO] ThirdParty:1030 - CMSIS Pack Vendor :STMicroelectronics X-CUBE-NFC9 1.0.0
2024-10-02 15:00:19,180 [INFO] ThirdParty:1030 - CMSIS Pack Vendor :STMicroelectronics X-CUBE-GNSS1 6.0.0
2024-10-02 15:00:19,180 [INFO] ThirdParty:1030 - CMSIS Pack Vendor :STMicroelectronics USB_HOST 2.0.0
2024-10-02 15:00:19,180 [INFO] ThirdParty:1030 - CMSIS Pack Vendor :STMicroelectronics FP-SNS-MOTENVWB1 1.4.0
2024-10-02 15:00:19,180 [INFO] ThirdParty:1030 - CMSIS Pack Vendor :STMicroelectronics X-CUBE-AZRTOS-F4 1.1.0
2024-10-02 15:00:19,180 [INFO] ThirdParty:1030 - CMSIS Pack Vendor :STMicroelectronics LIBJPEG 8.0.0
2024-10-02 15:00:19,180 [INFO] ThirdParty:1030 - CMSIS Pack Vendor :STMicroelectronics X-CUBE-SMBUS 2.1.0
2024-10-02 15:00:19,180 [INFO] ThirdParty:1030 - CMSIS Pack Vendor :wolfSSL I-CUBE-wolfSSL 5.6.0
2024-10-02 15:00:19,180 [INFO] ThirdParty:1030 - CMSIS Pack Vendor :STMicroelectronics USB_DEVICE 3.0.0
2024-10-02 15:00:19,180 [INFO] ThirdParty:1030 - CMSIS Pack Vendor :STMicroelectronics X-CUBE-TCPP 4.1.0
2024-10-02 15:00:19,180 [INFO] ThirdParty:1030 - CMSIS Pack Vendor :STMicroelectronics X-CUBE-ISPU 2.1.0
2024-10-02 15:00:19,180 [INFO] ThirdParty:1030 - CMSIS Pack Vendor :STMicroelectronics X-CUBE-FREERTOS 1.2.0
2024-10-02 15:00:19,180 [INFO] ThirdParty:1030 - CMSIS Pack Vendor :STMicroelectronics X-CUBE-AZRTOS-WB 2.0.0
2024-10-02 15:00:19,180 [INFO] ThirdParty:1030 - CMSIS Pack Vendor :STMicroelectronics X-CUBE-FREERTOS 1.0.1
2024-10-02 15:00:19,181 [INFO] ThirdParty:1030 - CMSIS Pack Vendor :STMicroelectronics X-CUBE-GNSS1 7.0.0
2024-10-02 15:00:19,181 [INFO] ThirdParty:1030 - CMSIS Pack Vendor :STMicroelectronics X-CUBE-AZRTOS-F7 1.1.0
2024-10-02 15:00:19,181 [INFO] ThirdParty:1030 - CMSIS Pack Vendor :STMicroelectronics X-CUBE-TOUCHGFX 4.21.4
2024-10-02 15:00:19,181 [INFO] ThirdParty:1030 - CMSIS Pack Vendor :STMicroelectronics X-CUBE-AZRTOS-L5 2.0.0
2024-10-02 15:00:19,181 [INFO] ThirdParty:1030 - CMSIS Pack Vendor :STMicroelectronics USB_DEVICE 2.0.0
2024-10-02 15:00:19,181 [INFO] ThirdParty:1030 - CMSIS Pack Vendor :STMicroelectronics X-CUBE-MEMS1 9.6.0
2024-10-02 15:00:19,181 [INFO] ThirdParty:1030 - CMSIS Pack Vendor :STMicroelectronics X-CUBE-NFC6 3.1.0
2024-10-02 15:00:19,181 [INFO] ThirdParty:1030 - CMSIS Pack Vendor :STMicroelectronics FP-SNS-STBOX1 2.0.0
2024-10-02 15:00:19,181 [INFO] ThirdParty:1030 - CMSIS Pack Vendor :STMicroelectronics FP-SNS-MOTENV1 4.3.1
2024-10-02 15:00:19,181 [INFO] ThirdParty:1030 - CMSIS Pack Vendor :STMicroelectronics FP-SNS-FLIGHT1 5.0.1
2024-10-02 15:00:19,181 [INFO] ThirdParty:1030 - CMSIS Pack Vendor :STMicroelectronics X-CUBE-ALGOBUILD 1.3.0
2024-10-02 15:00:19,181 [INFO] ThirdParty:1030 - CMSIS Pack Vendor :STMicroelectronics X-CUBE-MEMS1 11.0.0
2024-10-02 15:00:19,181 [INFO] ThirdParty:1030 - CMSIS Pack Vendor :STMicroelectronics X-CUBE-BLE1 6.2.4
2024-10-02 15:00:19,181 [INFO] ThirdParty:1030 - CMSIS Pack Vendor :STMicroelectronics X-CUBE-AZRTOS-L5 1.1.0
2024-10-02 15:00:19,181 [INFO] ThirdParty:1030 - CMSIS Pack Vendor :STMicroelectronics FreeRTOS 0.0.1
2024-10-02 15:00:19,181 [INFO] ThirdParty:1030 - CMSIS Pack Vendor :STMicroelectronics X-CUBE-AZRTOS-G0 1.1.0
2024-10-02 15:00:19,182 [INFO] ThirdParty:1030 - CMSIS Pack Vendor :emotas I-CUBE-CANOPEN 1.1.3
2024-10-02 15:00:19,182 [INFO] ThirdParty:1030 - CMSIS Pack Vendor :STMicroelectronics X-CUBE-BLEMGR 2.0.0
2024-10-02 15:00:19,182 [INFO] ThirdParty:1030 - CMSIS Pack Vendor :STMicroelectronics X-CUBE-AI 8.0.1
2024-10-02 15:00:19,182 [INFO] ThirdParty:1030 - CMSIS Pack Vendor :STMicroelectronics X-CUBE-SAFEA1 1.2.2
2024-10-02 15:00:19,182 [INFO] ThirdParty:1030 - CMSIS Pack Vendor :STMicroelectronics X-CUBE-NFC4 3.0.0
2024-10-02 15:00:19,182 [INFO] ThirdParty:1030 - CMSIS Pack Vendor :STMicroelectronics X-CUBE-DPower 1.2.0
2024-10-02 15:00:19,182 [INFO] ThirdParty:1030 - CMSIS Pack Vendor :STMicroelectronics X-CUBE-SUBG2 5.0.0
2024-10-02 15:00:19,182 [INFO] ThirdParty:1030 - CMSIS Pack Vendor :STMicroelectronics STM32_WPAN 1.0.0
2024-10-02 15:00:19,182 [INFO] ThirdParty:1030 - CMSIS Pack Vendor :EmbeddedOffice I-CUBE-FS-RTOS 1.0.1
2024-10-02 15:00:19,182 [INFO] ThirdParty:1030 - CMSIS Pack Vendor :STMicroelectronics lwIP 2.0.3
2024-10-02 15:00:19,182 [INFO] ThirdParty:1030 - CMSIS Pack Vendor :STMicroelectronics FP-SNS-FLIGHT1 5.0.2
2024-10-02 15:00:19,182 [INFO] ThirdParty:1030 - CMSIS Pack Vendor :Cesanta I-CUBE-Mongoose 7.13.0
2024-10-02 15:00:19,182 [INFO] ThirdParty:1030 - CMSIS Pack Vendor :STMicroelectronics USB_HOST 1.0.0
2024-10-02 15:00:19,182 [INFO] ThirdParty:1030 - CMSIS Pack Vendor :STMicroelectronics X-CUBE-AI 9.0.0
2024-10-02 15:00:19,182 [INFO] ThirdParty:1030 - CMSIS Pack Vendor :STMicroelectronics X-CUBE-AZRTOS-G4 2.0.0
2024-10-02 15:00:19,182 [INFO] ThirdParty:1030 - CMSIS Pack Vendor :STMicroelectronics PDM2PCM 3.1.0
2024-10-02 15:00:19,182 [INFO] ThirdParty:1030 - CMSIS Pack Vendor :STMicroelectronics X-CUBE-AZRTOS-H7 3.1.0
2024-10-02 15:00:19,182 [INFO] ThirdParty:1030 - CMSIS Pack Vendor :STMicroelectronics X-CUBE-TOF1 3.3.0
2024-10-02 15:00:19,182 [INFO] ThirdParty:1030 - CMSIS Pack Vendor :STMicroelectronics PDM2PCM 3.3.0
2024-10-02 15:00:19,182 [INFO] ThirdParty:1030 - CMSIS Pack Vendor :STMicroelectronics X-CUBE-DISPLAY 3.0.0
2024-10-02 15:00:19,183 [INFO] ThirdParty:1030 - CMSIS Pack Vendor :RealThread X-CUBE-RT-Thread_Nano 4.1.1
2024-10-02 15:00:19,183 [INFO] ThirdParty:1030 - CMSIS Pack Vendor :STMicroelectronics X-CUBE-BLE1 7.0.0
2024-10-02 15:00:19,183 [INFO] ThirdParty:1030 - CMSIS Pack Vendor :STMicroelectronics FP-ATR-SIGFOX1 3.2.0
2024-10-02 15:00:19,183 [INFO] ThirdParty:1030 - CMSIS Pack Vendor :STMicroelectronics X-CUBE-NFC10 1.0.0
2024-10-02 15:00:19,183 [INFO] ThirdParty:1030 - CMSIS Pack Vendor :STMicroelectronics X-CUBE-EEPRMA1 5.1.0
2024-10-02 15:00:19,183 [INFO] ThirdParty:1030 - CMSIS Pack Vendor :STMicroelectronics HAL Drivers 0.0.0
2024-10-02 15:00:19,183 [INFO] ThirdParty:1030 - CMSIS Pack Vendor :STMicroelectronics MBEDTLS 2.16.2
2024-10-02 15:00:19,183 [INFO] ThirdParty:1030 - CMSIS Pack Vendor :STMicroelectronics X-CUBE-ALS 1.0.2
2024-10-02 15:00:19,183 [INFO] ThirdParty:1030 - CMSIS Pack Vendor :STMicroelectronics X-CUBE-NFC7 1.0.1
2024-10-02 15:00:19,183 [INFO] ThirdParty:1030 - CMSIS Pack Vendor :STMicroelectronics MBEDTLS 2.14.1
2024-10-02 15:00:19,183 [INFO] ThirdParty:1030 - CMSIS Pack Vendor :ITTIA_DB I-CUBE-ITTIADB 8.9.0
2024-10-02 15:00:19,183 [INFO] ThirdParty:1030 - CMSIS Pack Vendor :STMicroelectronics X-CUBE-TOUCHGFX 4.24.1
2024-10-02 15:00:19,183 [INFO] ThirdParty:1030 - CMSIS Pack Vendor :wolfSSL I-CUBE-wolfTPM 3.4.0
2024-10-02 15:00:19,183 [INFO] ThirdParty:1030 - CMSIS Pack Vendor :STMicroelectronics X-CUBE-EEPRMA1 4.1.0
2024-10-02 15:00:19,183 [INFO] ThirdParty:1030 - CMSIS Pack Vendor :portGmbH I-Cube-SoM-uGOAL 1.1.0
2024-10-02 15:00:19,183 [INFO] ThirdParty:1030 - CMSIS Pack Vendor :STMicroelectronics X-CUBE-ALS 1.0.1
2024-10-02 15:00:19,183 [INFO] ThirdParty:1030 - CMSIS Pack Vendor :STMicroelectronics X-CUBE-BLEMGR 3.1.0
2024-10-02 15:00:19,183 [INFO] ThirdParty:1030 - CMSIS Pack Vendor :STMicroelectronics ThreadX 1.0.0
2024-10-02 15:00:19,183 [INFO] ThirdParty:1030 - CMSIS Pack Vendor :STMicroelectronics FP-SNS-SMARTAG2 1.2.0
2024-10-02 15:00:19,183 [INFO] ThirdParty:1030 - CMSIS Pack Vendor :STMicroelectronics X-CUBE-AZRTOS-WB 1.1.0
2024-10-02 15:00:19,183 [INFO] ThirdParty:1030 - CMSIS Pack Vendor :STMicroelectronics X-CUBE-AZRTOS-WL 2.0.0
2024-10-02 15:00:19,183 [INFO] ThirdParty:1030 - CMSIS Pack Vendor :SEGGER I-CUBE-embOS 1.3.1
2024-10-02 15:00:19,184 [INFO] ThirdParty:1030 - CMSIS Pack Vendor :STMicroelectronics X-CUBE-ALGOBUILD 1.4.0
2024-10-02 15:00:19,184 [INFO] ThirdParty:1030 - CMSIS Pack Vendor :STMicroelectronics FP-SNS-MOTENV1 5.0.0
2024-10-02 15:00:19,184 [INFO] ThirdParty:1030 - CMSIS Pack Vendor :STMicroelectronics USB_DEVICE 1.0.0
2024-10-02 15:00:19,184 [INFO] ThirdParty:1030 - CMSIS Pack Vendor :STMicroelectronics X-CUBE-AZRTOS-H7RS 1.0.0
2024-10-02 15:00:19,184 [INFO] ThirdParty:1030 - CMSIS Pack Vendor :wolfSSL I-CUBE-wolfMQTT 1.19.0
2024-10-02 15:00:19,184 [INFO] ThirdParty:1030 - CMSIS Pack Vendor :STMicroelectronics X-CUBE-AZRTOS-L4 2.0.0
2024-10-02 15:00:19,184 [INFO] ThirdParty:1030 - CMSIS Pack Vendor :STMicroelectronics ThreadX 0.0.2
2024-10-02 15:00:19,184 [INFO] ThirdParty:1030 - CMSIS Pack Vendor :WES I-CUBE-Cesium 1.3.0
2024-10-02 15:00:19,184 [INFO] ThirdParty:1030 - CMSIS Pack Vendor :STMicroelectronics FP-ATR-ASTRA1 2.0.0
2024-10-02 15:00:19,184 [INFO] ThirdParty:1030 - CMSIS Pack Vendor :STMicroelectronics lwIP 2.1.2
2024-10-02 15:00:19,184 [INFO] ThirdParty:1030 - CMSIS Pack Vendor :STMicroelectronics X-CUBE-SFXS2LP1 4.0.0
2024-10-02 15:00:19,184 [INFO] ThirdParty:1030 - CMSIS Pack Vendor :STMicroelectronics X-CUBE-BLE2 3.3.0
2024-10-02 15:00:19,184 [INFO] ThirdParty:1030 - CMSIS Pack Vendor :STMicroelectronics X-CUBE-TOF1 3.4.2
2024-10-02 15:00:19,184 [INFO] ThirdParty:1030 - CMSIS Pack Vendor :Infineon AIROC-Wi-Fi-Bluetooth-STM32 1.6.1
2024-10-02 15:00:19,184 [INFO] ThirdParty:1030 - CMSIS Pack Vendor :STMicroelectronics PDM2PCM 3.2.0
2024-10-02 15:00:19,184 [INFO] ThirdParty:1030 - CMSIS Pack Vendor :wolfSSL I-CUBE-wolfSSH 1.4.17
2024-10-02 15:00:19,184 [INFO] ThirdParty:841 - exiting critical section [change project]
2024-10-02 15:00:19,531 [INFO] PinOutPanel:1561 - setPackage(No Configuration,No Configuration)
2024-10-02 15:00:19,532 [INFO] PinOutPanel:1561 - setPackage(STM32F407VGTx,LQFP100)
2024-10-02 15:00:19,866 [INFO] UtilMem:75 - Before build in PCC Used Memory: 389339752 Bytes (1006632960)
2024-10-02 15:00:20,169 [INFO] UtilMem:75 - After build in PCC Used Memory: 433379944 Bytes (1006632960)
2024-10-02 15:00:20,197 [INFO] ApiDbMcu:508 - Load IP Config File for USB_DEVICE
2024-10-02 15:00:20,237 [INFO] IPUIPlugin:80 - create IPUIPlugin
2024-10-02 15:00:20,237 [INFO] IPUIPlugin:80 - create IPUIPlugin
2024-10-02 15:00:20,237 [INFO] IPUIPlugin:80 - create IPUIPlugin
2024-10-02 15:00:20,237 [INFO] IPUIPlugin:80 - create IPUIPlugin
2024-10-02 15:00:20,237 [INFO] IPUIPlugin:80 - create IPUIPlugin
2024-10-02 15:00:20,237 [INFO] IPUIPlugin:80 - create IPUIPlugin
2024-10-02 15:00:20,238 [INFO] IPUIPlugin:80 - create IPUIPlugin
2024-10-02 15:00:20,238 [INFO] IPUIPlugin:80 - create IPUIPlugin
2024-10-02 15:00:20,238 [INFO] IPUIPlugin:80 - create IPUIPlugin
2024-10-02 15:00:20,238 [INFO] IPUIPlugin:80 - create IPUIPlugin
2024-10-02 15:00:20,238 [INFO] IPUIPlugin:80 - create IPUIPlugin
2024-10-02 15:00:20,238 [INFO] IPUIPlugin:80 - create IPUIPlugin
2024-10-02 15:00:20,239 [INFO] IPUIPlugin:80 - create IPUIPlugin
2024-10-02 15:00:20,239 [INFO] IPUIPlugin:80 - create IPUIPlugin
2024-10-02 15:00:20,239 [INFO] IPUIPlugin:80 - create IPUIPlugin
2024-10-02 15:00:20,239 [INFO] IPUIPlugin:80 - create IPUIPlugin
2024-10-02 15:00:20,239 [INFO] IPUIPlugin:80 - create IPUIPlugin
2024-10-02 15:00:20,239 [INFO] IPUIPlugin:80 - create IPUIPlugin
2024-10-02 15:00:20,239 [INFO] IPUIPlugin:80 - create IPUIPlugin
2024-10-02 15:00:20,240 [INFO] IPUIPlugin:80 - create IPUIPlugin
2024-10-02 15:00:20,240 [INFO] IPUIPlugin:80 - create IPUIPlugin
2024-10-02 15:00:20,240 [INFO] IPUIPlugin:80 - create IPUIPlugin
2024-10-02 15:00:20,241 [INFO] IPUIPlugin:80 - create IPUIPlugin
2024-10-02 15:00:20,241 [INFO] IPUIPlugin:80 - create IPUIPlugin
2024-10-02 15:00:20,241 [INFO] IPUIPlugin:80 - create IPUIPlugin
2024-10-02 15:00:20,242 [INFO] IPUIPlugin:80 - create IPUIPlugin
2024-10-02 15:00:20,243 [INFO] IPUIPlugin:80 - create IPUIPlugin
2024-10-02 15:00:20,243 [INFO] IPUIPlugin:80 - create IPUIPlugin
2024-10-02 15:00:20,244 [INFO] IPUIPlugin:80 - create IPUIPlugin
2024-10-02 15:00:20,245 [INFO] IPUIPlugin:80 - create IPUIPlugin
2024-10-02 15:00:20,245 [INFO] IPUIPlugin:80 - create IPUIPlugin
2024-10-02 15:00:20,245 [INFO] IPUIPlugin:80 - create IPUIPlugin
2024-10-02 15:00:20,246 [INFO] IPUIPlugin:80 - create IPUIPlugin
2024-10-02 15:00:20,246 [INFO] IPUIPlugin:80 - create IPUIPlugin
2024-10-02 15:00:20,247 [INFO] IPUIPlugin:80 - create IPUIPlugin
2024-10-02 15:00:20,247 [INFO] IPUIPlugin:80 - create IPUIPlugin
2024-10-02 15:00:20,247 [INFO] IPUIPlugin:80 - create IPUIPlugin
2024-10-02 15:00:20,247 [INFO] IPUIPlugin:80 - create IPUIPlugin
2024-10-02 15:00:20,247 [INFO] IPUIPlugin:80 - create IPUIPlugin
2024-10-02 15:00:20,248 [INFO] IPUIPlugin:80 - create IPUIPlugin
2024-10-02 15:00:20,248 [INFO] IPUIPlugin:80 - create IPUIPlugin
2024-10-02 15:00:20,249 [INFO] IPUIPlugin:80 - create IPUIPlugin
2024-10-02 15:00:20,249 [INFO] IPUIPlugin:80 - create IPUIPlugin
2024-10-02 15:00:20,249 [INFO] IPUIPlugin:80 - create IPUIPlugin
2024-10-02 15:00:20,249 [INFO] IPUIPlugin:80 - create IPUIPlugin
2024-10-02 15:00:20,250 [INFO] IPUIPlugin:80 - create IPUIPlugin
2024-10-02 15:00:20,250 [INFO] IPUIPlugin:80 - create IPUIPlugin
2024-10-02 15:00:20,250 [INFO] IPUIPlugin:80 - create IPUIPlugin
2024-10-02 15:00:20,251 [INFO] IPUIPlugin:80 - create IPUIPlugin
2024-10-02 15:00:20,251 [INFO] IPUIPlugin:80 - create IPUIPlugin
2024-10-02 15:00:20,252 [INFO] IPUIPlugin:80 - create IPUIPlugin
2024-10-02 15:00:20,253 [INFO] IPUIPlugin:80 - create IPUIPlugin
2024-10-02 15:00:20,253 [INFO] IPUIPlugin:80 - create IPUIPlugin
2024-10-02 15:00:20,254 [INFO] IPUIPlugin:80 - create IPUIPlugin
2024-10-02 15:00:20,254 [INFO] IPUIPlugin:80 - create IPUIPlugin
2024-10-02 15:00:20,255 [INFO] IPUIPlugin:80 - create IPUIPlugin
2024-10-02 15:00:20,255 [INFO] IPUIPlugin:80 - create IPUIPlugin
2024-10-02 15:00:20,256 [INFO] IPUIPlugin:80 - create IPUIPlugin
2024-10-02 15:00:20,291 [INFO] ApiDbMcu:508 - Load IP Config File for PDM2PCM
2024-10-02 15:00:20,419 [INFO] CADModel:165 - CPN selected for project levelSTM32F407VGT6
2024-10-02 15:00:20,419 [INFO] CADModel:114 - Register for checkConnection events
2024-10-02 15:00:20,485 [INFO] OpenFileManager:363 - Restore cursor
2024-10-02 15:00:20,523 [WARN] IP:2191 - DEVICE_SERIAL0_CDC_FS not found: check if there is a RefParameter without a condition.
2024-10-02 15:00:20,523 [WARN] IP:2191 - DEVICE_SERIAL1_CDC_FS not found: check if there is a RefParameter without a condition.
2024-10-02 15:00:20,523 [WARN] IP:2191 - DEVICE_SERIAL2_CDC_FS not found: check if there is a RefParameter without a condition.
2024-10-02 15:00:20,524 [WARN] IP:2191 - DEVICE_SERIAL0_CDC_FS not found: check if there is a RefParameter without a condition.
2024-10-02 15:00:20,524 [WARN] IP:2191 - DEVICE_SERIAL1_CDC_FS not found: check if there is a RefParameter without a condition.
2024-10-02 15:00:20,524 [WARN] IP:2191 - DEVICE_SERIAL2_CDC_FS not found: check if there is a RefParameter without a condition.
2024-10-02 15:00:28,302 [WARN] IP:2191 - DEVICE_SERIAL0_CDC_FS not found: check if there is a RefParameter without a condition.
2024-10-02 15:00:28,302 [WARN] IP:2191 - DEVICE_SERIAL1_CDC_FS not found: check if there is a RefParameter without a condition.
2024-10-02 15:00:28,302 [WARN] IP:2191 - DEVICE_SERIAL2_CDC_FS not found: check if there is a RefParameter without a condition.
2024-10-02 15:00:28,303 [WARN] IP:2191 - DEVICE_SERIAL0_CDC_FS not found: check if there is a RefParameter without a condition.
2024-10-02 15:00:28,303 [WARN] IP:2191 - DEVICE_SERIAL1_CDC_FS not found: check if there is a RefParameter without a condition.
2024-10-02 15:00:28,303 [WARN] IP:2191 - DEVICE_SERIAL2_CDC_FS not found: check if there is a RefParameter without a condition.
2024-10-02 15:00:28,347 [WARN] IP:2191 - DEVICE_SERIAL0_CDC_FS not found: check if there is a RefParameter without a condition.
2024-10-02 15:00:28,347 [WARN] IP:2191 - DEVICE_SERIAL1_CDC_FS not found: check if there is a RefParameter without a condition.
2024-10-02 15:00:28,347 [WARN] IP:2191 - DEVICE_SERIAL2_CDC_FS not found: check if there is a RefParameter without a condition.
2024-10-02 15:00:28,375 [WARN] IP:2191 - DEVICE_SERIAL0_CDC_FS not found: check if there is a RefParameter without a condition.
2024-10-02 15:00:28,375 [WARN] IP:2191 - DEVICE_SERIAL1_CDC_FS not found: check if there is a RefParameter without a condition.
2024-10-02 15:00:28,375 [WARN] IP:2191 - DEVICE_SERIAL2_CDC_FS not found: check if there is a RefParameter without a condition.
2024-10-02 15:00:33,034 [WARN] IP:2191 - DEVICE_SERIAL0_CDC_FS not found: check if there is a RefParameter without a condition.
2024-10-02 15:00:33,034 [WARN] IP:2191 - DEVICE_SERIAL1_CDC_FS not found: check if there is a RefParameter without a condition.
2024-10-02 15:00:33,034 [WARN] IP:2191 - DEVICE_SERIAL2_CDC_FS not found: check if there is a RefParameter without a condition.
2024-10-02 15:00:33,035 [WARN] IP:2191 - DEVICE_SERIAL0_CDC_FS not found: check if there is a RefParameter without a condition.
2024-10-02 15:00:33,036 [WARN] IP:2191 - DEVICE_SERIAL1_CDC_FS not found: check if there is a RefParameter without a condition.
2024-10-02 15:00:33,036 [WARN] IP:2191 - DEVICE_SERIAL2_CDC_FS not found: check if there is a RefParameter without a condition.
2024-10-02 15:00:33,078 [WARN] IP:2191 - DEVICE_SERIAL0_CDC_FS not found: check if there is a RefParameter without a condition.
2024-10-02 15:00:33,078 [WARN] IP:2191 - DEVICE_SERIAL1_CDC_FS not found: check if there is a RefParameter without a condition.
2024-10-02 15:00:33,078 [WARN] IP:2191 - DEVICE_SERIAL2_CDC_FS not found: check if there is a RefParameter without a condition.
2024-10-02 15:00:33,110 [WARN] IP:2191 - DEVICE_SERIAL0_CDC_FS not found: check if there is a RefParameter without a condition.
2024-10-02 15:00:33,110 [WARN] IP:2191 - DEVICE_SERIAL1_CDC_FS not found: check if there is a RefParameter without a condition.
2024-10-02 15:00:33,110 [WARN] IP:2191 - DEVICE_SERIAL2_CDC_FS not found: check if there is a RefParameter without a condition.
2024-10-02 15:33:41,064 [INFO] MainUpdater:2873 - connection check result : 10
2024-10-02 15:33:41,064 [INFO] MainUpdater:2873 - connection check result : 10
2024-10-02 15:33:41,082 [INFO] MicroXplorer:468 - Change Database Path : 
2024-10-02 15:33:41,083 [INFO] MicroXplorer:498 - Change Database Version : DB.6.0.121
2024-10-02 15:33:41,095 [ERROR] ProjectManagerView:394 - 
java.lang.NullPointerException: Cannot invoke "javax.swing.JTextField.getText()" because the return value of "java.util.List.get(int)" is null
	at com.st.microxplorer.plugins.projectmanager.gui.ProjectChoiceTab$10.caretUpdate(ProjectChoiceTab.java:2622) ~[filemanager.jar:?]
	at javax.swing.text.JTextComponent.fireCaretUpdate(JTextComponent.java:412) ~[?:?]
	at javax.swing.text.JTextComponent$MutableCaretEvent.fire(JTextComponent.java:4491) ~[?:?]
	at javax.swing.text.JTextComponent$MutableCaretEvent.stateChanged(JTextComponent.java:4513) ~[?:?]
	at javax.swing.text.DefaultCaret.fireStateChanged(DefaultCaret.java:842) ~[?:?]
	at javax.swing.text.DefaultCaret.changeCaretPosition(DefaultCaret.java:1313) ~[?:?]
	at javax.swing.text.DefaultCaret.handleSetDot(DefaultCaret.java:1212) ~[?:?]
	at javax.swing.text.DefaultCaret.setDot(DefaultCaret.java:1193) ~[?:?]
	at javax.swing.text.DefaultCaret$Handler.insertUpdate(DefaultCaret.java:1789) ~[?:?]
	at javax.swing.text.AbstractDocument.fireInsertUpdate(AbstractDocument.java:226) ~[?:?]
	at javax.swing.text.AbstractDocument.handleInsertString(AbstractDocument.java:780) ~[?:?]
	at javax.swing.text.AbstractDocument.insertString(AbstractDocument.java:739) ~[?:?]
	at javax.swing.text.PlainDocument.insertString(PlainDocument.java:131) ~[?:?]
	at javax.swing.text.AbstractDocument.replace(AbstractDocument.java:698) ~[?:?]
	at javax.swing.text.JTextComponent.setText(JTextComponent.java:1729) ~[?:?]
	at com.st.microxplorer.plugins.projectmanager.gui.ProjectChoiceTab.createHeapStackFields(ProjectChoiceTab.java:972) ~[filemanager.jar:?]
	at com.st.microxplorer.plugins.projectmanager.gui.ProjectChoiceTab.buildLinkSettingsPanel(ProjectChoiceTab.java:3597) ~[filemanager.jar:?]
	at com.st.microxplorer.plugins.projectmanager.gui.ProjectChoiceTab.defineWindowsFields(ProjectChoiceTab.java:1940) ~[filemanager.jar:?]
	at com.st.microxplorer.plugins.projectmanager.gui.ProjectChoiceTab.updateSettings(ProjectChoiceTab.java:550) ~[filemanager.jar:?]
	at com.st.microxplorer.plugins.projectmanager.gui.ProjectSettingsPanel.UpdateDialog(ProjectSettingsPanel.java:245) ~[filemanager.jar:?]
	at com.st.microxplorer.plugins.projectmanager.ProjectManagerView.propertyChange(ProjectManagerView.java:391) ~[filemanager.jar:?]
	at java.beans.PropertyChangeSupport.fire(PropertyChangeSupport.java:343) ~[?:?]
	at java.beans.PropertyChangeSupport.firePropertyChange(PropertyChangeSupport.java:335) ~[?:?]
	at java.beans.PropertyChangeSupport.firePropertyChange(PropertyChangeSupport.java:268) ~[?:?]
	at com.st.microxplorer.util.MXPropertyChangeSupport.firePropertyChange(MXPropertyChangeSupport.java:54) ~[STM32CubeMX.jar:?]
	at com.st.microxplorer.mxsystem.MxSystem.closeConfig(MxSystem.java:900) ~[STM32CubeMX.jar:?]
	at com.st.microxplorer.maingui.MainPanel.closeConfig(MainPanel.java:781) ~[STM32CubeMX.jar:?]
	at com.st.microxplorer.plugins.filemanager.engine.OpenFileManager.loadConfigurationFile(OpenFileManager.java:265) ~[filemanager.jar:?]
	at com.st.microxplorer.plugins.filemanager.engine.MainFileManager.userLoadConfig(MainFileManager.java:352) ~[filemanager.jar:?]
	at com.st.microxplorer.plugins.filemanager.engine.MainFileManager.userLoadConfig(MainFileManager.java:330) ~[filemanager.jar:?]
	at com.st.microxplorer.plugins.filemanager.FileManagerView.getSpecificTask(FileManagerView.java:246) ~[filemanager.jar:?]
	at com.st.stm32cube.common.mx.editor.CubeMxEditor.getMxTabbedPaneInstance(CubeMxEditor.java:1198) ~[com.st.stm32cube.common.mx_6.12.1.202409122256/:?]
	at com.st.stm32cube.common.mx.editor.CubeMxEditor$12$1.createSwingComponent(CubeMxEditor.java:1068) ~[com.st.stm32cube.common.mx_6.12.1.202409122256/:?]
	at com.st.stm32cube.common.mx.oss.core.awtswtbridge.EmbeddedSwingComposite.doComponentCreation(EmbeddedSwingComposite.java:492) ~[com.st.stm32cube.common.mx.oss_6.12.1.202409122256/:?]
	at com.st.stm32cube.common.mx.oss.core.awtswtbridge.EmbeddedSwingComposite$4.run(EmbeddedSwingComposite.java:291) ~[com.st.stm32cube.common.mx.oss_6.12.1.202409122256/:?]
	at com.st.stm32cube.common.mx.oss.core.awtswtbridge.AwtEnvironment$2.run(AwtEnvironment.java:166) ~[com.st.stm32cube.common.mx.oss_6.12.1.202409122256/:?]
	at java.awt.event.InvocationEvent.dispatch(InvocationEvent.java:318) ~[?:?]
	at java.awt.EventQueue.dispatchEventImpl(EventQueue.java:773) ~[?:?]
	at java.awt.EventQueue$4.run(EventQueue.java:720) ~[?:?]
	at java.awt.EventQueue$4.run(EventQueue.java:714) ~[?:?]
	at java.security.AccessController.doPrivileged(AccessController.java:399) ~[?:?]
	at java.security.ProtectionDomain$JavaSecurityAccessImpl.doIntersectionPrivilege(ProtectionDomain.java:86) ~[?:?]
	at java.awt.EventQueue.dispatchEvent(EventQueue.java:742) ~[?:?]
	at java.awt.EventDispatchThread.pumpOneEventForFilters(EventDispatchThread.java:203) ~[?:?]
	at java.awt.EventDispatchThread.pumpEventsForFilter(EventDispatchThread.java:124) ~[?:?]
	at java.awt.EventDispatchThread.pumpEventsForHierarchy(EventDispatchThread.java:113) ~[?:?]
	at java.awt.EventDispatchThread.pumpEvents(EventDispatchThread.java:109) ~[?:?]
	at java.awt.EventDispatchThread.pumpEvents(EventDispatchThread.java:101) ~[?:?]
	at java.awt.EventDispatchThread.run(EventDispatchThread.java:90) ~[?:?]
2024-10-02 15:33:41,096 [WARN] ThirdParty:871 - waiting for thirdparty lock release [close project]
2024-10-02 15:33:41,096 [INFO] ThirdParty:873 - entering critical section [close project]
2024-10-02 15:33:41,096 [INFO] ThirdParty:883 - exiting critical section [close project]
2024-10-02 15:33:41,097 [INFO] PinOutPanel:1561 - setPackage(No Configuration,No Configuration)
2024-10-02 15:33:41,104 [WARN] IpParametersView:151 - Warning: This peripheral hasn't parameters
2024-10-02 15:33:41,108 [WARN] MainPanel:284 - <html><b><center>Warning: This peripheral has no parameters to be configured<br></b></html>
2024-10-02 15:33:41,111 [INFO] UtilMem:75 - Begin LoadConfig() Used Memory: 463159432 Bytes (1063256064)
2024-10-02 15:33:41,112 [INFO] MicroXplorer:468 - Change Database Path : 
2024-10-02 15:33:41,112 [INFO] MicroXplorer:498 - Change Database Version : DB.6.0.121
2024-10-02 15:33:41,113 [INFO] OpenFileManager:332 - Change cursor
2024-10-02 15:33:41,143 [INFO] Mcu:2032 - Initializing MCU STM32F407V(E-G)Tx STM32F407VGTx STM32F407VGT6
2024-10-02 15:33:43,077 [INFO] Context:742 - Trying to add GPIOservice into a context  which must be forbidden
2024-10-02 15:33:43,702 [INFO] RtosManager:555 - Registered RTOS mode: class=CMSIS, group=RTOS, mode=CMSIS_V1, owner=FREERTOS
2024-10-02 15:33:43,702 [INFO] RtosManager:555 - Registered RTOS mode: class=CMSIS, group=RTOS2, mode=CMSIS_V2, owner=FREERTOS
2024-10-02 15:33:43,702 [INFO] RtosManager:555 - Registered RTOS mode: class=RTOS, group=Core, mode=CMSIS_V1, owner=FREERTOS
2024-10-02 15:33:43,702 [INFO] RtosManager:555 - Registered RTOS mode: class=RTOS, group=Core, mode=CMSIS_V2, owner=FREERTOS
2024-10-02 15:33:43,702 [WARN] ModelIntegratedComponent:184 - Missing modes for component STMicroelectronics:FreeRTOS:0.0.1:STMicroelectronics:RTOS:FreeRTOS:Core:::10.2.0:
2024-10-02 15:33:43,715 [WARN] ModelIntegratedComponent:63 - No mode defined for component null
2024-10-02 15:33:43,715 [WARN] ModelIntegratedComponent:63 - No mode defined for component null
2024-10-02 15:33:43,715 [WARN] ModelIntegratedComponent:63 - No mode defined for component null
2024-10-02 15:33:43,715 [WARN] ModelIntegratedComponent:63 - No mode defined for component null
2024-10-02 15:33:43,715 [WARN] ModelIntegratedComponent:63 - No mode defined for component null
2024-10-02 15:33:43,715 [WARN] ModelIntegratedComponent:63 - No mode defined for component null
2024-10-02 15:33:43,715 [WARN] ModelIntegratedComponent:63 - No mode defined for component null
2024-10-02 15:33:43,715 [WARN] ModelIntegratedComponent:63 - No mode defined for component null
2024-10-02 15:33:43,715 [WARN] ModelIntegratedComponent:63 - No mode defined for component null
2024-10-02 15:33:43,715 [WARN] ModelIntegratedComponent:63 - No mode defined for component null
2024-10-02 15:33:43,715 [WARN] ModelIntegratedComponent:63 - No mode defined for component null
2024-10-02 15:33:43,715 [WARN] ModelIntegratedComponent:63 - No mode defined for component null
2024-10-02 15:33:43,715 [WARN] ModelIntegratedComponent:63 - No mode defined for component null
2024-10-02 15:33:43,715 [WARN] ModelIntegratedComponent:63 - No mode defined for component null
2024-10-02 15:33:43,715 [WARN] ModelIntegratedComponent:63 - No mode defined for component null
2024-10-02 15:33:43,715 [WARN] ModelIntegratedComponent:63 - No mode defined for component null
2024-10-02 15:33:43,715 [WARN] ModelIntegratedComponent:63 - No mode defined for component null
2024-10-02 15:33:43,715 [WARN] ModelIntegratedComponent:63 - No mode defined for component null
2024-10-02 15:33:43,715 [WARN] ModelIntegratedComponent:63 - No mode defined for component null
2024-10-02 15:33:43,715 [WARN] ModelIntegratedComponent:63 - No mode defined for component null
2024-10-02 15:33:43,715 [WARN] ModelIntegratedComponent:63 - No mode defined for component null
2024-10-02 15:33:43,715 [WARN] ModelIntegratedComponent:63 - No mode defined for component null
2024-10-02 15:33:43,716 [WARN] ModelIntegratedComponent:63 - No mode defined for component null
2024-10-02 15:33:43,716 [WARN] ModelIntegratedComponent:63 - No mode defined for component null
2024-10-02 15:33:43,716 [WARN] ModelIntegratedComponent:63 - No mode defined for component null
2024-10-02 15:33:43,716 [WARN] ModelIntegratedComponent:63 - No mode defined for component null
2024-10-02 15:33:43,716 [WARN] ModelIntegratedComponent:63 - No mode defined for component null
2024-10-02 15:33:43,716 [WARN] ModelIntegratedComponent:63 - No mode defined for component null
2024-10-02 15:33:43,716 [WARN] ModelIntegratedComponent:63 - No mode defined for component null
2024-10-02 15:33:43,716 [WARN] ModelIntegratedComponent:63 - No mode defined for component null
2024-10-02 15:33:43,716 [WARN] ModelIntegratedComponent:63 - No mode defined for component null
2024-10-02 15:33:43,716 [WARN] ModelIntegratedComponent:63 - No mode defined for component null
2024-10-02 15:33:43,716 [WARN] ModelIntegratedComponent:63 - No mode defined for component null
2024-10-02 15:33:43,716 [WARN] ModelIntegratedComponent:63 - No mode defined for component null
2024-10-02 15:33:43,716 [WARN] ModelIntegratedComponent:63 - No mode defined for component null
2024-10-02 15:33:43,716 [WARN] ModelPack:524 - Component already loaded: STMicroelectronics:HAL Drivers:0.0.0:STMicroelectronics:Device:STMicro_Driver:XSPI:HAL::0.0.1:HAL_XSPI
2024-10-02 15:33:43,745 [INFO] ThirdPartyModel:298 - Start build external matchings
2024-10-02 15:33:44,634 [INFO] ThirdPartyModel:316 - End build external matchings
2024-10-02 15:33:44,649 [INFO] ImportTextPane:205 - (OptionalMessage_ERROR) IP (RCC) : Parameter (RTCHSEDivFreq_Value) has invalid value (4000000)
2024-10-02 15:33:44,650 [WARN] IP:2191 - DEVICE_SERIAL0_CDC_FS not found: check if there is a RefParameter without a condition.
2024-10-02 15:33:44,650 [WARN] IP:2191 - DEVICE_SERIAL1_CDC_FS not found: check if there is a RefParameter without a condition.
2024-10-02 15:33:44,650 [WARN] IP:2191 - DEVICE_SERIAL2_CDC_FS not found: check if there is a RefParameter without a condition.
2024-10-02 15:33:45,103 [INFO] UtilMem:75 - End LoadConfig() Used Memory: 353523832 Bytes (1073741824)
2024-10-02 15:33:45,143 [WARN] ThirdParty:833 - waiting for thirdparty lock release [change project]
2024-10-02 15:33:45,143 [INFO] ThirdParty:835 - entering critical section [change project]
2024-10-02 15:33:45,144 [INFO] ThirdParty:1030 - CMSIS Pack Vendor :STMicroelectronics X-CUBE-ISPU 1.1.0
2024-10-02 15:33:45,144 [INFO] ThirdParty:1030 - CMSIS Pack Vendor :STMicroelectronics USBPD 4.1
2024-10-02 15:33:45,144 [INFO] ThirdParty:1030 - CMSIS Pack Vendor :STMicroelectronics X-CUBE-AZRTOS-H7 3.3.0
2024-10-02 15:33:45,144 [INFO] ThirdParty:1030 - CMSIS Pack Vendor :STMicroelectronics X-CUBE-NFC9 1.0.0
2024-10-02 15:33:45,144 [INFO] ThirdParty:1030 - CMSIS Pack Vendor :STMicroelectronics X-CUBE-GNSS1 6.0.0
2024-10-02 15:33:45,144 [INFO] ThirdParty:1030 - CMSIS Pack Vendor :STMicroelectronics USB_HOST 2.0.0
2024-10-02 15:33:45,144 [INFO] ThirdParty:1030 - CMSIS Pack Vendor :STMicroelectronics FP-SNS-MOTENVWB1 1.4.0
2024-10-02 15:33:45,144 [INFO] ThirdParty:1030 - CMSIS Pack Vendor :STMicroelectronics X-CUBE-AZRTOS-F4 1.1.0
2024-10-02 15:33:45,144 [INFO] ThirdParty:1030 - CMSIS Pack Vendor :STMicroelectronics LIBJPEG 8.0.0
2024-10-02 15:33:45,144 [INFO] ThirdParty:1030 - CMSIS Pack Vendor :STMicroelectronics X-CUBE-SMBUS 2.1.0
2024-10-02 15:33:45,144 [INFO] ThirdParty:1030 - CMSIS Pack Vendor :wolfSSL I-CUBE-wolfSSL 5.6.0
2024-10-02 15:33:45,144 [INFO] ThirdParty:1030 - CMSIS Pack Vendor :STMicroelectronics USB_DEVICE 3.0.0
2024-10-02 15:33:45,144 [INFO] ThirdParty:1030 - CMSIS Pack Vendor :STMicroelectronics X-CUBE-TCPP 4.1.0
2024-10-02 15:33:45,144 [INFO] ThirdParty:1030 - CMSIS Pack Vendor :STMicroelectronics X-CUBE-ISPU 2.1.0
2024-10-02 15:33:45,144 [INFO] ThirdParty:1030 - CMSIS Pack Vendor :STMicroelectronics X-CUBE-FREERTOS 1.2.0
2024-10-02 15:33:45,144 [INFO] ThirdParty:1030 - CMSIS Pack Vendor :STMicroelectronics X-CUBE-AZRTOS-WB 2.0.0
2024-10-02 15:33:45,144 [INFO] ThirdParty:1030 - CMSIS Pack Vendor :STMicroelectronics X-CUBE-FREERTOS 1.0.1
2024-10-02 15:33:45,144 [INFO] ThirdParty:1030 - CMSIS Pack Vendor :STMicroelectronics X-CUBE-GNSS1 7.0.0
2024-10-02 15:33:45,144 [INFO] ThirdParty:1030 - CMSIS Pack Vendor :STMicroelectronics X-CUBE-AZRTOS-F7 1.1.0
2024-10-02 15:33:45,144 [INFO] ThirdParty:1030 - CMSIS Pack Vendor :STMicroelectronics X-CUBE-TOUCHGFX 4.21.4
2024-10-02 15:33:45,145 [INFO] ThirdParty:1030 - CMSIS Pack Vendor :STMicroelectronics X-CUBE-AZRTOS-L5 2.0.0
2024-10-02 15:33:45,145 [INFO] ThirdParty:1030 - CMSIS Pack Vendor :STMicroelectronics USB_DEVICE 2.0.0
2024-10-02 15:33:45,145 [INFO] ThirdParty:1030 - CMSIS Pack Vendor :STMicroelectronics X-CUBE-MEMS1 9.6.0
2024-10-02 15:33:45,145 [INFO] ThirdParty:1030 - CMSIS Pack Vendor :STMicroelectronics X-CUBE-NFC6 3.1.0
2024-10-02 15:33:45,145 [INFO] ThirdParty:1030 - CMSIS Pack Vendor :STMicroelectronics FP-SNS-STBOX1 2.0.0
2024-10-02 15:33:45,145 [INFO] ThirdParty:1030 - CMSIS Pack Vendor :STMicroelectronics FP-SNS-MOTENV1 4.3.1
2024-10-02 15:33:45,145 [INFO] ThirdParty:1030 - CMSIS Pack Vendor :STMicroelectronics FP-SNS-FLIGHT1 5.0.1
2024-10-02 15:33:45,145 [INFO] ThirdParty:1030 - CMSIS Pack Vendor :STMicroelectronics X-CUBE-ALGOBUILD 1.3.0
2024-10-02 15:33:45,145 [INFO] ThirdParty:1030 - CMSIS Pack Vendor :STMicroelectronics X-CUBE-MEMS1 11.0.0
2024-10-02 15:33:45,145 [INFO] ThirdParty:1030 - CMSIS Pack Vendor :STMicroelectronics X-CUBE-BLE1 6.2.4
2024-10-02 15:33:45,145 [INFO] ThirdParty:1030 - CMSIS Pack Vendor :STMicroelectronics X-CUBE-AZRTOS-L5 1.1.0
2024-10-02 15:33:45,145 [INFO] ThirdParty:1030 - CMSIS Pack Vendor :STMicroelectronics FreeRTOS 0.0.1
2024-10-02 15:33:45,145 [INFO] ThirdParty:1030 - CMSIS Pack Vendor :STMicroelectronics X-CUBE-AZRTOS-G0 1.1.0
2024-10-02 15:33:45,145 [INFO] ThirdParty:1030 - CMSIS Pack Vendor :emotas I-CUBE-CANOPEN 1.1.3
2024-10-02 15:33:45,145 [INFO] ThirdParty:1030 - CMSIS Pack Vendor :STMicroelectronics X-CUBE-BLEMGR 2.0.0
2024-10-02 15:33:45,145 [INFO] ThirdParty:1030 - CMSIS Pack Vendor :STMicroelectronics X-CUBE-AI 8.0.1
2024-10-02 15:33:45,145 [INFO] ThirdParty:1030 - CMSIS Pack Vendor :STMicroelectronics X-CUBE-SAFEA1 1.2.2
2024-10-02 15:33:45,145 [INFO] ThirdParty:1030 - CMSIS Pack Vendor :STMicroelectronics X-CUBE-NFC4 3.0.0
2024-10-02 15:33:45,145 [INFO] ThirdParty:1030 - CMSIS Pack Vendor :STMicroelectronics X-CUBE-DPower 1.2.0
2024-10-02 15:33:45,145 [INFO] ThirdParty:1030 - CMSIS Pack Vendor :STMicroelectronics X-CUBE-SUBG2 5.0.0
2024-10-02 15:33:45,145 [INFO] ThirdParty:1030 - CMSIS Pack Vendor :STMicroelectronics STM32_WPAN 1.0.0
2024-10-02 15:33:45,146 [INFO] ThirdParty:1030 - CMSIS Pack Vendor :EmbeddedOffice I-CUBE-FS-RTOS 1.0.1
2024-10-02 15:33:45,146 [INFO] ThirdParty:1030 - CMSIS Pack Vendor :STMicroelectronics lwIP 2.0.3
2024-10-02 15:33:45,146 [INFO] ThirdParty:1030 - CMSIS Pack Vendor :STMicroelectronics FP-SNS-FLIGHT1 5.0.2
2024-10-02 15:33:45,146 [INFO] ThirdParty:1030 - CMSIS Pack Vendor :Cesanta I-CUBE-Mongoose 7.13.0
2024-10-02 15:33:45,146 [INFO] ThirdParty:1030 - CMSIS Pack Vendor :STMicroelectronics USB_HOST 1.0.0
2024-10-02 15:33:45,146 [INFO] ThirdParty:1030 - CMSIS Pack Vendor :STMicroelectronics X-CUBE-AI 9.0.0
2024-10-02 15:33:45,146 [INFO] ThirdParty:1030 - CMSIS Pack Vendor :STMicroelectronics X-CUBE-AZRTOS-G4 2.0.0
2024-10-02 15:33:45,146 [INFO] ThirdParty:1030 - CMSIS Pack Vendor :STMicroelectronics PDM2PCM 3.1.0
2024-10-02 15:33:45,146 [INFO] ThirdParty:1030 - CMSIS Pack Vendor :STMicroelectronics X-CUBE-AZRTOS-H7 3.1.0
2024-10-02 15:33:45,146 [INFO] ThirdParty:1030 - CMSIS Pack Vendor :STMicroelectronics X-CUBE-TOF1 3.3.0
2024-10-02 15:33:45,146 [INFO] ThirdParty:1030 - CMSIS Pack Vendor :STMicroelectronics PDM2PCM 3.3.0
2024-10-02 15:33:45,146 [INFO] ThirdParty:1030 - CMSIS Pack Vendor :STMicroelectronics X-CUBE-DISPLAY 3.0.0
2024-10-02 15:33:45,146 [INFO] ThirdParty:1030 - CMSIS Pack Vendor :RealThread X-CUBE-RT-Thread_Nano 4.1.1
2024-10-02 15:33:45,146 [INFO] ThirdParty:1030 - CMSIS Pack Vendor :STMicroelectronics X-CUBE-BLE1 7.0.0
2024-10-02 15:33:45,146 [INFO] ThirdParty:1030 - CMSIS Pack Vendor :STMicroelectronics FP-ATR-SIGFOX1 3.2.0
2024-10-02 15:33:45,146 [INFO] ThirdParty:1030 - CMSIS Pack Vendor :STMicroelectronics X-CUBE-NFC10 1.0.0
2024-10-02 15:33:45,146 [INFO] ThirdParty:1030 - CMSIS Pack Vendor :STMicroelectronics X-CUBE-EEPRMA1 5.1.0
2024-10-02 15:33:45,146 [INFO] ThirdParty:1030 - CMSIS Pack Vendor :STMicroelectronics HAL Drivers 0.0.0
2024-10-02 15:33:45,146 [INFO] ThirdParty:1030 - CMSIS Pack Vendor :STMicroelectronics MBEDTLS 2.16.2
2024-10-02 15:33:45,146 [INFO] ThirdParty:1030 - CMSIS Pack Vendor :STMicroelectronics X-CUBE-ALS 1.0.2
2024-10-02 15:33:45,146 [INFO] ThirdParty:1030 - CMSIS Pack Vendor :STMicroelectronics X-CUBE-NFC7 1.0.1
2024-10-02 15:33:45,146 [INFO] ThirdParty:1030 - CMSIS Pack Vendor :STMicroelectronics MBEDTLS 2.14.1
2024-10-02 15:33:45,146 [INFO] ThirdParty:1030 - CMSIS Pack Vendor :ITTIA_DB I-CUBE-ITTIADB 8.9.0
2024-10-02 15:33:45,146 [INFO] ThirdParty:1030 - CMSIS Pack Vendor :STMicroelectronics X-CUBE-TOUCHGFX 4.24.1
2024-10-02 15:33:45,146 [INFO] ThirdParty:1030 - CMSIS Pack Vendor :wolfSSL I-CUBE-wolfTPM 3.4.0
2024-10-02 15:33:45,147 [INFO] ThirdParty:1030 - CMSIS Pack Vendor :STMicroelectronics X-CUBE-EEPRMA1 4.1.0
2024-10-02 15:33:45,147 [INFO] ThirdParty:1030 - CMSIS Pack Vendor :portGmbH I-Cube-SoM-uGOAL 1.1.0
2024-10-02 15:33:45,147 [INFO] ThirdParty:1030 - CMSIS Pack Vendor :STMicroelectronics X-CUBE-ALS 1.0.1
2024-10-02 15:33:45,147 [INFO] ThirdParty:1030 - CMSIS Pack Vendor :STMicroelectronics X-CUBE-BLEMGR 3.1.0
2024-10-02 15:33:45,147 [INFO] ThirdParty:1030 - CMSIS Pack Vendor :STMicroelectronics ThreadX 1.0.0
2024-10-02 15:33:45,147 [INFO] ThirdParty:1030 - CMSIS Pack Vendor :STMicroelectronics FP-SNS-SMARTAG2 1.2.0
2024-10-02 15:33:45,147 [INFO] ThirdParty:1030 - CMSIS Pack Vendor :STMicroelectronics X-CUBE-AZRTOS-WB 1.1.0
2024-10-02 15:33:45,147 [INFO] ThirdParty:1030 - CMSIS Pack Vendor :STMicroelectronics X-CUBE-AZRTOS-WL 2.0.0
2024-10-02 15:33:45,147 [INFO] ThirdParty:1030 - CMSIS Pack Vendor :SEGGER I-CUBE-embOS 1.3.1
2024-10-02 15:33:45,147 [INFO] ThirdParty:1030 - CMSIS Pack Vendor :STMicroelectronics X-CUBE-ALGOBUILD 1.4.0
2024-10-02 15:33:45,147 [INFO] ThirdParty:1030 - CMSIS Pack Vendor :STMicroelectronics FP-SNS-MOTENV1 5.0.0
2024-10-02 15:33:45,147 [INFO] ThirdParty:1030 - CMSIS Pack Vendor :STMicroelectronics USB_DEVICE 1.0.0
2024-10-02 15:33:45,147 [INFO] ThirdParty:1030 - CMSIS Pack Vendor :STMicroelectronics X-CUBE-AZRTOS-H7RS 1.0.0
2024-10-02 15:33:45,147 [INFO] ThirdParty:1030 - CMSIS Pack Vendor :wolfSSL I-CUBE-wolfMQTT 1.19.0
2024-10-02 15:33:45,147 [INFO] ThirdParty:1030 - CMSIS Pack Vendor :STMicroelectronics X-CUBE-AZRTOS-L4 2.0.0
2024-10-02 15:33:45,147 [INFO] ThirdParty:1030 - CMSIS Pack Vendor :STMicroelectronics ThreadX 0.0.2
2024-10-02 15:33:45,147 [INFO] ThirdParty:1030 - CMSIS Pack Vendor :WES I-CUBE-Cesium 1.3.0
2024-10-02 15:33:45,147 [INFO] ThirdParty:1030 - CMSIS Pack Vendor :STMicroelectronics FP-ATR-ASTRA1 2.0.0
2024-10-02 15:33:45,147 [INFO] ThirdParty:1030 - CMSIS Pack Vendor :STMicroelectronics lwIP 2.1.2
2024-10-02 15:33:45,147 [INFO] ThirdParty:1030 - CMSIS Pack Vendor :STMicroelectronics X-CUBE-SFXS2LP1 4.0.0
2024-10-02 15:33:45,147 [INFO] ThirdParty:1030 - CMSIS Pack Vendor :STMicroelectronics X-CUBE-BLE2 3.3.0
2024-10-02 15:33:45,147 [INFO] ThirdParty:1030 - CMSIS Pack Vendor :STMicroelectronics X-CUBE-TOF1 3.4.2
2024-10-02 15:33:45,147 [INFO] ThirdParty:1030 - CMSIS Pack Vendor :Infineon AIROC-Wi-Fi-Bluetooth-STM32 1.6.1
2024-10-02 15:33:45,147 [INFO] ThirdParty:1030 - CMSIS Pack Vendor :STMicroelectronics PDM2PCM 3.2.0
2024-10-02 15:33:45,147 [INFO] ThirdParty:1030 - CMSIS Pack Vendor :wolfSSL I-CUBE-wolfSSH 1.4.17
2024-10-02 15:33:45,147 [INFO] ThirdParty:841 - exiting critical section [change project]
2024-10-02 15:33:45,463 [INFO] PinOutPanel:1561 - setPackage(No Configuration,No Configuration)
2024-10-02 15:33:45,463 [INFO] PinOutPanel:1561 - setPackage(STM32F407VGTx,LQFP100)
2024-10-02 15:33:45,712 [INFO] UtilMem:75 - Before build in PCC Used Memory: 370472944 Bytes (1073741824)
2024-10-02 15:33:45,999 [INFO] UtilMem:75 - After build in PCC Used Memory: 414513136 Bytes (1073741824)
2024-10-02 15:33:46,010 [INFO] ApiDbMcu:508 - Load IP Config File for USB_DEVICE
2024-10-02 15:33:46,073 [INFO] IPUIPlugin:80 - create IPUIPlugin
2024-10-02 15:33:46,073 [INFO] IPUIPlugin:80 - create IPUIPlugin
2024-10-02 15:33:46,073 [INFO] IPUIPlugin:80 - create IPUIPlugin
2024-10-02 15:33:46,073 [INFO] IPUIPlugin:80 - create IPUIPlugin
2024-10-02 15:33:46,073 [INFO] IPUIPlugin:80 - create IPUIPlugin
2024-10-02 15:33:46,073 [INFO] IPUIPlugin:80 - create IPUIPlugin
2024-10-02 15:33:46,073 [INFO] IPUIPlugin:80 - create IPUIPlugin
2024-10-02 15:33:46,074 [INFO] IPUIPlugin:80 - create IPUIPlugin
2024-10-02 15:33:46,074 [INFO] IPUIPlugin:80 - create IPUIPlugin
2024-10-02 15:33:46,074 [INFO] IPUIPlugin:80 - create IPUIPlugin
2024-10-02 15:33:46,074 [INFO] IPUIPlugin:80 - create IPUIPlugin
2024-10-02 15:33:46,074 [INFO] IPUIPlugin:80 - create IPUIPlugin
2024-10-02 15:33:46,074 [INFO] IPUIPlugin:80 - create IPUIPlugin
2024-10-02 15:33:46,074 [INFO] IPUIPlugin:80 - create IPUIPlugin
2024-10-02 15:33:46,075 [INFO] IPUIPlugin:80 - create IPUIPlugin
2024-10-02 15:33:46,075 [INFO] IPUIPlugin:80 - create IPUIPlugin
2024-10-02 15:33:46,075 [INFO] IPUIPlugin:80 - create IPUIPlugin
2024-10-02 15:33:46,075 [INFO] IPUIPlugin:80 - create IPUIPlugin
2024-10-02 15:33:46,075 [INFO] IPUIPlugin:80 - create IPUIPlugin
2024-10-02 15:33:46,076 [INFO] IPUIPlugin:80 - create IPUIPlugin
2024-10-02 15:33:46,076 [INFO] IPUIPlugin:80 - create IPUIPlugin
2024-10-02 15:33:46,076 [INFO] IPUIPlugin:80 - create IPUIPlugin
2024-10-02 15:33:46,077 [INFO] IPUIPlugin:80 - create IPUIPlugin
2024-10-02 15:33:46,077 [INFO] IPUIPlugin:80 - create IPUIPlugin
2024-10-02 15:33:46,077 [INFO] IPUIPlugin:80 - create IPUIPlugin
2024-10-02 15:33:46,078 [INFO] IPUIPlugin:80 - create IPUIPlugin
2024-10-02 15:33:46,078 [INFO] IPUIPlugin:80 - create IPUIPlugin
2024-10-02 15:33:46,079 [INFO] IPUIPlugin:80 - create IPUIPlugin
2024-10-02 15:33:46,079 [INFO] IPUIPlugin:80 - create IPUIPlugin
2024-10-02 15:33:46,079 [INFO] IPUIPlugin:80 - create IPUIPlugin
2024-10-02 15:33:46,080 [INFO] IPUIPlugin:80 - create IPUIPlugin
2024-10-02 15:33:46,080 [INFO] IPUIPlugin:80 - create IPUIPlugin
2024-10-02 15:33:46,081 [INFO] IPUIPlugin:80 - create IPUIPlugin
2024-10-02 15:33:46,081 [INFO] IPUIPlugin:80 - create IPUIPlugin
2024-10-02 15:33:46,081 [INFO] IPUIPlugin:80 - create IPUIPlugin
2024-10-02 15:33:46,082 [INFO] IPUIPlugin:80 - create IPUIPlugin
2024-10-02 15:33:46,082 [INFO] IPUIPlugin:80 - create IPUIPlugin
2024-10-02 15:33:46,083 [INFO] IPUIPlugin:80 - create IPUIPlugin
2024-10-02 15:33:46,083 [INFO] IPUIPlugin:80 - create IPUIPlugin
2024-10-02 15:33:46,083 [INFO] IPUIPlugin:80 - create IPUIPlugin
2024-10-02 15:33:46,084 [INFO] IPUIPlugin:80 - create IPUIPlugin
2024-10-02 15:33:46,084 [INFO] IPUIPlugin:80 - create IPUIPlugin
2024-10-02 15:33:46,085 [INFO] IPUIPlugin:80 - create IPUIPlugin
2024-10-02 15:33:46,085 [INFO] IPUIPlugin:80 - create IPUIPlugin
2024-10-02 15:33:46,086 [INFO] IPUIPlugin:80 - create IPUIPlugin
2024-10-02 15:33:46,087 [INFO] IPUIPlugin:80 - create IPUIPlugin
2024-10-02 15:33:46,087 [INFO] IPUIPlugin:80 - create IPUIPlugin
2024-10-02 15:33:46,088 [INFO] IPUIPlugin:80 - create IPUIPlugin
2024-10-02 15:33:46,089 [INFO] IPUIPlugin:80 - create IPUIPlugin
2024-10-02 15:33:46,090 [INFO] IPUIPlugin:80 - create IPUIPlugin
2024-10-02 15:33:46,090 [INFO] IPUIPlugin:80 - create IPUIPlugin
2024-10-02 15:33:46,091 [INFO] IPUIPlugin:80 - create IPUIPlugin
2024-10-02 15:33:46,092 [INFO] IPUIPlugin:80 - create IPUIPlugin
2024-10-02 15:33:46,092 [INFO] IPUIPlugin:80 - create IPUIPlugin
2024-10-02 15:33:46,093 [INFO] IPUIPlugin:80 - create IPUIPlugin
2024-10-02 15:33:46,094 [INFO] IPUIPlugin:80 - create IPUIPlugin
2024-10-02 15:33:46,095 [INFO] IPUIPlugin:80 - create IPUIPlugin
2024-10-02 15:33:46,096 [INFO] IPUIPlugin:80 - create IPUIPlugin
2024-10-02 15:33:46,099 [INFO] ApiDbMcu:508 - Load IP Config File for PDM2PCM
2024-10-02 15:33:46,214 [INFO] CADModel:165 - CPN selected for project levelSTM32F407VGT6
2024-10-02 15:33:46,214 [INFO] CADModel:114 - Register for checkConnection events
2024-10-02 15:33:46,285 [INFO] OpenFileManager:363 - Restore cursor
2024-10-02 15:33:46,315 [WARN] IP:2191 - DEVICE_SERIAL0_CDC_FS not found: check if there is a RefParameter without a condition.
2024-10-02 15:33:46,315 [WARN] IP:2191 - DEVICE_SERIAL1_CDC_FS not found: check if there is a RefParameter without a condition.
2024-10-02 15:33:46,315 [WARN] IP:2191 - DEVICE_SERIAL2_CDC_FS not found: check if there is a RefParameter without a condition.
2024-10-02 15:33:46,316 [WARN] IP:2191 - DEVICE_SERIAL0_CDC_FS not found: check if there is a RefParameter without a condition.
2024-10-02 15:33:46,317 [WARN] IP:2191 - DEVICE_SERIAL1_CDC_FS not found: check if there is a RefParameter without a condition.
2024-10-02 15:33:46,317 [WARN] IP:2191 - DEVICE_SERIAL2_CDC_FS not found: check if there is a RefParameter without a condition.
2024-10-02 16:16:11,921 [INFO] WebApp:189 - Connection lost
2024-10-02 16:16:12,421 [INFO] WebApp:186 - Connection restablished
2024-10-02 16:16:15,148 [INFO] WebApp:189 - Connection lost
2024-10-02 16:16:15,309 [INFO] WebApp:186 - Connection restablished
2024-10-02 17:01:29,356 [INFO] WebApp:189 - Connection lost
2024-10-02 17:01:29,581 [INFO] WebApp:186 - Connection restablished
2024-10-02 17:01:32,608 [INFO] WebApp:189 - Connection lost
2024-10-02 17:01:32,732 [INFO] WebApp:186 - Connection restablished
2024-10-02 21:26:39,663 [INFO] WebApp:189 - Connection lost
2024-10-02 21:26:40,985 [INFO] WebApp:186 - Connection restablished
2024-10-02 21:26:44,448 [INFO] WebApp:189 - Connection lost
2024-10-02 21:26:44,631 [INFO] WebApp:186 - Connection restablished
2024-10-02 21:51:03,138 [INFO] WebApp:189 - Connection lost
2024-10-02 21:51:03,420 [INFO] WebApp:186 - Connection restablished
2024-10-02 22:31:59,698 [INFO] WebApp:189 - Connection lost
2024-10-02 22:31:59,982 [INFO] WebApp:186 - Connection restablished
2024-10-02 22:32:36,670 [INFO] WebApp:189 - Connection lost
2024-10-02 22:32:36,857 [INFO] WebApp:186 - Connection restablished
