Archive member included to satisfy reference by file (symbol)

C:/ST/STM32CubeIDE_1.15.0/STM32CubeIDE/plugins/com.st.stm32cube.ide.mcu.externaltools.gnu-tools-for-stm32.12.3.rel1.win32_1.0.200.202406191623/tools/bin/../lib/gcc/arm-none-eabi/12.3.1/../../../../arm-none-eabi/lib/thumb/v7e-m+fp/hard\libc_nano.a(libc_a-exit.o)
                              C:/ST/STM32CubeIDE_1.15.0/STM32CubeIDE/plugins/com.st.stm32cube.ide.mcu.externaltools.gnu-tools-for-stm32.12.3.rel1.win32_1.0.200.202406191623/tools/bin/../lib/gcc/arm-none-eabi/12.3.1/../../../../arm-none-eabi/lib/thumb/v7e-m+fp/hard/crt0.o (exit)
C:/ST/STM32CubeIDE_1.15.0/STM32CubeIDE/plugins/com.st.stm32cube.ide.mcu.externaltools.gnu-tools-for-stm32.12.3.rel1.win32_1.0.200.202406191623/tools/bin/../lib/gcc/arm-none-eabi/12.3.1/../../../../arm-none-eabi/lib/thumb/v7e-m+fp/hard\libc_nano.a(libc_a-findfp.o)
                              C:/ST/STM32CubeIDE_1.15.0/STM32CubeIDE/plugins/com.st.stm32cube.ide.mcu.externaltools.gnu-tools-for-stm32.12.3.rel1.win32_1.0.200.202406191623/tools/bin/../lib/gcc/arm-none-eabi/12.3.1/../../../../arm-none-eabi/lib/thumb/v7e-m+fp/hard\libc_nano.a(libc_a-exit.o) (__stdio_exit_handler)
C:/ST/STM32CubeIDE_1.15.0/STM32CubeIDE/plugins/com.st.stm32cube.ide.mcu.externaltools.gnu-tools-for-stm32.12.3.rel1.win32_1.0.200.202406191623/tools/bin/../lib/gcc/arm-none-eabi/12.3.1/../../../../arm-none-eabi/lib/thumb/v7e-m+fp/hard\libc_nano.a(libc_a-fwalk.o)
                              C:/ST/STM32CubeIDE_1.15.0/STM32CubeIDE/plugins/com.st.stm32cube.ide.mcu.externaltools.gnu-tools-for-stm32.12.3.rel1.win32_1.0.200.202406191623/tools/bin/../lib/gcc/arm-none-eabi/12.3.1/../../../../arm-none-eabi/lib/thumb/v7e-m+fp/hard\libc_nano.a(libc_a-findfp.o) (_fwalk_sglue)
C:/ST/STM32CubeIDE_1.15.0/STM32CubeIDE/plugins/com.st.stm32cube.ide.mcu.externaltools.gnu-tools-for-stm32.12.3.rel1.win32_1.0.200.202406191623/tools/bin/../lib/gcc/arm-none-eabi/12.3.1/../../../../arm-none-eabi/lib/thumb/v7e-m+fp/hard\libc_nano.a(libc_a-stdio.o)
                              C:/ST/STM32CubeIDE_1.15.0/STM32CubeIDE/plugins/com.st.stm32cube.ide.mcu.externaltools.gnu-tools-for-stm32.12.3.rel1.win32_1.0.200.202406191623/tools/bin/../lib/gcc/arm-none-eabi/12.3.1/../../../../arm-none-eabi/lib/thumb/v7e-m+fp/hard\libc_nano.a(libc_a-findfp.o) (__sread)
C:/ST/STM32CubeIDE_1.15.0/STM32CubeIDE/plugins/com.st.stm32cube.ide.mcu.externaltools.gnu-tools-for-stm32.12.3.rel1.win32_1.0.200.202406191623/tools/bin/../lib/gcc/arm-none-eabi/12.3.1/../../../../arm-none-eabi/lib/thumb/v7e-m+fp/hard\libc_nano.a(libc_a-memset.o)
                              C:/ST/STM32CubeIDE_1.15.0/STM32CubeIDE/plugins/com.st.stm32cube.ide.mcu.externaltools.gnu-tools-for-stm32.12.3.rel1.win32_1.0.200.202406191623/tools/bin/../lib/gcc/arm-none-eabi/12.3.1/../../../../arm-none-eabi/lib/thumb/v7e-m+fp/hard/crt0.o (memset)
C:/ST/STM32CubeIDE_1.15.0/STM32CubeIDE/plugins/com.st.stm32cube.ide.mcu.externaltools.gnu-tools-for-stm32.12.3.rel1.win32_1.0.200.202406191623/tools/bin/../lib/gcc/arm-none-eabi/12.3.1/../../../../arm-none-eabi/lib/thumb/v7e-m+fp/hard\libc_nano.a(libc_a-closer.o)
                              C:/ST/STM32CubeIDE_1.15.0/STM32CubeIDE/plugins/com.st.stm32cube.ide.mcu.externaltools.gnu-tools-for-stm32.12.3.rel1.win32_1.0.200.202406191623/tools/bin/../lib/gcc/arm-none-eabi/12.3.1/../../../../arm-none-eabi/lib/thumb/v7e-m+fp/hard\libc_nano.a(libc_a-stdio.o) (_close_r)
C:/ST/STM32CubeIDE_1.15.0/STM32CubeIDE/plugins/com.st.stm32cube.ide.mcu.externaltools.gnu-tools-for-stm32.12.3.rel1.win32_1.0.200.202406191623/tools/bin/../lib/gcc/arm-none-eabi/12.3.1/../../../../arm-none-eabi/lib/thumb/v7e-m+fp/hard\libc_nano.a(libc_a-reent.o)
                              C:/ST/STM32CubeIDE_1.15.0/STM32CubeIDE/plugins/com.st.stm32cube.ide.mcu.externaltools.gnu-tools-for-stm32.12.3.rel1.win32_1.0.200.202406191623/tools/bin/../lib/gcc/arm-none-eabi/12.3.1/../../../../arm-none-eabi/lib/thumb/v7e-m+fp/hard\libc_nano.a(libc_a-closer.o) (errno)
C:/ST/STM32CubeIDE_1.15.0/STM32CubeIDE/plugins/com.st.stm32cube.ide.mcu.externaltools.gnu-tools-for-stm32.12.3.rel1.win32_1.0.200.202406191623/tools/bin/../lib/gcc/arm-none-eabi/12.3.1/../../../../arm-none-eabi/lib/thumb/v7e-m+fp/hard\libc_nano.a(libc_a-impure.o)
                              C:/ST/STM32CubeIDE_1.15.0/STM32CubeIDE/plugins/com.st.stm32cube.ide.mcu.externaltools.gnu-tools-for-stm32.12.3.rel1.win32_1.0.200.202406191623/tools/bin/../lib/gcc/arm-none-eabi/12.3.1/../../../../arm-none-eabi/lib/thumb/v7e-m+fp/hard\libc_nano.a(libc_a-reent.o) (_impure_ptr)
C:/ST/STM32CubeIDE_1.15.0/STM32CubeIDE/plugins/com.st.stm32cube.ide.mcu.externaltools.gnu-tools-for-stm32.12.3.rel1.win32_1.0.200.202406191623/tools/bin/../lib/gcc/arm-none-eabi/12.3.1/../../../../arm-none-eabi/lib/thumb/v7e-m+fp/hard\libc_nano.a(libc_a-lseekr.o)
[...]
Memory Configuration

Name             Origin             Length             Attributes
CCMRAM           0x10000000         0x00010000         xrw
RAM              0x20000000         0x00020000         xrw
FLASH            0x08000000         0x00100000         xr
*default*        0x00000000         0xffffffff

Linker script and memory map

LOAD C:/ST/STM32CubeIDE_1.15.0/STM32CubeIDE/plugins/com.st.stm32cube.ide.mcu.externaltools.gnu-tools-for-stm32.12.3.rel1.win32_1.0.200.202406191623/tools/bin/../lib/gcc/arm-none-eabi/12.3.1/thumb/v7e-m+fp/hard/crti.o
LOAD C:/ST/STM32CubeIDE_1.15.0/STM32CubeIDE/plugins/com.st.stm32cube.ide.mcu.externaltools.gnu-tools-for-stm32.12.3.rel1.win32_1.0.200.202406191623/tools/bin/../lib/gcc/arm-none-eabi/12.3.1/thumb/v7e-m+fp/hard/crtbegin.o
LOAD C:/ST/STM32CubeIDE_1.15.0/STM32CubeIDE/plugins/com.st.stm32cube.ide.mcu.externaltools.gnu-tools-for-stm32.12.3.rel1.win32_1.0.200.202406191623/tools/bin/../lib/gcc/arm-none-eabi/12.3.1/../../../../arm-none-eabi/lib/thumb/v7e-m+fp/hard/crt0.o
LOAD ./Core/Src/assert_failed.o
LOAD ./Core/Src/basicApplication.o
LOAD ./Core/Src/error_handler.o
LOAD ./Core/Src/gpio_config.o
LOAD ./Core/Src/main.o
LOAD ./Core/Src/stm32f4xx_hal_msp.o
LOAD ./Core/Src/stm32f4xx_it.o
LOAD ./Core/Src/syscalls.o
LOAD ./Core/Src/sysmem.o
LOAD ./Core/Src/system_config.o
LOAD ./Core/Src/system_stm32f4xx.o
LOAD ./Core/Src/usart.o
LOAD ./Core/Startup/startup_stm32f407vgtx.o
LOAD ./Drivers/STM32F4xx_HAL_Driver/Src/stm32f4xx_hal.o
LOAD ./Drivers/STM32F4xx_HAL_Driver/Src/stm32f4xx_hal_cortex.o
LOAD ./Drivers/STM32F4xx_HAL_Driver/Src/stm32f4xx_hal_dma.o
LOAD ./Drivers/STM32F4xx_HAL_Driver/Src/stm32f4xx_hal_dma_ex.o
LOAD ./Drivers/STM32F4xx_HAL_Driver/Src/stm32f4xx_hal_exti.o
LOAD ./Drivers/STM32F4xx_HAL_Driver/Src/stm32f4xx_hal_flash.o
LOAD ./Drivers/STM32F4xx_HAL_Driver/Src/stm32f4xx_hal_flash_ex.o
LOAD ./Drivers/STM32F4xx_HAL_Driver/Src/stm32f4xx_hal_flash_ramfunc.o
LOAD ./Drivers/STM32F4xx_HAL_Driver/Src/stm32f4xx_hal_gpio.o
LOAD ./Drivers/STM32F4xx_HAL_Driver/Src/stm32f4xx_hal_pcd.o
LOAD ./Drivers/STM32F4xx_HAL_Driver/Src/stm32f4xx_hal_pcd_ex.o
LOAD ./Drivers/STM32F4xx_HAL_Driver/Src/stm32f4xx_hal_pwr.o
LOAD ./Drivers/STM32F4xx_HAL_Driver/Src/stm32f4xx_hal_pwr_ex.o
LOAD ./Drivers/STM32F4xx_HAL_Driver/Src/stm32f4xx_hal_rcc.o
LOAD ./Drivers/STM32F4xx_HAL_Driver/Src/stm32f4xx_hal_rcc_ex.o
LOAD ./Drivers/STM32F4xx_HAL_Driver/Src/stm32f4xx_hal_tim.o
LOAD ./Drivers/STM32F4xx_HAL_Driver/Src/stm32f4xx_hal_tim_ex.o
LOAD ./Drivers/STM32F4xx_HAL_Driver/Src/stm32f4xx_hal_uart.o
LOAD ./Drivers/STM32F4xx_HAL_Driver/Src/stm32f4xx_ll_usb.o
LOAD ./Middlewares/ST/STM32_USB_Device_Library/Class/CDC/Src/usbd_cdc.o
LOAD ./Middlewares/ST/STM32_USB_Device_Library/Core/Src/usbd_core.o
LOAD ./Middlewares/ST/STM32_USB_Device_Library/Core/Src/usbd_ctlreq.o
LOAD ./Middlewares/ST/STM32_USB_Device_Library/Core/Src/usbd_ioreq.o
LOAD ./USB_DEVICE/App/usb_device.o
LOAD ./USB_DEVICE/App/usbd_cdc_if.o
LOAD ./USB_DEVICE/App/usbd_desc.o
LOAD ./USB_DEVICE/Target/usbd_conf.o
START GROUP
LOAD C:/ST/STM32CubeIDE_1.15.0/STM32CubeIDE/plugins/com.st.stm32cube.ide.mcu.externaltools.gnu-tools-for-stm32.12.3.rel1.win32_1.0.200.202406191623/tools/bin/../lib/gcc/arm-none-eabi/12.3.1/../../../../arm-none-eabi/lib/thumb/v7e-m+fp/hard\libc_nano.a
LOAD C:/ST/STM32CubeIDE_1.15.0/STM32CubeIDE/plugins/com.st.stm32cube.ide.mcu.externaltools.gnu-tools-for-stm32.12.3.rel1.win32_1.0.200.202406191623/tools/bin/../lib/gcc/arm-none-eabi/12.3.1/../../../../arm-none-eabi/lib/thumb/v7e-m+fp/hard\libm.a
END GROUP
START GROUP
LOAD C:/ST/STM32CubeIDE_1.15.0/STM32CubeIDE/plugins/com.st.stm32cube.ide.mcu.externaltools.gnu-tools-for-stm32.12.3.rel1.win32_1.0.200.202406191623/tools/bin/../lib/gcc/arm-none-eabi/12.3.1/thumb/v7e-m+fp/hard\libgcc.a
LOAD C:/ST/STM32CubeIDE_1.15.0/STM32CubeIDE/plugins/com.st.stm32cube.ide.mcu.externaltools.gnu-tools-for-stm32.12.3.rel1.win32_1.0.200.202406191623/tools/bin/../lib/gcc/arm-none-eabi/12.3.1/../../../../arm-none-eabi/lib/thumb/v7e-m+fp/hard\libc_nano.a
END GROUP
START GROUP
LOAD C:/ST/STM32CubeIDE_1.15.0/STM32CubeIDE/plugins/com.st.stm32cube.ide.mcu.externaltools.gnu-tools-for-stm32.12.3.rel1.win32_1.0.200.202406191623/tools/bin/../lib/gcc/arm-none-eabi/12.3.1/thumb/v7e-m+fp/hard\libgcc.a
LOAD C:/ST/STM32CubeIDE_1.15.0/STM32CubeIDE/plugins/com.st.stm32cube.ide.mcu.externaltools.gnu-tools-for-stm32.12.3.rel1.win32_1.0.200.202406191623/tools/bin/../lib/gcc/arm-none-eabi/12.3.1/../../../../arm-none-eabi/lib/thumb/v7e-m+fp/hard\libc_nano.a
LOAD C:/ST/STM32CubeIDE_1.15.0/STM32CubeIDE/plugins/com.st.stm32cube.ide.mcu.externaltools.gnu-tools-for-stm32.12.3.rel1.win32_1.0.200.202406191623/tools/bin/../lib/gcc/arm-none-eabi/12.3.1/../../../../arm-none-eabi/lib/thumb/v7e-m+fp/hard\libnosys.a
END GROUP
START GROUP
LOAD C:/ST/STM32CubeIDE_1.15.0/STM32CubeIDE/plugins/com.st.stm32cube.ide.mcu.externaltools.gnu-tools-for-stm32.12.3.rel1.win32_1.0.200.202406191623/tools/bin/../lib/gcc/arm-none-eabi/12.3.1/thumb/v7e-m+fp/hard\libgcc.a
LOAD C:/ST/STM32CubeIDE_1.15.0/STM32CubeIDE/plugins/com.st.stm32cube.ide.mcu.externaltools.gnu-tools-for-stm32.12.3.rel1.win32_1.0.200.202406191623/tools/bin/../lib/gcc/arm-none-eabi/12.3.1/../../../../arm-none-eabi/lib/thumb/v7e-m+fp/hard\libc_nano.a
LOAD C:/ST/STM32CubeIDE_1.15.0/STM32CubeIDE/plugins/com.st.stm32cube.ide.mcu.externaltools.gnu-tools-for-stm32.12.3.rel1.win32_1.0.200.202406191623/tools/bin/../lib/gcc/arm-none-eabi/12.3.1/../../../../arm-none-eabi/lib/thumb/v7e-m+fp/hard\libnosys.a
END GROUP
LOAD C:/ST/STM32CubeIDE_1.15.0/STM32CubeIDE/plugins/com.st.stm32cube.ide.mcu.externaltools.gnu-tools-for-stm32.12.3.rel1.win32_1.0.200.202406191623/tools/bin/../lib/gcc/arm-none-eabi/12.3.1/thumb/v7e-m+fp/hard/crtend.o
LOAD C:/ST/STM32CubeIDE_1.15.0/STM32CubeIDE/plugins/com.st.stm32cube.ide.mcu.externaltools.gnu-tools-for-stm32.12.3.rel1.win32_1.0.200.202406191623/tools/bin/../lib/gcc/arm-none-eabi/12.3.1/thumb/v7e-m+fp/hard/crtn.o
                0x20020000                        _estack = (ORIGIN (RAM) + LENGTH (RAM))
                0x00002000                        _Min_Heap_Size = 0x2000
                0x00004000                        _Min_Stack_Size = 0x4000

.isr_vector     0x08000000      0x188
                0x08000000                        . = ALIGN (0x4)
 *(.isr_vector)
 .isr_vector    0x08000000      0x188 ./Core/Startup/startup_stm32f407vgtx.o
                0x08000000                g_pfnVectors
                0x08000188                        . = ALIGN (0x4)

.text           0x08000188     0x80e0
                0x08000188                        . = ALIGN (0x4)
 *(.text)
 .text          0x08000188       0x40 C:/ST/STM32CubeIDE_1.15.0/STM32CubeIDE/plugins/com.st.stm32cube.ide.mcu.externaltools.gnu-tools-for-stm32.12.3.rel1.win32_1.0.200.202406191623/tools/bin/../lib/gcc/arm-none-eabi/12.3.1/thumb/v7e-m+fp/hard/crtbegin.o
 .text          0x080001c8       0x10 C:/ST/STM32CubeIDE_1.15.0/STM32CubeIDE/plugins/com.st.stm32cube.ide.mcu.externaltools.gnu-tools-for-stm32.12.3.rel1.win32_1.0.200.202406191623/tools/bin/../lib/gcc/arm-none-eabi/12.3.1/../../../../arm-none-eabi/lib/thumb/v7e-m+fp/hard\libc_nano.a(libc_a-strlen.o)
                0x080001c8                strlen
 .text          0x080001d8       0x30 C:/ST/STM32CubeIDE_1.15.0/STM32CubeIDE/plugins/com.st.stm32cube.ide.mcu.externaltools.gnu-tools-for-stm32.12.3.rel1.win32_1.0.200.202406191623/tools/bin/../lib/gcc/arm-none-eabi/12.3.1/thumb/v7e-m+fp/hard\libgcc.a(_aeabi_uldivmod.o)
                0x080001d8                __aeabi_uldivmod
 .text          0x08000208      0x2bc C:/ST/STM32CubeIDE_1.15.0/STM32CubeIDE/plugins/com.st.stm32cube.ide.mcu.externaltools.gnu-tools-for-stm32.12.3.rel1.win32_1.0.200.202406191623/tools/bin/../lib/gcc/arm-none-eabi/12.3.1/thumb/v7e-m+fp/hard\libgcc.a(_udivmoddi4.o)
                0x08000208                __udivmoddi4
 .text          0x080004c4        0x4 C:/ST/STM32CubeIDE_1.15.0/STM32CubeIDE/plugins/com.st.stm32cube.ide.mcu.externaltools.gnu-tools-for-stm32.12.3.rel1.win32_1.0.200.202406191623/tools/bin/../lib/gcc/arm-none-eabi/12.3.1/thumb/v7e-m+fp/hard\libgcc.a(_dvmd_tls.o)
                0x080004c4                __aeabi_idiv0
                0x080004c4                __aeabi_ldiv0
 *(.text*)
 .text.toggleExternalLed
                0x080004c8       0x30 ./Core/Src/basicApplication.o
 .text.controlLedWithButton
                0x080004f8       0x44 ./Core/Src/basicApplication.o
                0x080004f8                controlLedWithButton
 .text.Error_Handler
                0x0800053c        0xc ./Core/Src/error_handler.o
                0x0800053c                Error_Handler
 .text.MX_GPIO_Init
                0x08000548      0x10c ./Core/Src/gpio_config.o
                0x08000548                MX_GPIO_Init
 .text.main     0x08000654       0x7c ./Core/Src/main.o
                0x08000654                main
 .text.HAL_MspInit
                0x080006d0       0x50 ./Core/Src/stm32f4xx_hal_msp.o
                0x080006d0                HAL_MspInit
 .text.HAL_UART_MspInit
                0x08000720       0xa0 ./Core/Src/stm32f4xx_hal_msp.o
                0x08000720                HAL_UART_MspInit
 .text.NMI_Handler
                0x080007c0        0x8 ./Core/Src/stm32f4xx_it.o
                0x080007c0                NMI_Handler
 .text.HardFault_Handler
                0x080007c8        0x8 ./Core/Src/stm32f4xx_it.o
                0x080007c8                HardFault_Handler
 .text.MemManage_Handler
                0x080007d0        0x8 ./Core/Src/stm32f4xx_it.o
                0x080007d0                MemManage_Handler
 .text.BusFault_Handler
                0x080007d8        0x8 ./Core/Src/stm32f4xx_it.o
                0x080007d8                BusFault_Handler
 .text.UsageFault_Handler
                0x080007e0        0x8 ./Core/Src/stm32f4xx_it.o
                0x080007e0                UsageFault_Handler
 .text.SVC_Handler
                0x080007e8        0xe ./Core/Src/stm32f4xx_it.o
                0x080007e8                SVC_Handler
 .text.DebugMon_Handler
                0x080007f6        0xe ./Core/Src/stm32f4xx_it.o
                0x080007f6                DebugMon_Handler
 .text.PendSV_Handler
                0x08000804        0xe ./Core/Src/stm32f4xx_it.o
                0x08000804                PendSV_Handler
 .text.SysTick_Handler
                0x08000812        0xc ./Core/Src/stm32f4xx_it.o
                0x08000812                SysTick_Handler
 *fill*         0x0800081e        0x2 
 .text.USART1_IRQHandler
                0x08000820       0x14 ./Core/Src/stm32f4xx_it.o
                0x08000820                USART1_IRQHandler
 .text.OTG_FS_IRQHandler
                0x08000834       0x14 ./Core/Src/stm32f4xx_it.o
                0x08000834                OTG_FS_IRQHandler
 .text.SystemClock_Config
                0x08000848       0xf0 ./Core/Src/system_config.o
                0x08000848                SystemClock_Config
 .text.SystemInit
                0x08000938       0x24 ./Core/Src/system_stm32f4xx.o
                0x08000938                SystemInit
 .text.MX_USART1_UART_Init
                0x0800095c       0x64 ./Core/Src/usart.o
                0x0800095c                MX_USART1_UART_Init
 .text.UART_RingBuffer_Init
                0x080009c0       0x24 ./Core/Src/usart.o
                0x080009c0                UART_RingBuffer_Init
 .text.UART_RingBuffer_Available
                0x080009e4       0x38 ./Core/Src/usart.o
                0x080009e4                UART_RingBuffer_Available
 .text.UART_RingBuffer_Write
                0x08000a1c       0x5c ./Core/Src/usart.o
                0x08000a1c                UART_RingBuffer_Write
 .text.UART_RingBuffer_Read
                0x08000a78       0x60 ./Core/Src/usart.o
                0x08000a78                UART_RingBuffer_Read
 .text.send_data_to_uart1
                0x08000ad8       0x2c ./Core/Src/usart.o
                0x08000ad8                send_data_to_uart1
 .text.HAL_UART_RxCpltCallback
                0x08000b04       0x3c ./Core/Src/usart.o
                0x08000b04                HAL_UART_RxCpltCallback
 .text.Reset_Handler
                0x08000b40       0x50 ./Core/Startup/startup_stm32f407vgtx.o
                0x08000b40                Reset_Handler
 .text.Default_Handler
                0x08000b90        0x2 ./Core/Startup/startup_stm32f407vgtx.o
                0x08000b90                RTC_Alarm_IRQHandler
                0x08000b90                HASH_RNG_IRQHandler
                0x08000b90                EXTI2_IRQHandler
                0x08000b90                TIM8_CC_IRQHandler
                0x08000b90                TIM1_CC_IRQHandler
                0x08000b90                DMA2_Stream5_IRQHandler
                0x08000b90                DMA1_Stream5_IRQHandler
                0x08000b90                PVD_IRQHandler
                0x08000b90                SDIO_IRQHandler
                0x08000b90                TAMP_STAMP_IRQHandler
                0x08000b90                CAN2_RX1_IRQHandler
                0x08000b90                EXTI3_IRQHandler
                0x08000b90                TIM8_TRG_COM_TIM14_IRQHandler
                0x08000b90                TIM1_UP_TIM10_IRQHandler
                0x08000b90                TIM8_UP_TIM13_IRQHandler
                0x08000b90                I2C3_ER_IRQHandler
                0x08000b90                EXTI0_IRQHandler
                0x08000b90                I2C2_EV_IRQHandler
                0x08000b90                DMA1_Stream2_IRQHandler
                0x08000b90                CAN1_RX0_IRQHandler
                0x08000b90                FPU_IRQHandler
                0x08000b90                OTG_HS_WKUP_IRQHandler
                0x08000b90                CAN2_SCE_IRQHandler
                0x08000b90                DMA2_Stream2_IRQHandler
                0x08000b90                SPI1_IRQHandler
                0x08000b90                TIM6_DAC_IRQHandler
                0x08000b90                TIM1_BRK_TIM9_IRQHandler
                0x08000b90                DCMI_IRQHandler
                0x08000b90                CAN2_RX0_IRQHandler
                0x08000b90                DMA2_Stream3_IRQHandler
                0x08000b90                USART6_IRQHandler
                0x08000b90                USART3_IRQHandler
                0x08000b90                CAN1_RX1_IRQHandler
                0x08000b90                UART5_IRQHandler
                0x08000b90                DMA2_Stream0_IRQHandler
                0x08000b90                TIM4_IRQHandler
                0x08000b90                I2C1_EV_IRQHandler
                0x08000b90                DMA1_Stream6_IRQHandler
                0x08000b90                DMA1_Stream1_IRQHandler
                0x08000b90                UART4_IRQHandler
                0x08000b90                TIM3_IRQHandler
                0x08000b90                RCC_IRQHandler
                0x08000b90                TIM8_BRK_TIM12_IRQHandler
                0x08000b90                Default_Handler
                0x08000b90                EXTI15_10_IRQHandler
                0x08000b90                ADC_IRQHandler
                0x08000b90                DMA1_Stream7_IRQHandler
                0x08000b90                TIM7_IRQHandler
                0x08000b90                CAN2_TX_IRQHandler
                0x08000b90                TIM5_IRQHandler
                0x08000b90                DMA2_Stream7_IRQHandler
                0x08000b90                I2C3_EV_IRQHandler
                0x08000b90                EXTI9_5_IRQHandler
                0x08000b90                RTC_WKUP_IRQHandler
                0x08000b90                ETH_WKUP_IRQHandler
                0x08000b90                SPI2_IRQHandler
                0x08000b90                OTG_HS_EP1_IN_IRQHandler
                0x08000b90                DMA1_Stream0_IRQHandler
                0x08000b90                CAN1_TX_IRQHandler
                0x08000b90                EXTI4_IRQHandler
                0x08000b90                FSMC_IRQHandler
                0x08000b90                ETH_IRQHandler
                0x08000b90                OTG_HS_EP1_OUT_IRQHandler
                0x08000b90                WWDG_IRQHandler
                0x08000b90                TIM2_IRQHandler
                0x08000b90                OTG_FS_WKUP_IRQHandler
                0x08000b90                TIM1_TRG_COM_TIM11_IRQHandler
                0x08000b90                OTG_HS_IRQHandler
                0x08000b90                EXTI1_IRQHandler
                0x08000b90                USART2_IRQHandler
                0x08000b90                I2C2_ER_IRQHandler
                0x08000b90                DMA2_Stream1_IRQHandler
                0x08000b90                CAN1_SCE_IRQHandler
                0x08000b90                FLASH_IRQHandler
                0x08000b90                DMA2_Stream4_IRQHandler
                0x08000b90                SPI3_IRQHandler
                0x08000b90                DMA1_Stream4_IRQHandler
                0x08000b90                I2C1_ER_IRQHandler
                0x08000b90                DMA2_Stream6_IRQHandler
                0x08000b90                DMA1_Stream3_IRQHandler
 *fill*         0x08000b92        0x2 
 .text.HAL_Init
                0x08000b94       0x44 ./Drivers/STM32F4xx_HAL_Driver/Src/stm32f4xx_hal.o
                0x08000b94                HAL_Init
 .text.HAL_InitTick
                0x08000bd8       0x60 ./Drivers/STM32F4xx_HAL_Driver/Src/stm32f4xx_hal.o
                0x08000bd8                HAL_InitTick
 .text.HAL_IncTick
                0x08000c38       0x28 ./Drivers/STM32F4xx_HAL_Driver/Src/stm32f4xx_hal.o
                0x08000c38                HAL_IncTick
 .text.HAL_GetTick
                0x08000c60       0x18 ./Drivers/STM32F4xx_HAL_Driver/Src/stm32f4xx_hal.o
                0x08000c60                HAL_GetTick
 .text.HAL_Delay
                0x08000c78       0x48 ./Drivers/STM32F4xx_HAL_Driver/Src/stm32f4xx_hal.o
                0x08000c78                HAL_Delay
 .text.__NVIC_SetPriorityGrouping
                0x08000cc0       0x48 ./Drivers/STM32F4xx_HAL_Driver/Src/stm32f4xx_hal_cortex.o
 .text.__NVIC_GetPriorityGrouping
                0x08000d08       0x1c ./Drivers/STM32F4xx_HAL_Driver/Src/stm32f4xx_hal_cortex.o
 .text.__NVIC_EnableIRQ
                0x08000d24       0x3c ./Drivers/STM32F4xx_HAL_Driver/Src/stm32f4xx_hal_cortex.o
 .text.__NVIC_SetPriority
                0x08000d60       0x54 ./Drivers/STM32F4xx_HAL_Driver/Src/stm32f4xx_hal_cortex.o
 .text.NVIC_EncodePriority
                0x08000db4       0x66 ./Drivers/STM32F4xx_HAL_Driver/Src/stm32f4xx_hal_cortex.o
 *fill*         0x08000e1a        0x2 
 .text.SysTick_Config
                0x08000e1c       0x44 ./Drivers/STM32F4xx_HAL_Driver/Src/stm32f4xx_hal_cortex.o
 .text.HAL_NVIC_SetPriorityGrouping
                0x08000e60       0x16 ./Drivers/STM32F4xx_HAL_Driver/Src/stm32f4xx_hal_cortex.o
                0x08000e60                HAL_NVIC_SetPriorityGrouping
 .text.HAL_NVIC_SetPriority
                0x08000e76       0x38 ./Drivers/STM32F4xx_HAL_Driver/Src/stm32f4xx_hal_cortex.o
                0x08000e76                HAL_NVIC_SetPriority
 .text.HAL_NVIC_EnableIRQ
                0x08000eae       0x1c ./Drivers/STM32F4xx_HAL_Driver/Src/stm32f4xx_hal_cortex.o
                0x08000eae                HAL_NVIC_EnableIRQ
 .text.HAL_SYSTICK_Config
                0x08000eca       0x18 ./Drivers/STM32F4xx_HAL_Driver/Src/stm32f4xx_hal_cortex.o
                0x08000eca                HAL_SYSTICK_Config
 *fill*         0x08000ee2        0x2 
 .text.HAL_SYSTICK_CLKSourceConfig
                0x08000ee4       0x38 ./Drivers/STM32F4xx_HAL_Driver/Src/stm32f4xx_hal_cortex.o
                0x08000ee4                HAL_SYSTICK_CLKSourceConfig
 .text.HAL_DMA_Abort
                0x08000f1c       0xe0 ./Drivers/STM32F4xx_HAL_Driver/Src/stm32f4xx_hal_dma.o
                0x08000f1c                HAL_DMA_Abort
 .text.HAL_DMA_Abort_IT
                0x08000ffc       0x44 ./Drivers/STM32F4xx_HAL_Driver/Src/stm32f4xx_hal_dma.o
                0x08000ffc                HAL_DMA_Abort_IT
 .text.HAL_GPIO_Init
                0x08001040      0x338 ./Drivers/STM32F4xx_HAL_Driver/Src/stm32f4xx_hal_gpio.o
                0x08001040                HAL_GPIO_Init
 .text.HAL_GPIO_ReadPin
                0x08001378       0x30 ./Drivers/STM32F4xx_HAL_Driver/Src/stm32f4xx_hal_gpio.o
                0x08001378                HAL_GPIO_ReadPin
 .text.HAL_GPIO_WritePin
                0x080013a8       0x32 ./Drivers/STM32F4xx_HAL_Driver/Src/stm32f4xx_hal_gpio.o
                0x080013a8                HAL_GPIO_WritePin
 .text.HAL_PCD_Init
                0x080013da      0x21e ./Drivers/STM32F4xx_HAL_Driver/Src/stm32f4xx_hal_pcd.o
                0x080013da                HAL_PCD_Init
 .text.HAL_PCD_Start
                0x080015f8       0x6a ./Drivers/STM32F4xx_HAL_Driver/Src/stm32f4xx_hal_pcd.o
                0x080015f8                HAL_PCD_Start
 .text.HAL_PCD_IRQHandler
                0x08001662      0x942 ./Drivers/STM32F4xx_HAL_Driver/Src/stm32f4xx_hal_pcd.o
                0x08001662                HAL_PCD_IRQHandler
 .text.HAL_PCD_SetAddress
                0x08001fa4       0x48 ./Drivers/STM32F4xx_HAL_Driver/Src/stm32f4xx_hal_pcd.o
                0x08001fa4                HAL_PCD_SetAddress
 .text.HAL_PCD_EP_Open
                0x08001fec       0xd4 ./Drivers/STM32F4xx_HAL_Driver/Src/stm32f4xx_hal_pcd.o
                0x08001fec                HAL_PCD_EP_Open
 .text.HAL_PCD_EP_Close
                0x080020c0       0x94 ./Drivers/STM32F4xx_HAL_Driver/Src/stm32f4xx_hal_pcd.o
                0x080020c0                HAL_PCD_EP_Close
 .text.HAL_PCD_EP_Receive
                0x08002154       0x76 ./Drivers/STM32F4xx_HAL_Driver/Src/stm32f4xx_hal_pcd.o
                0x08002154                HAL_PCD_EP_Receive
 .text.HAL_PCD_EP_GetRxCount
                0x080021ca       0x30 ./Drivers/STM32F4xx_HAL_Driver/Src/stm32f4xx_hal_pcd.o
                0x080021ca                HAL_PCD_EP_GetRxCount
 .text.HAL_PCD_EP_Transmit
                0x080021fa       0x74 ./Drivers/STM32F4xx_HAL_Driver/Src/stm32f4xx_hal_pcd.o
                0x080021fa                HAL_PCD_EP_Transmit
 .text.HAL_PCD_EP_SetStall
                0x0800226e       0xc6 ./Drivers/STM32F4xx_HAL_Driver/Src/stm32f4xx_hal_pcd.o
                0x0800226e                HAL_PCD_EP_SetStall
 .text.HAL_PCD_EP_ClrStall
                0x08002334       0xac ./Drivers/STM32F4xx_HAL_Driver/Src/stm32f4xx_hal_pcd.o
                0x08002334                HAL_PCD_EP_ClrStall
 .text.HAL_PCD_EP_Abort
                0x080023e0       0x62 ./Drivers/STM32F4xx_HAL_Driver/Src/stm32f4xx_hal_pcd.o
                0x080023e0                HAL_PCD_EP_Abort
 .text.PCD_WriteEmptyTxFifo
                0x08002442      0x118 ./Drivers/STM32F4xx_HAL_Driver/Src/stm32f4xx_hal_pcd.o
 *fill*         0x0800255a        0x2 
 .text.PCD_EP_OutXfrComplete_int
                0x0800255c      0x1d0 ./Drivers/STM32F4xx_HAL_Driver/Src/stm32f4xx_hal_pcd.o
 .text.PCD_EP_OutSetupPacket_int
                0x0800272c       0x8c ./Drivers/STM32F4xx_HAL_Driver/Src/stm32f4xx_hal_pcd.o
 .text.HAL_PCDEx_SetTxFiFo
                0x080027b8       0x8e ./Drivers/STM32F4xx_HAL_Driver/Src/stm32f4xx_hal_pcd_ex.o
                0x080027b8                HAL_PCDEx_SetTxFiFo
 .text.HAL_PCDEx_SetRxFiFo
                0x08002846       0x22 ./Drivers/STM32F4xx_HAL_Driver/Src/stm32f4xx_hal_pcd_ex.o
                0x08002846                HAL_PCDEx_SetRxFiFo
 .text.HAL_PCDEx_LPM_Callback
                0x08002868       0x18 ./Drivers/STM32F4xx_HAL_Driver/Src/stm32f4xx_hal_pcd_ex.o
                0x08002868                HAL_PCDEx_LPM_Callback
 .text.HAL_RCC_OscConfig
                0x08002880      0x4f0 ./Drivers/STM32F4xx_HAL_Driver/Src/stm32f4xx_hal_rcc.o
                0x08002880                HAL_RCC_OscConfig
 .text.HAL_RCC_ClockConfig
                0x08002d70      0x1cc ./Drivers/STM32F4xx_HAL_Driver/Src/stm32f4xx_hal_rcc.o
                0x08002d70                HAL_RCC_ClockConfig
 .text.HAL_RCC_GetSysClockFreq
                0x08002f3c      0x20c ./Drivers/STM32F4xx_HAL_Driver/Src/stm32f4xx_hal_rcc.o
                0x08002f3c                HAL_RCC_GetSysClockFreq
 .text.HAL_RCC_GetHCLKFreq
                0x08003148       0x18 ./Drivers/STM32F4xx_HAL_Driver/Src/stm32f4xx_hal_rcc.o
                0x08003148                HAL_RCC_GetHCLKFreq
 .text.HAL_RCC_GetPCLK1Freq
                0x08003160       0x28 ./Drivers/STM32F4xx_HAL_Driver/Src/stm32f4xx_hal_rcc.o
                0x08003160                HAL_RCC_GetPCLK1Freq
 .text.HAL_RCC_GetPCLK2Freq
                0x08003188       0x28 ./Drivers/STM32F4xx_HAL_Driver/Src/stm32f4xx_hal_rcc.o
                0x08003188                HAL_RCC_GetPCLK2Freq
 .text.HAL_UART_Init
                0x080031b0       0xa0 ./Drivers/STM32F4xx_HAL_Driver/Src/stm32f4xx_hal_uart.o
                0x080031b0                HAL_UART_Init
 .text.HAL_UART_Transmit
                0x08003250      0x116 ./Drivers/STM32F4xx_HAL_Driver/Src/stm32f4xx_hal_uart.o
                0x08003250                HAL_UART_Transmit
 .text.HAL_UART_Receive_IT
                0x08003366       0x4a ./Drivers/STM32F4xx_HAL_Driver/Src/stm32f4xx_hal_uart.o
                0x08003366                HAL_UART_Receive_IT
 .text.HAL_UART_IRQHandler
                0x080033b0      0x524 ./Drivers/STM32F4xx_HAL_Driver/Src/stm32f4xx_hal_uart.o
                0x080033b0                HAL_UART_IRQHandler
 .text.HAL_UART_TxCpltCallback
                0x080038d4       0x14 ./Drivers/STM32F4xx_HAL_Driver/Src/stm32f4xx_hal_uart.o
                0x080038d4                HAL_UART_TxCpltCallback
 .text.HAL_UART_ErrorCallback
                0x080038e8       0x14 ./Drivers/STM32F4xx_HAL_Driver/Src/stm32f4xx_hal_uart.o
                0x080038e8                HAL_UART_ErrorCallback
 .text.HAL_UARTEx_RxEventCallback
                0x080038fc       0x18 ./Drivers/STM32F4xx_HAL_Driver/Src/stm32f4xx_hal_uart.o
                0x080038fc                HAL_UARTEx_RxEventCallback
 .text.UART_WaitOnFlagUntilTimeout
                0x08003914       0xb2 ./Drivers/STM32F4xx_HAL_Driver/Src/stm32f4xx_hal_uart.o
 .text.UART_Start_Receive_IT
                0x080039c6       0x74 ./Drivers/STM32F4xx_HAL_Driver/Src/stm32f4xx_hal_uart.o
                0x080039c6                UART_Start_Receive_IT
 .text.UART_EndRxTransfer
                0x08003a3a       0xc6 ./Drivers/STM32F4xx_HAL_Driver/Src/stm32f4xx_hal_uart.o
 .text.UART_DMAAbortOnError
                0x08003b00       0x28 ./Drivers/STM32F4xx_HAL_Driver/Src/stm32f4xx_hal_uart.o
 .text.UART_Transmit_IT
                0x08003b28       0xa0 ./Drivers/STM32F4xx_HAL_Driver/Src/stm32f4xx_hal_uart.o
 .text.UART_EndTransmit_IT
                0x08003bc8       0x30 ./Drivers/STM32F4xx_HAL_Driver/Src/stm32f4xx_hal_uart.o
 .text.UART_Receive_IT
                0x08003bf8      0x17c ./Drivers/STM32F4xx_HAL_Driver/Src/stm32f4xx_hal_uart.o
 .text.UART_SetConfig
                0x08003d74      0x4e8 ./Drivers/STM32F4xx_HAL_Driver/Src/stm32f4xx_hal_uart.o
 .text.USB_CoreInit
                0x0800425c       0xc8 ./Drivers/STM32F4xx_HAL_Driver/Src/stm32f4xx_ll_usb.o
                0x0800425c                USB_CoreInit
 .text.USB_SetTurnaroundTime
                0x08004324      0x144 ./Drivers/STM32F4xx_HAL_Driver/Src/stm32f4xx_ll_usb.o
                0x08004324                USB_SetTurnaroundTime
 .text.USB_EnableGlobalInt
                0x08004468       0x22 ./Drivers/STM32F4xx_HAL_Driver/Src/stm32f4xx_ll_usb.o
                0x08004468                USB_EnableGlobalInt
 .text.USB_DisableGlobalInt
                0x0800448a       0x22 ./Drivers/STM32F4xx_HAL_Driver/Src/stm32f4xx_ll_usb.o
                0x0800448a                USB_DisableGlobalInt
 .text.USB_SetCurrentMode
                0x080044ac       0x98 ./Drivers/STM32F4xx_HAL_Driver/Src/stm32f4xx_ll_usb.o
                0x080044ac                USB_SetCurrentMode
 .text.USB_DevInit
                0x08004544      0x2c8 ./Drivers/STM32F4xx_HAL_Driver/Src/stm32f4xx_ll_usb.o
                0x08004544                USB_DevInit
 .text.USB_FlushTxFifo
                0x0800480c       0x64 ./Drivers/STM32F4xx_HAL_Driver/Src/stm32f4xx_ll_usb.o
                0x0800480c                USB_FlushTxFifo
 .text.USB_FlushRxFifo
                0x08004870       0x5c ./Drivers/STM32F4xx_HAL_Driver/Src/stm32f4xx_ll_usb.o
                0x08004870                USB_FlushRxFifo
 .text.USB_SetDevSpeed
                0x080048cc       0x32 ./Drivers/STM32F4xx_HAL_Driver/Src/stm32f4xx_ll_usb.o
                0x080048cc                USB_SetDevSpeed
 .text.USB_GetDevSpeed
                0x080048fe       0x4a ./Drivers/STM32F4xx_HAL_Driver/Src/stm32f4xx_ll_usb.o
                0x080048fe                USB_GetDevSpeed
 .text.USB_ActivateEndpoint
                0x08004948      0x10e ./Drivers/STM32F4xx_HAL_Driver/Src/stm32f4xx_ll_usb.o
                0x08004948                USB_ActivateEndpoint
 *fill*         0x08004a56        0x2 
 .text.USB_DeactivateEndpoint
                0x08004a58      0x1b8 ./Drivers/STM32F4xx_HAL_Driver/Src/stm32f4xx_ll_usb.o
                0x08004a58                USB_DeactivateEndpoint
 .text.USB_EPStartXfer
                0x08004c10      0x53c ./Drivers/STM32F4xx_HAL_Driver/Src/stm32f4xx_ll_usb.o
                0x08004c10                USB_EPStartXfer
 .text.USB_EPStopXfer
                0x0800514c      0x154 ./Drivers/STM32F4xx_HAL_Driver/Src/stm32f4xx_ll_usb.o
                0x0800514c                USB_EPStopXfer
 .text.USB_WritePacket
                0x080052a0       0x7c ./Drivers/STM32F4xx_HAL_Driver/Src/stm32f4xx_ll_usb.o
                0x080052a0                USB_WritePacket
 .text.USB_ReadPacket
                0x0800531c       0xb0 ./Drivers/STM32F4xx_HAL_Driver/Src/stm32f4xx_ll_usb.o
                0x0800531c                USB_ReadPacket
 .text.USB_EPSetStall
                0x080053cc       0xdc ./Drivers/STM32F4xx_HAL_Driver/Src/stm32f4xx_ll_usb.o
                0x080053cc                USB_EPSetStall
 .text.USB_EPClearStall
                0x080054a8       0xcc ./Drivers/STM32F4xx_HAL_Driver/Src/stm32f4xx_ll_usb.o
                0x080054a8                USB_EPClearStall
 .text.USB_SetDevAddress
                0x08005574       0x4c ./Drivers/STM32F4xx_HAL_Driver/Src/stm32f4xx_ll_usb.o
                0x08005574                USB_SetDevAddress
 .text.USB_DevConnect
                0x080055c0       0x42 ./Drivers/STM32F4xx_HAL_Driver/Src/stm32f4xx_ll_usb.o
                0x080055c0                USB_DevConnect
 .text.USB_DevDisconnect
                0x08005602       0x42 ./Drivers/STM32F4xx_HAL_Driver/Src/stm32f4xx_ll_usb.o
                0x08005602                USB_DevDisconnect
 .text.USB_ReadInterrupts
                0x08005644       0x26 ./Drivers/STM32F4xx_HAL_Driver/Src/stm32f4xx_ll_usb.o
                0x08005644                USB_ReadInterrupts
 .text.USB_ReadDevAllOutEpInterrupt
                0x0800566a       0x34 ./Drivers/STM32F4xx_HAL_Driver/Src/stm32f4xx_ll_usb.o
                0x0800566a                USB_ReadDevAllOutEpInterrupt
 .text.USB_ReadDevAllInEpInterrupt
                0x0800569e       0x34 ./Drivers/STM32F4xx_HAL_Driver/Src/stm32f4xx_ll_usb.o
                0x0800569e                USB_ReadDevAllInEpInterrupt
 .text.USB_ReadDevOutEPInterrupt
                0x080056d2       0x3c ./Drivers/STM32F4xx_HAL_Driver/Src/stm32f4xx_ll_usb.o
                0x080056d2                USB_ReadDevOutEPInterrupt
 .text.USB_ReadDevInEPInterrupt
                0x0800570e       0x5c ./Drivers/STM32F4xx_HAL_Driver/Src/stm32f4xx_ll_usb.o
                0x0800570e                USB_ReadDevInEPInterrupt
 .text.USB_GetMode
                0x0800576a       0x1c ./Drivers/STM32F4xx_HAL_Driver/Src/stm32f4xx_ll_usb.o
                0x0800576a                USB_GetMode
 .text.USB_ActivateSetup
                0x08005786       0x46 ./Drivers/STM32F4xx_HAL_Driver/Src/stm32f4xx_ll_usb.o
                0x08005786                USB_ActivateSetup
 .text.USB_EP0_OutStart
                0x080057cc       0xbc ./Drivers/STM32F4xx_HAL_Driver/Src/stm32f4xx_ll_usb.o
                0x080057cc                USB_EP0_OutStart
 .text.USB_CoreReset
                0x08005888       0x62 ./Drivers/STM32F4xx_HAL_Driver/Src/stm32f4xx_ll_usb.o
 *fill*         0x080058ea        0x2 
 .text.USBD_CDC_Init
                0x080058ec      0x1f0 ./Middlewares/ST/STM32_USB_Device_Library/Class/CDC/Src/usbd_cdc.o
 .text.USBD_CDC_DeInit
                0x08005adc      0x104 ./Middlewares/ST/STM32_USB_Device_Library/Class/CDC/Src/usbd_cdc.o
 .text.USBD_CDC_Setup
                0x08005be0      0x1b8 ./Middlewares/ST/STM32_USB_Device_Library/Class/CDC/Src/usbd_cdc.o
 .text.USBD_CDC_DataIn
                0x08005d98       0xfe ./Middlewares/ST/STM32_USB_Device_Library/Class/CDC/Src/usbd_cdc.o
 .text.USBD_CDC_DataOut
                0x08005e96       0x70 ./Middlewares/ST/STM32_USB_Device_Library/Class/CDC/Src/usbd_cdc.o
 .text.USBD_CDC_EP0_RxReady
                0x08005f06       0x74 ./Middlewares/ST/STM32_USB_Device_Library/Class/CDC/Src/usbd_cdc.o
 *fill*         0x08005f7a        0x2 
 .text.USBD_CDC_GetFSCfgDesc
                0x08005f7c       0x70 ./Middlewares/ST/STM32_USB_Device_Library/Class/CDC/Src/usbd_cdc.o
 .text.USBD_CDC_GetHSCfgDesc
                0x08005fec       0x70 ./Middlewares/ST/STM32_USB_Device_Library/Class/CDC/Src/usbd_cdc.o
 .text.USBD_CDC_GetOtherSpeedCfgDesc
                0x0800605c       0x70 ./Middlewares/ST/STM32_USB_Device_Library/Class/CDC/Src/usbd_cdc.o
 .text.USBD_CDC_GetDeviceQualifierDescriptor
                0x080060cc       0x20 ./Middlewares/ST/STM32_USB_Device_Library/Class/CDC/Src/usbd_cdc.o
                0x080060cc                USBD_CDC_GetDeviceQualifierDescriptor
 .text.USBD_CDC_RegisterInterface
                0x080060ec       0x34 ./Middlewares/ST/STM32_USB_Device_Library/Class/CDC/Src/usbd_cdc.o
                0x080060ec                USBD_CDC_RegisterInterface
 .text.USBD_CDC_SetTxBuffer
                0x08006120       0x44 ./Middlewares/ST/STM32_USB_Device_Library/Class/CDC/Src/usbd_cdc.o
                0x08006120                USBD_CDC_SetTxBuffer
 .text.USBD_CDC_SetRxBuffer
                0x08006164       0x3a ./Middlewares/ST/STM32_USB_Device_Library/Class/CDC/Src/usbd_cdc.o
                0x08006164                USBD_CDC_SetRxBuffer
 *fill*         0x0800619e        0x2 
 .text.USBD_CDC_ReceivePacket
                0x080061a0       0x6c ./Middlewares/ST/STM32_USB_Device_Library/Class/CDC/Src/usbd_cdc.o
                0x080061a0                USBD_CDC_ReceivePacket
 .text.USBD_Init
                0x0800620c       0x60 ./Middlewares/ST/STM32_USB_Device_Library/Core/Src/usbd_core.o
                0x0800620c                USBD_Init
 .text.USBD_RegisterClass
                0x0800626c       0x6c ./Middlewares/ST/STM32_USB_Device_Library/Core/Src/usbd_core.o
                0x0800626c                USBD_RegisterClass
 .text.USBD_Start
                0x080062d8       0x18 ./Middlewares/ST/STM32_USB_Device_Library/Core/Src/usbd_core.o
                0x080062d8                USBD_Start
 .text.USBD_RunTestMode
                0x080062f0       0x16 ./Middlewares/ST/STM32_USB_Device_Library/Core/Src/usbd_core.o
                0x080062f0                USBD_RunTestMode
 .text.USBD_SetClassConfig
                0x08006306       0x38 ./Middlewares/ST/STM32_USB_Device_Library/Core/Src/usbd_core.o
                0x08006306                USBD_SetClassConfig
 .text.USBD_ClrClassConfig
                0x0800633e       0x34 ./Middlewares/ST/STM32_USB_Device_Library/Core/Src/usbd_core.o
                0x0800633e                USBD_ClrClassConfig
 .text.USBD_LL_SetupStage
                0x08006372       0xaa ./Middlewares/ST/STM32_USB_Device_Library/Core/Src/usbd_core.o
                0x08006372                USBD_LL_SetupStage
 .text.USBD_LL_DataOutStage
                0x0800641c      0x166 ./Middlewares/ST/STM32_USB_Device_Library/Core/Src/usbd_core.o
                0x0800641c                USBD_LL_DataOutStage
 .text.USBD_LL_DataInStage
                0x08006582      0x164 ./Middlewares/ST/STM32_USB_Device_Library/Core/Src/usbd_core.o
                0x08006582                USBD_LL_DataInStage
 .text.USBD_LL_Reset
                0x080066e6       0xa4 ./Middlewares/ST/STM32_USB_Device_Library/Core/Src/usbd_core.o
                0x080066e6                USBD_LL_Reset
 .text.USBD_LL_SetSpeed
                0x0800678a       0x20 ./Middlewares/ST/STM32_USB_Device_Library/Core/Src/usbd_core.o
                0x0800678a                USBD_LL_SetSpeed
 .text.USBD_LL_Suspend
                0x080067aa       0x38 ./Middlewares/ST/STM32_USB_Device_Library/Core/Src/usbd_core.o
                0x080067aa                USBD_LL_Suspend
 .text.USBD_LL_Resume
                0x080067e2       0x30 ./Middlewares/ST/STM32_USB_Device_Library/Core/Src/usbd_core.o
                0x080067e2                USBD_LL_Resume
 .text.USBD_LL_SOF
                0x08006812       0x40 ./Middlewares/ST/STM32_USB_Device_Library/Core/Src/usbd_core.o
                0x08006812                USBD_LL_SOF
 .text.USBD_LL_IsoINIncomplete
                0x08006852       0x64 ./Middlewares/ST/STM32_USB_Device_Library/Core/Src/usbd_core.o
                0x08006852                USBD_LL_IsoINIncomplete
 .text.USBD_LL_IsoOUTIncomplete
                0x080068b6       0x64 ./Middlewares/ST/STM32_USB_Device_Library/Core/Src/usbd_core.o
                0x080068b6                USBD_LL_IsoOUTIncomplete
 .text.USBD_LL_DevConnected
                0x0800691a       0x16 ./Middlewares/ST/STM32_USB_Device_Library/Core/Src/usbd_core.o
                0x0800691a                USBD_LL_DevConnected
 .text.USBD_LL_DevDisconnected
                0x08006930       0x46 ./Middlewares/ST/STM32_USB_Device_Library/Core/Src/usbd_core.o
                0x08006930                USBD_LL_DevDisconnected
 .text.USBD_CoreFindIF
                0x08006976       0x1a ./Middlewares/ST/STM32_USB_Device_Library/Core/Src/usbd_core.o
                0x08006976                USBD_CoreFindIF
 .text.USBD_CoreFindEP
                0x08006990       0x1a ./Middlewares/ST/STM32_USB_Device_Library/Core/Src/usbd_core.o
                0x08006990                USBD_CoreFindEP
 .text.USBD_GetEpDesc
                0x080069aa       0x70 ./Middlewares/ST/STM32_USB_Device_Library/Core/Src/usbd_core.o
                0x080069aa                USBD_GetEpDesc
 .text.USBD_GetNextDesc
                0x08006a1a       0x38 ./Middlewares/ST/STM32_USB_Device_Library/Core/Src/usbd_core.o
                0x08006a1a                USBD_GetNextDesc
 .text.SWAPBYTE
                0x08006a52       0x3c ./Middlewares/ST/STM32_USB_Device_Library/Core/Src/usbd_ctlreq.o
 *fill*         0x08006a8e        0x2 
 .text.USBD_StdDevReq
                0x08006a90       0xe4 ./Middlewares/ST/STM32_USB_Device_Library/Core/Src/usbd_ctlreq.o
                0x08006a90                USBD_StdDevReq
 .text.USBD_StdItfReq
                0x08006b74       0xd8 ./Middlewares/ST/STM32_USB_Device_Library/Core/Src/usbd_ctlreq.o
                0x08006b74                USBD_StdItfReq
 .text.USBD_StdEPReq
                0x08006c4c      0x33a ./Middlewares/ST/STM32_USB_Device_Library/Core/Src/usbd_ctlreq.o
                0x08006c4c                USBD_StdEPReq
 *fill*         0x08006f86        0x2 
 .text.USBD_GetDescriptor
                0x08006f88      0x2d4 ./Middlewares/ST/STM32_USB_Device_Library/Core/Src/usbd_ctlreq.o
 .text.USBD_SetAddress
                0x0800725c       0x88 ./Middlewares/ST/STM32_USB_Device_Library/Core/Src/usbd_ctlreq.o
 .text.USBD_SetConfig
                0x080072e4      0x154 ./Middlewares/ST/STM32_USB_Device_Library/Core/Src/usbd_ctlreq.o
 .text.USBD_GetConfig
                0x08007438       0x6c ./Middlewares/ST/STM32_USB_Device_Library/Core/Src/usbd_ctlreq.o
 .text.USBD_GetStatus
                0x080074a4       0x68 ./Middlewares/ST/STM32_USB_Device_Library/Core/Src/usbd_ctlreq.o
 .text.USBD_SetFeature
                0x0800750c       0x52 ./Middlewares/ST/STM32_USB_Device_Library/Core/Src/usbd_ctlreq.o
 .text.USBD_ClrFeature
                0x0800755e       0x44 ./Middlewares/ST/STM32_USB_Device_Library/Core/Src/usbd_ctlreq.o
 .text.USBD_ParseSetupRequest
                0x080075a2       0x74 ./Middlewares/ST/STM32_USB_Device_Library/Core/Src/usbd_ctlreq.o
                0x080075a2                USBD_ParseSetupRequest
 .text.USBD_CtlError
                0x08007616       0x22 ./Middlewares/ST/STM32_USB_Device_Library/Core/Src/usbd_ctlreq.o
                0x08007616                USBD_CtlError
 .text.USBD_GetString
                0x08007638       0xa4 ./Middlewares/ST/STM32_USB_Device_Library/Core/Src/usbd_ctlreq.o
                0x08007638                USBD_GetString
 .text.USBD_GetLen
                0x080076dc       0x34 ./Middlewares/ST/STM32_USB_Device_Library/Core/Src/usbd_ctlreq.o
 .text.USBD_CtlSendData
                0x08007710       0x36 ./Middlewares/ST/STM32_USB_Device_Library/Core/Src/usbd_ioreq.o
                0x08007710                USBD_CtlSendData
 .text.USBD_CtlContinueSendData
                0x08007746       0x22 ./Middlewares/ST/STM32_USB_Device_Library/Core/Src/usbd_ioreq.o
                0x08007746                USBD_CtlContinueSendData
 .text.USBD_CtlPrepareRx
                0x08007768       0x3a ./Middlewares/ST/STM32_USB_Device_Library/Core/Src/usbd_ioreq.o
                0x08007768                USBD_CtlPrepareRx
 .text.USBD_CtlContinueRx
                0x080077a2       0x22 ./Middlewares/ST/STM32_USB_Device_Library/Core/Src/usbd_ioreq.o
                0x080077a2                USBD_CtlContinueRx
 .text.USBD_CtlSendStatus
                0x080077c4       0x26 ./Middlewares/ST/STM32_USB_Device_Library/Core/Src/usbd_ioreq.o
                0x080077c4                USBD_CtlSendStatus
 .text.USBD_CtlReceiveStatus
                0x080077ea       0x26 ./Middlewares/ST/STM32_USB_Device_Library/Core/Src/usbd_ioreq.o
                0x080077ea                USBD_CtlReceiveStatus
 .text.MX_USB_DEVICE_Init
                0x08007810       0x60 ./USB_DEVICE/App/usb_device.o
                0x08007810                MX_USB_DEVICE_Init
 .text.CDC_Init_FS
                0x08007870       0x28 ./USB_DEVICE/App/usbd_cdc_if.o
 .text.CDC_DeInit_FS
                0x08007898       0x10 ./USB_DEVICE/App/usbd_cdc_if.o
 .text.CDC_Control_FS
                0x080078a8       0xbc ./USB_DEVICE/App/usbd_cdc_if.o
 .text.CDC_Receive_FS
                0x08007964       0x28 ./USB_DEVICE/App/usbd_cdc_if.o
 .text.CDC_TransmitCplt_FS
                0x0800798c       0x22 ./USB_DEVICE/App/usbd_cdc_if.o
 *fill*         0x080079ae        0x2 
 .text.USBD_FS_DeviceDescriptor
                0x080079b0       0x24 ./USB_DEVICE/App/usbd_desc.o
                0x080079b0                USBD_FS_DeviceDescriptor
 .text.USBD_FS_LangIDStrDescriptor
                0x080079d4       0x24 ./USB_DEVICE/App/usbd_desc.o
                0x080079d4                USBD_FS_LangIDStrDescriptor
 .text.USBD_FS_ProductStrDescriptor
                0x080079f8       0x3c ./USB_DEVICE/App/usbd_desc.o
                0x080079f8                USBD_FS_ProductStrDescriptor
 .text.USBD_FS_ManufacturerStrDescriptor
                0x08007a34       0x28 ./USB_DEVICE/App/usbd_desc.o
                0x08007a34                USBD_FS_ManufacturerStrDescriptor
 .text.USBD_FS_SerialStrDescriptor
                0x08007a5c       0x24 ./USB_DEVICE/App/usbd_desc.o
                0x08007a5c                USBD_FS_SerialStrDescriptor
 .text.USBD_FS_ConfigStrDescriptor
                0x08007a80       0x3c ./USB_DEVICE/App/usbd_desc.o
                0x08007a80                USBD_FS_ConfigStrDescriptor
 .text.USBD_FS_InterfaceStrDescriptor
                0x08007abc       0x3c ./USB_DEVICE/App/usbd_desc.o
                0x08007abc                USBD_FS_InterfaceStrDescriptor
 .text.Get_SerialNum
                0x08007af8       0x58 ./USB_DEVICE/App/usbd_desc.o
 .text.IntToUnicode
                0x08007b50       0x7e ./USB_DEVICE/App/usbd_desc.o
 *fill*         0x08007bce        0x2 
 .text.HAL_PCD_MspInit
                0x08007bd0       0xa8 ./USB_DEVICE/Target/usbd_conf.o
                0x08007bd0                HAL_PCD_MspInit
 .text.HAL_PCD_SetupStageCallback
                0x08007c78       0x24 ./USB_DEVICE/Target/usbd_conf.o
                0x08007c78                HAL_PCD_SetupStageCallback
 .text.HAL_PCD_DataOutStageCallback
                0x08007c9c       0x36 ./USB_DEVICE/Target/usbd_conf.o
                0x08007c9c                HAL_PCD_DataOutStageCallback
 .text.HAL_PCD_DataInStageCallback
                0x08007cd2       0x34 ./USB_DEVICE/Target/usbd_conf.o
                0x08007cd2                HAL_PCD_DataInStageCallback
 .text.HAL_PCD_SOFCallback
                0x08007d06       0x1c ./USB_DEVICE/Target/usbd_conf.o
                0x08007d06                HAL_PCD_SOFCallback
 .text.HAL_PCD_ResetCallback
                0x08007d22       0x50 ./USB_DEVICE/Target/usbd_conf.o
                0x08007d22                HAL_PCD_ResetCallback
 *fill*         0x08007d72        0x2 
 .text.HAL_PCD_SuspendCallback
                0x08007d74       0x4c ./USB_DEVICE/Target/usbd_conf.o
                0x08007d74                HAL_PCD_SuspendCallback
 .text.HAL_PCD_ResumeCallback
                0x08007dc0       0x1c ./USB_DEVICE/Target/usbd_conf.o
                0x08007dc0                HAL_PCD_ResumeCallback
 .text.HAL_PCD_ISOOUTIncompleteCallback
                0x08007ddc       0x24 ./USB_DEVICE/Target/usbd_conf.o
                0x08007ddc                HAL_PCD_ISOOUTIncompleteCallback
 .text.HAL_PCD_ISOINIncompleteCallback
                0x08007e00       0x24 ./USB_DEVICE/Target/usbd_conf.o
                0x08007e00                HAL_PCD_ISOINIncompleteCallback
 .text.HAL_PCD_ConnectCallback
                0x08007e24       0x1c ./USB_DEVICE/Target/usbd_conf.o
                0x08007e24                HAL_PCD_ConnectCallback
 .text.HAL_PCD_DisconnectCallback
                0x08007e40       0x1c ./USB_DEVICE/Target/usbd_conf.o
                0x08007e40                HAL_PCD_DisconnectCallback
 .text.USBD_LL_Init
                0x08007e5c       0x98 ./USB_DEVICE/Target/usbd_conf.o
                0x08007e5c                USBD_LL_Init
 .text.USBD_LL_Start
                0x08007ef4       0x36 ./USB_DEVICE/Target/usbd_conf.o
                0x08007ef4                USBD_LL_Start
 .text.USBD_LL_OpenEP
                0x08007f2a       0x4c ./USB_DEVICE/Target/usbd_conf.o
                0x08007f2a                USBD_LL_OpenEP
 .text.USBD_LL_CloseEP
                0x08007f76       0x3e ./USB_DEVICE/Target/usbd_conf.o
                0x08007f76                USBD_LL_CloseEP
 .text.USBD_LL_StallEP
                0x08007fb4       0x3e ./USB_DEVICE/Target/usbd_conf.o
                0x08007fb4                USBD_LL_StallEP
 .text.USBD_LL_ClearStallEP
                0x08007ff2       0x3e ./USB_DEVICE/Target/usbd_conf.o
                0x08007ff2                USBD_LL_ClearStallEP
 .text.USBD_LL_IsStallEP
                0x08008030       0x58 ./USB_DEVICE/Target/usbd_conf.o
                0x08008030                USBD_LL_IsStallEP
 .text.USBD_LL_SetUSBAddress
                0x08008088       0x3e ./USB_DEVICE/Target/usbd_conf.o
                0x08008088                USBD_LL_SetUSBAddress
 .text.USBD_LL_Transmit
                0x080080c6       0x42 ./USB_DEVICE/Target/usbd_conf.o
                0x080080c6                USBD_LL_Transmit
 .text.USBD_LL_PrepareReceive
                0x08008108       0x42 ./USB_DEVICE/Target/usbd_conf.o
                0x08008108                USBD_LL_PrepareReceive
 .text.USBD_LL_GetRxDataSize
                0x0800814a       0x26 ./USB_DEVICE/Target/usbd_conf.o
                0x0800814a                USBD_LL_GetRxDataSize
 .text.USBD_static_malloc
                0x08008170       0x1c ./USB_DEVICE/Target/usbd_conf.o
                0x08008170                USBD_static_malloc
 .text.USBD_static_free
                0x0800818c       0x14 ./USB_DEVICE/Target/usbd_conf.o
                0x0800818c                USBD_static_free
 .text.USBD_Get_USB_Status
                0x080081a0       0x58 ./USB_DEVICE/Target/usbd_conf.o
                0x080081a0                USBD_Get_USB_Status
 .text.memset   0x080081f8       0x10 C:/ST/STM32CubeIDE_1.15.0/STM32CubeIDE/plugins/com.st.stm32cube.ide.mcu.externaltools.gnu-tools-for-stm32.12.3.rel1.win32_1.0.200.202406191623/tools/bin/../lib/gcc/arm-none-eabi/12.3.1/../../../../arm-none-eabi/lib/thumb/v7e-m+fp/hard\libc_nano.a(libc_a-memset.o)
                0x080081f8                memset
 .text.__libc_init_array
                0x08008208       0x48 C:/ST/STM32CubeIDE_1.15.0/STM32CubeIDE/plugins/com.st.stm32cube.ide.mcu.externaltools.gnu-tools-for-stm32.12.3.rel1.win32_1.0.200.202406191623/tools/bin/../lib/gcc/arm-none-eabi/12.3.1/../../../../arm-none-eabi/lib/thumb/v7e-m+fp/hard\libc_nano.a(libc_a-init.o)
                0x08008208                __libc_init_array
 *(.glue_7)
 .glue_7        0x08008250        0x0 linker stubs
 *(.glue_7t)
 .glue_7t       0x08008250        0x0 linker stubs
 *(.eh_frame)
 .eh_frame      0x08008250        0x0 C:/ST/STM32CubeIDE_1.15.0/STM32CubeIDE/plugins/com.st.stm32cube.ide.mcu.externaltools.gnu-tools-for-stm32.12.3.rel1.win32_1.0.200.202406191623/tools/bin/../lib/gcc/arm-none-eabi/12.3.1/thumb/v7e-m+fp/hard/crtbegin.o
 *(.init)
 .init          0x08008250        0x4 C:/ST/STM32CubeIDE_1.15.0/STM32CubeIDE/plugins/com.st.stm32cube.ide.mcu.externaltools.gnu-tools-for-stm32.12.3.rel1.win32_1.0.200.202406191623/tools/bin/../lib/gcc/arm-none-eabi/12.3.1/thumb/v7e-m+fp/hard/crti.o
                0x08008250                _init
 .init          0x08008254        0x8 C:/ST/STM32CubeIDE_1.15.0/STM32CubeIDE/plugins/com.st.stm32cube.ide.mcu.externaltools.gnu-tools-for-stm32.12.3.rel1.win32_1.0.200.202406191623/tools/bin/../lib/gcc/arm-none-eabi/12.3.1/thumb/v7e-m+fp/hard/crtn.o
 *(.fini)
 .fini          0x0800825c        0x4 C:/ST/STM32CubeIDE_1.15.0/STM32CubeIDE/plugins/com.st.stm32cube.ide.mcu.externaltools.gnu-tools-for-stm32.12.3.rel1.win32_1.0.200.202406191623/tools/bin/../lib/gcc/arm-none-eabi/12.3.1/thumb/v7e-m+fp/hard/crti.o
                0x0800825c                _fini
 .fini          0x08008260        0x8 C:/ST/STM32CubeIDE_1.15.0/STM32CubeIDE/plugins/com.st.stm32cube.ide.mcu.externaltools.gnu-tools-for-stm32.12.3.rel1.win32_1.0.200.202406191623/tools/bin/../lib/gcc/arm-none-eabi/12.3.1/thumb/v7e-m+fp/hard/crtn.o
                0x08008268                        . = ALIGN (0x4)
                0x08008268                        _etext = .

.vfp11_veneer   0x08008268        0x0
 .vfp11_veneer  0x08008268        0x0 linker stubs

.v4_bx          0x08008268        0x0
 .v4_bx         0x08008268        0x0 linker stubs

.iplt           0x08008268        0x0
 .iplt          0x08008268        0x0 C:/ST/STM32CubeIDE_1.15.0/STM32CubeIDE/plugins/com.st.stm32cube.ide.mcu.externaltools.gnu-tools-for-stm32.12.3.rel1.win32_1.0.200.202406191623/tools/bin/../lib/gcc/arm-none-eabi/12.3.1/thumb/v7e-m+fp/hard/crtbegin.o

.rodata         0x08008268       0x90
                0x08008268                        . = ALIGN (0x4)
 *(.rodata)
 .rodata        0x08008268       0x30 ./Core/Src/main.o
 .rodata        0x08008298       0x46 ./USB_DEVICE/App/usbd_desc.o
 *(.rodata*)
 *fill*         0x080082de        0x2 
 .rodata.AHBPrescTable
                0x080082e0       0x10 ./Core/Src/system_stm32f4xx.o
                0x080082e0                AHBPrescTable
 .rodata.APBPrescTable
                0x080082f0        0x8 ./Core/Src/system_stm32f4xx.o
                0x080082f0                APBPrescTable
                0x080082f8                        . = ALIGN (0x4)

.ARM.extab      0x080082f8        0x0
                0x080082f8                        . = ALIGN (0x4)
 *(.ARM.extab* .gnu.linkonce.armextab.*)
                0x080082f8                        . = ALIGN (0x4)

.ARM            0x080082f8        0x8
                0x080082f8                        . = ALIGN (0x4)
                0x080082f8                        __exidx_start = .
 *(.ARM.exidx*)
 .ARM.exidx     0x080082f8        0x8 C:/ST/STM32CubeIDE_1.15.0/STM32CubeIDE/plugins/com.st.stm32cube.ide.mcu.externaltools.gnu-tools-for-stm32.12.3.rel1.win32_1.0.200.202406191623/tools/bin/../lib/gcc/arm-none-eabi/12.3.1/../../../../arm-none-eabi/lib/thumb/v7e-m+fp/hard\libc_nano.a(libc_a-strlen.o)
 .ARM.exidx     0x08008300        0x0 C:/ST/STM32CubeIDE_1.15.0/STM32CubeIDE/plugins/com.st.stm32cube.ide.mcu.externaltools.gnu-tools-for-stm32.12.3.rel1.win32_1.0.200.202406191623/tools/bin/../lib/gcc/arm-none-eabi/12.3.1/thumb/v7e-m+fp/hard\libgcc.a(_udivmoddi4.o)
                                  0x8 (size before relaxing)
                0x08008300                        __exidx_end = .
                0x08008300                        . = ALIGN (0x4)

.preinit_array  0x08008300        0x0
                0x08008300                        . = ALIGN (0x4)
                0x08008300                        PROVIDE (__preinit_array_start = .)
 *(.preinit_array*)
                0x08008300                        PROVIDE (__preinit_array_end = .)
                0x08008300                        . = ALIGN (0x4)

.init_array     0x08008300        0x4
                0x08008300                        . = ALIGN (0x4)
                0x08008300                        PROVIDE (__init_array_start = .)
 *(SORT_BY_NAME(.init_array.*))
 *(.init_array*)
 .init_array    0x08008300        0x4 C:/ST/STM32CubeIDE_1.15.0/STM32CubeIDE/plugins/com.st.stm32cube.ide.mcu.externaltools.gnu-tools-for-stm32.12.3.rel1.win32_1.0.200.202406191623/tools/bin/../lib/gcc/arm-none-eabi/12.3.1/thumb/v7e-m+fp/hard/crtbegin.o
                0x08008304                        PROVIDE (__init_array_end = .)
                0x08008304                        . = ALIGN (0x4)

.fini_array     0x08008304        0x4
                0x08008304                        . = ALIGN (0x4)
                [!provide]                        PROVIDE (__fini_array_start = .)
 *(SORT_BY_NAME(.fini_array.*))
 *(.fini_array*)
 .fini_array    0x08008304        0x4 C:/ST/STM32CubeIDE_1.15.0/STM32CubeIDE/plugins/com.st.stm32cube.ide.mcu.externaltools.gnu-tools-for-stm32.12.3.rel1.win32_1.0.200.202406191623/tools/bin/../lib/gcc/arm-none-eabi/12.3.1/thumb/v7e-m+fp/hard/crtbegin.o
                [!provide]                        PROVIDE (__fini_array_end = .)
                0x08008308                        . = ALIGN (0x4)
                0x08008308                        _sidata = LOADADDR (.data)

.rel.dyn        0x08008308        0x0
 .rel.iplt      0x08008308        0x0 C:/ST/STM32CubeIDE_1.15.0/STM32CubeIDE/plugins/com.st.stm32cube.ide.mcu.externaltools.gnu-tools-for-stm32.12.3.rel1.win32_1.0.200.202406191623/tools/bin/../lib/gcc/arm-none-eabi/12.3.1/thumb/v7e-m+fp/hard/crtbegin.o

.data           0x20000000       0xfc load address 0x08008308
                0x20000000                        . = ALIGN (0x4)
                0x20000000                        _sdata = .
 *(.data)
 *(.data*)
 .data.SystemCoreClock
                0x20000000        0x4 ./Core/Src/system_stm32f4xx.o
                0x20000000                SystemCoreClock
 .data.uwTickPrio
                0x20000004        0x4 ./Drivers/STM32F4xx_HAL_Driver/Src/stm32f4xx_hal.o
                0x20000004                uwTickPrio
 .data.uwTickFreq
                0x20000008        0x1 ./Drivers/STM32F4xx_HAL_Driver/Src/stm32f4xx_hal.o
                0x20000008                uwTickFreq
 *fill*         0x20000009        0x3 
 .data.USBD_CDC_DeviceQualifierDesc
                0x2000000c        0xa ./Middlewares/ST/STM32_USB_Device_Library/Class/CDC/Src/usbd_cdc.o
 *fill*         0x20000016        0x2 
 .data.USBD_CDC
                0x20000018       0x38 ./Middlewares/ST/STM32_USB_Device_Library/Class/CDC/Src/usbd_cdc.o
                0x20000018                USBD_CDC
 .data.USBD_CDC_CfgDesc
                0x20000050       0x43 ./Middlewares/ST/STM32_USB_Device_Library/Class/CDC/Src/usbd_cdc.o
 .data.CDCInEpAdd
                0x20000093        0x1 ./Middlewares/ST/STM32_USB_Device_Library/Class/CDC/Src/usbd_cdc.o
 .data.CDCOutEpAdd
                0x20000094        0x1 ./Middlewares/ST/STM32_USB_Device_Library/Class/CDC/Src/usbd_cdc.o
 .data.CDCCmdEpAdd
                0x20000095        0x1 ./Middlewares/ST/STM32_USB_Device_Library/Class/CDC/Src/usbd_cdc.o
 *fill*         0x20000096        0x2 
 .data.USBD_Interface_fops_FS
                0x20000098       0x14 ./USB_DEVICE/App/usbd_cdc_if.o
                0x20000098                USBD_Interface_fops_FS
 .data.FS_Desc  0x200000ac       0x1c ./USB_DEVICE/App/usbd_desc.o
                0x200000ac                FS_Desc
 .data.USBD_FS_DeviceDesc
                0x200000c8       0x12 ./USB_DEVICE/App/usbd_desc.o
                0x200000c8                USBD_FS_DeviceDesc
 *fill*         0x200000da        0x2 
 .data.USBD_LangIDDesc
                0x200000dc        0x4 ./USB_DEVICE/App/usbd_desc.o
                0x200000dc                USBD_LangIDDesc
 .data.USBD_StringSerial
                0x200000e0       0x1a ./USB_DEVICE/App/usbd_desc.o
                0x200000e0                USBD_StringSerial
 *(.RamFunc)
 *(.RamFunc*)
                0x200000fc                        . = ALIGN (0x4)
 *fill*         0x200000fa        0x2 
                0x200000fc                        _edata = .
                0x08008404                        _siccmram = LOADADDR (.ccmram)

.igot.plt       0x200000fc        0x0 load address 0x08008404
 .igot.plt      0x200000fc        0x0 C:/ST/STM32CubeIDE_1.15.0/STM32CubeIDE/plugins/com.st.stm32cube.ide.mcu.externaltools.gnu-tools-for-stm32.12.3.rel1.win32_1.0.200.202406191623/tools/bin/../lib/gcc/arm-none-eabi/12.3.1/thumb/v7e-m+fp/hard/crtbegin.o

.ccmram         0x10000000        0x0 load address 0x08008404
                0x10000000                        . = ALIGN (0x4)
                0x10000000                        _sccmram = .
 *(.ccmram)
 *(.ccmram*)
                0x10000000                        . = ALIGN (0x4)
                0x10000000                        _eccmram = .
                0x10000000                        . = ALIGN (0x4)

.bss            0x200000fc     0x1cd8
                0x200000fc                        _sbss = .
                0x200000fc                        __bss_start__ = _sbss
 *(.bss)
 .bss           0x200000fc       0x1c C:/ST/STM32CubeIDE_1.15.0/STM32CubeIDE/plugins/com.st.stm32cube.ide.mcu.externaltools.gnu-tools-for-stm32.12.3.rel1.win32_1.0.200.202406191623/tools/bin/../lib/gcc/arm-none-eabi/12.3.1/thumb/v7e-m+fp/hard/crtbegin.o
 *(.bss*)
 .bss.externalLedState
                0x20000118        0x1 ./Core/Src/basicApplication.o
 *fill*         0x20000119        0x3 
 .bss.huart1    0x2000011c       0x48 ./Core/Src/main.o
                0x2000011c                huart1
 .bss.rx_byte   0x20000164        0x1 ./Core/Src/usart.o
                0x20000164                rx_byte
 *fill*         0x20000165        0x3 
 .bss.UART_Buffer
                0x20000168       0x80 ./Core/Src/usart.o
                0x20000168                UART_Buffer
 .bss.UART_Head
                0x200001e8        0x2 ./Core/Src/usart.o
                0x200001e8                UART_Head
 .bss.UART_Tail
                0x200001ea        0x2 ./Core/Src/usart.o
                0x200001ea                UART_Tail
 .bss.uwTick    0x200001ec        0x4 ./Drivers/STM32F4xx_HAL_Driver/Src/stm32f4xx_hal.o
                0x200001ec                uwTick
 .bss.cfgidx.0  0x200001f0        0x1 ./Middlewares/ST/STM32_USB_Device_Library/Core/Src/usbd_ctlreq.o
 *fill*         0x200001f1        0x3 
 .bss.hUsbDeviceFS
                0x200001f4      0x2dc ./USB_DEVICE/App/usb_device.o
                0x200001f4                hUsbDeviceFS
 .bss.UserRxBufferFS
                0x200004d0      0x800 ./USB_DEVICE/App/usbd_cdc_if.o
                0x200004d0                UserRxBufferFS
 .bss.UserTxBufferFS
                0x20000cd0      0x800 ./USB_DEVICE/App/usbd_cdc_if.o
                0x20000cd0                UserTxBufferFS
 .bss.USBD_StrDesc
                0x200014d0      0x200 ./USB_DEVICE/App/usbd_desc.o
                0x200014d0                USBD_StrDesc
 .bss.hpcd_USB_OTG_FS
                0x200016d0      0x4e4 ./USB_DEVICE/Target/usbd_conf.o
                0x200016d0                hpcd_USB_OTG_FS
 .bss.mem.0     0x20001bb4      0x220 ./USB_DEVICE/Target/usbd_conf.o
 *(COMMON)
                0x20001dd4                        . = ALIGN (0x4)
                0x20001dd4                        _ebss = .
                0x20001dd4                        __bss_end__ = _ebss

._user_heap_stack
                0x20001dd4     0x6004
                0x20001dd8                        . = ALIGN (0x8)
 *fill*         0x20001dd4        0x4 
                [!provide]                        PROVIDE (end = .)
                0x20001dd8                        PROVIDE (_end = .)
                0x20003dd8                        . = (. + _Min_Heap_Size)
 *fill*         0x20001dd8     0x2000 
                0x20007dd8                        . = (. + _Min_Stack_Size)
 *fill*         0x20003dd8     0x4000 
                0x20007dd8                        . = ALIGN (0x8)

/DISCARD/
 libc.a(*)
 libm.a(*)
 libgcc.a(*)

.ARM.attributes
                0x00000000       0x30
 *(.ARM.attributes)
 .ARM.attributes
                0x00000000       0x22 C:/ST/STM32CubeIDE_1.15.0/STM32CubeIDE/plugins/com.st.stm32cube.ide.mcu.externaltools.gnu-tools-for-stm32.12.3.rel1.win32_1.0.200.202406191623/tools/bin/../lib/gcc/arm-none-eabi/12.3.1/thumb/v7e-m+fp/hard/crti.o
 .ARM.attributes
                0x00000022       0x34 C:/ST/STM32CubeIDE_1.15.0/STM32CubeIDE/plugins/com.st.stm32cube.ide.mcu.externaltools.gnu-tools-for-stm32.12.3.rel1.win32_1.0.200.202406191623/tools/bin/../lib/gcc/arm-none-eabi/12.3.1/thumb/v7e-m+fp/hard/crtbegin.o
 .ARM.attributes
                0x00000056       0x34 ./Core/Src/basicApplication.o
 .ARM.attributes
                0x0000008a       0x34 ./Core/Src/error_handler.o
 .ARM.attributes
                0x000000be       0x34 ./Core/Src/gpio_config.o
 .ARM.attributes
                0x000000f2       0x34 ./Core/Src/main.o
 .ARM.attributes
                0x00000126       0x34 ./Core/Src/stm32f4xx_hal_msp.o
 .ARM.attributes
                0x0000015a       0x34 ./Core/Src/stm32f4xx_it.o
 .ARM.attributes
                0x0000018e       0x34 ./Core/Src/system_config.o
 .ARM.attributes
                0x000001c2       0x34 ./Core/Src/system_stm32f4xx.o
 .ARM.attributes
                0x000001f6       0x34 ./Core/Src/usart.o
 .ARM.attributes
                0x0000022a       0x21 ./Core/Startup/startup_stm32f407vgtx.o
 .ARM.attributes
                0x0000024b       0x34 ./Drivers/STM32F4xx_HAL_Driver/Src/stm32f4xx_hal.o
 .ARM.attributes
                0x0000027f       0x34 ./Drivers/STM32F4xx_HAL_Driver/Src/stm32f4xx_hal_cortex.o
 .ARM.attributes
                0x000002b3       0x34 ./Drivers/STM32F4xx_HAL_Driver/Src/stm32f4xx_hal_dma.o
 .ARM.attributes
                0x000002e7       0x34 ./Drivers/STM32F4xx_HAL_Driver/Src/stm32f4xx_hal_gpio.o
 .ARM.attributes
                0x0000031b       0x34 ./Drivers/STM32F4xx_HAL_Driver/Src/stm32f4xx_hal_pcd.o
 .ARM.attributes
                0x0000034f       0x34 ./Drivers/STM32F4xx_HAL_Driver/Src/stm32f4xx_hal_pcd_ex.o
 .ARM.attributes
                0x00000383       0x34 ./Drivers/STM32F4xx_HAL_Driver/Src/stm32f4xx_hal_rcc.o
 .ARM.attributes
                0x000003b7       0x34 ./Drivers/STM32F4xx_HAL_Driver/Src/stm32f4xx_hal_uart.o
 .ARM.attributes
                0x000003eb       0x34 ./Drivers/STM32F4xx_HAL_Driver/Src/stm32f4xx_ll_usb.o
 .ARM.attributes
                0x0000041f       0x34 ./Middlewares/ST/STM32_USB_Device_Library/Class/CDC/Src/usbd_cdc.o
 .ARM.attributes
                0x00000453       0x34 ./Middlewares/ST/STM32_USB_Device_Library/Core/Src/usbd_core.o
 .ARM.attributes
                0x00000487       0x34 ./Middlewares/ST/STM32_USB_Device_Library/Core/Src/usbd_ctlreq.o
 .ARM.attributes
                0x000004bb       0x34 ./Middlewares/ST/STM32_USB_Device_Library/Core/Src/usbd_ioreq.o
 .ARM.attributes
                0x000004ef       0x34 ./USB_DEVICE/App/usb_device.o
 .ARM.attributes
                0x00000523       0x34 ./USB_DEVICE/App/usbd_cdc_if.o
 .ARM.attributes
                0x00000557       0x34 ./USB_DEVICE/App/usbd_desc.o
 .ARM.attributes
                0x0000058b       0x34 ./USB_DEVICE/Target/usbd_conf.o
 .ARM.attributes
                0x000005bf       0x34 C:/ST/STM32CubeIDE_1.15.0/STM32CubeIDE/plugins/com.st.stm32cube.ide.mcu.externaltools.gnu-tools-for-stm32.12.3.rel1.win32_1.0.200.202406191623/tools/bin/../lib/gcc/arm-none-eabi/12.3.1/../../../../arm-none-eabi/lib/thumb/v7e-m+fp/hard\libc_nano.a(libc_a-memset.o)
 .ARM.attributes
                0x000005f3       0x34 C:/ST/STM32CubeIDE_1.15.0/STM32CubeIDE/plugins/com.st.stm32cube.ide.mcu.externaltools.gnu-tools-for-stm32.12.3.rel1.win32_1.0.200.202406191623/tools/bin/../lib/gcc/arm-none-eabi/12.3.1/../../../../arm-none-eabi/lib/thumb/v7e-m+fp/hard\libc_nano.a(libc_a-init.o)
 .ARM.attributes
                0x00000627       0x17 C:/ST/STM32CubeIDE_1.15.0/STM32CubeIDE/plugins/com.st.stm32cube.ide.mcu.externaltools.gnu-tools-for-stm32.12.3.rel1.win32_1.0.200.202406191623/tools/bin/../lib/gcc/arm-none-eabi/12.3.1/../../../../arm-none-eabi/lib/thumb/v7e-m+fp/hard\libc_nano.a(libc_a-strlen.o)
 .ARM.attributes
                0x0000063e       0x22 C:/ST/STM32CubeIDE_1.15.0/STM32CubeIDE/plugins/com.st.stm32cube.ide.mcu.externaltools.gnu-tools-for-stm32.12.3.rel1.win32_1.0.200.202406191623/tools/bin/../lib/gcc/arm-none-eabi/12.3.1/thumb/v7e-m+fp/hard\libgcc.a(_aeabi_uldivmod.o)
 .ARM.attributes
                0x00000660       0x34 C:/ST/STM32CubeIDE_1.15.0/STM32CubeIDE/plugins/com.st.stm32cube.ide.mcu.externaltools.gnu-tools-for-stm32.12.3.rel1.win32_1.0.200.202406191623/tools/bin/../lib/gcc/arm-none-eabi/12.3.1/thumb/v7e-m+fp/hard\libgcc.a(_udivmoddi4.o)
 .ARM.attributes
                0x00000694       0x22 C:/ST/STM32CubeIDE_1.15.0/STM32CubeIDE/plugins/com.st.stm32cube.ide.mcu.externaltools.gnu-tools-for-stm32.12.3.rel1.win32_1.0.200.202406191623/tools/bin/../lib/gcc/arm-none-eabi/12.3.1/thumb/v7e-m+fp/hard\libgcc.a(_dvmd_tls.o)
 .ARM.attributes
                0x000006b6       0x22 C:/ST/STM32CubeIDE_1.15.0/STM32CubeIDE/plugins/com.st.stm32cube.ide.mcu.externaltools.gnu-tools-for-stm32.12.3.rel1.win32_1.0.200.202406191623/tools/bin/../lib/gcc/arm-none-eabi/12.3.1/thumb/v7e-m+fp/hard/crtn.o
OUTPUT(stm32application.elf elf32-littlearm)
LOAD linker stubs
LOAD C:/ST/STM32CubeIDE_1.15.0/STM32CubeIDE/plugins/com.st.stm32cube.ide.mcu.externaltools.gnu-tools-for-stm32.12.3.rel1.win32_1.0.200.202406191623/tools/bin/../lib/gcc/arm-none-eabi/12.3.1/../../../../arm-none-eabi/lib/thumb/v7e-m+fp/hard\libc.a
LOAD C:/ST/STM32CubeIDE_1.15.0/STM32CubeIDE/plugins/com.st.stm32cube.ide.mcu.externaltools.gnu-tools-for-stm32.12.3.rel1.win32_1.0.200.202406191623/tools/bin/../lib/gcc/arm-none-eabi/12.3.1/../../../../arm-none-eabi/lib/thumb/v7e-m+fp/hard\libm.a
LOAD C:/ST/STM32CubeIDE_1.15.0/STM32CubeIDE/plugins/com.st.stm32cube.ide.mcu.externaltools.gnu-tools-for-stm32.12.3.rel1.win32_1.0.200.202406191623/tools/bin/../lib/gcc/arm-none-eabi/12.3.1/thumb/v7e-m+fp/hard\libgcc.a

.debug_info     0x00000000    0x12f88
 .debug_info    0x00000000      0x200 ./Core/Src/basicApplication.o
 .debug_info    0x00000200       0xa9 ./Core/Src/error_handler.o
 .debug_info    0x000002a9      0x420 ./Core/Src/gpio_config.o
 .debug_info    0x000006c9      0x6c1 ./Core/Src/main.o
 .debug_info    0x00000d8a      0xb69 ./Core/Src/stm32f4xx_hal_msp.o
 .debug_info    0x000018f3      0xad6 ./Core/Src/stm32f4xx_it.o
 .debug_info    0x000023c9      0x490 ./Core/Src/system_config.o
 .debug_info    0x00002859      0x512 ./Core/Src/system_stm32f4xx.o
 .debug_info    0x00002d6b      0x9f2 ./Core/Src/usart.o
 .debug_info    0x0000375d       0x30 ./Core/Startup/startup_stm32f407vgtx.o
 .debug_info    0x0000378d      0x944 ./Drivers/STM32F4xx_HAL_Driver/Src/stm32f4xx_hal.o
 .debug_info    0x000040d1      0xd8c ./Drivers/STM32F4xx_HAL_Driver/Src/stm32f4xx_hal_cortex.o
 .debug_info    0x00004e5d      0x8e7 ./Drivers/STM32F4xx_HAL_Driver/Src/stm32f4xx_hal_dma.o
 .debug_info    0x00005744      0x6c3 ./Drivers/STM32F4xx_HAL_Driver/Src/stm32f4xx_hal_gpio.o
 .debug_info    0x00005e07     0x156f ./Drivers/STM32F4xx_HAL_Driver/Src/stm32f4xx_hal_pcd.o
 .debug_info    0x00007376      0x6ea ./Drivers/STM32F4xx_HAL_Driver/Src/stm32f4xx_hal_pcd_ex.o
 .debug_info    0x00007a60      0x8af ./Drivers/STM32F4xx_HAL_Driver/Src/stm32f4xx_hal_rcc.o
 .debug_info    0x0000830f     0x2f4f ./Drivers/STM32F4xx_HAL_Driver/Src/stm32f4xx_hal_uart.o
 .debug_info    0x0000b25e     0x1993 ./Drivers/STM32F4xx_HAL_Driver/Src/stm32f4xx_ll_usb.o
 .debug_info    0x0000cbf1     0x12a3 ./Middlewares/ST/STM32_USB_Device_Library/Class/CDC/Src/usbd_cdc.o
 .debug_info    0x0000de94      0xe05 ./Middlewares/ST/STM32_USB_Device_Library/Core/Src/usbd_core.o
 .debug_info    0x0000ec99      0xade ./Middlewares/ST/STM32_USB_Device_Library/Core/Src/usbd_ctlreq.o
 .debug_info    0x0000f777      0x755 ./Middlewares/ST/STM32_USB_Device_Library/Core/Src/usbd_ioreq.o
 .debug_info    0x0000fecc      0x701 ./USB_DEVICE/App/usb_device.o
 .debug_info    0x000105cd      0x8fa ./USB_DEVICE/App/usbd_cdc_if.o
 .debug_info    0x00010ec7      0x458 ./USB_DEVICE/App/usbd_desc.o
 .debug_info    0x0001131f     0x1c69 ./USB_DEVICE/Target/usbd_conf.o

.debug_abbrev   0x00000000     0x36de
 .debug_abbrev  0x00000000      0x134 ./Core/Src/basicApplication.o
 .debug_abbrev  0x00000134       0x69 ./Core/Src/error_handler.o
 .debug_abbrev  0x0000019d      0x169 ./Core/Src/gpio_config.o
 .debug_abbrev  0x00000306      0x1c9 ./Core/Src/main.o
 .debug_abbrev  0x000004cf      0x1cc ./Core/Src/stm32f4xx_hal_msp.o
 .debug_abbrev  0x0000069b      0x1dc ./Core/Src/stm32f4xx_it.o
 .debug_abbrev  0x00000877      0x18f ./Core/Src/system_config.o
 .debug_abbrev  0x00000a06      0x11a ./Core/Src/system_stm32f4xx.o
 .debug_abbrev  0x00000b20      0x27d ./Core/Src/usart.o
 .debug_abbrev  0x00000d9d       0x24 ./Core/Startup/startup_stm32f407vgtx.o
 .debug_abbrev  0x00000dc1      0x214 ./Drivers/STM32F4xx_HAL_Driver/Src/stm32f4xx_hal.o
 .debug_abbrev  0x00000fd5      0x31d ./Drivers/STM32F4xx_HAL_Driver/Src/stm32f4xx_hal_cortex.o
 .debug_abbrev  0x000012f2      0x264 ./Drivers/STM32F4xx_HAL_Driver/Src/stm32f4xx_hal_dma.o
 .debug_abbrev  0x00001556      0x1d4 ./Drivers/STM32F4xx_HAL_Driver/Src/stm32f4xx_hal_gpio.o
 .debug_abbrev  0x0000172a      0x2b9 ./Drivers/STM32F4xx_HAL_Driver/Src/stm32f4xx_hal_pcd.o
 .debug_abbrev  0x000019e3      0x1da ./Drivers/STM32F4xx_HAL_Driver/Src/stm32f4xx_hal_pcd_ex.o
 .debug_abbrev  0x00001bbd      0x2b7 ./Drivers/STM32F4xx_HAL_Driver/Src/stm32f4xx_hal_rcc.o
 .debug_abbrev  0x00001e74      0x30e ./Drivers/STM32F4xx_HAL_Driver/Src/stm32f4xx_hal_uart.o
 .debug_abbrev  0x00002182      0x2b3 ./Drivers/STM32F4xx_HAL_Driver/Src/stm32f4xx_ll_usb.o
 .debug_abbrev  0x00002435      0x2d2 ./Middlewares/ST/STM32_USB_Device_Library/Class/CDC/Src/usbd_cdc.o
 .debug_abbrev  0x00002707      0x27c ./Middlewares/ST/STM32_USB_Device_Library/Core/Src/usbd_core.o
 .debug_abbrev  0x00002983      0x26f ./Middlewares/ST/STM32_USB_Device_Library/Core/Src/usbd_ctlreq.o
 .debug_abbrev  0x00002bf2      0x19a ./Middlewares/ST/STM32_USB_Device_Library/Core/Src/usbd_ioreq.o
 .debug_abbrev  0x00002d8c      0x195 ./USB_DEVICE/App/usb_device.o
 .debug_abbrev  0x00002f21      0x29d ./USB_DEVICE/App/usbd_cdc_if.o
 .debug_abbrev  0x000031be      0x1e1 ./USB_DEVICE/App/usbd_desc.o
 .debug_abbrev  0x0000339f      0x33f ./USB_DEVICE/Target/usbd_conf.o

.debug_aranges  0x00000000      0xec0
 .debug_aranges
                0x00000000       0x28 ./Core/Src/basicApplication.o
 .debug_aranges
                0x00000028       0x20 ./Core/Src/error_handler.o
 .debug_aranges
                0x00000048       0x20 ./Core/Src/gpio_config.o
 .debug_aranges
                0x00000068       0x20 ./Core/Src/main.o
 .debug_aranges
                0x00000088       0x30 ./Core/Src/stm32f4xx_hal_msp.o
 .debug_aranges
                0x000000b8       0x70 ./Core/Src/stm32f4xx_it.o
 .debug_aranges
                0x00000128       0x20 ./Core/Src/system_config.o
 .debug_aranges
                0x00000148       0x28 ./Core/Src/system_stm32f4xx.o
 .debug_aranges
                0x00000170       0x50 ./Core/Src/usart.o
 .debug_aranges
                0x000001c0       0x28 ./Core/Startup/startup_stm32f407vgtx.o
 .debug_aranges
                0x000001e8       0xf0 ./Drivers/STM32F4xx_HAL_Driver/Src/stm32f4xx_hal.o
 .debug_aranges
                0x000002d8      0x130 ./Drivers/STM32F4xx_HAL_Driver/Src/stm32f4xx_hal_cortex.o
 .debug_aranges
                0x00000408       0x90 ./Drivers/STM32F4xx_HAL_Driver/Src/stm32f4xx_hal_dma.o
 .debug_aranges
                0x00000498       0x58 ./Drivers/STM32F4xx_HAL_Driver/Src/stm32f4xx_hal_gpio.o
 .debug_aranges
                0x000004f0      0x148 ./Drivers/STM32F4xx_HAL_Driver/Src/stm32f4xx_hal_pcd.o
 .debug_aranges
                0x00000638       0x38 ./Drivers/STM32F4xx_HAL_Driver/Src/stm32f4xx_hal_pcd_ex.o
 .debug_aranges
                0x00000670       0x88 ./Drivers/STM32F4xx_HAL_Driver/Src/stm32f4xx_hal_rcc.o
 .debug_aranges
                0x000006f8      0x208 ./Drivers/STM32F4xx_HAL_Driver/Src/stm32f4xx_hal_uart.o
 .debug_aranges
                0x00000900      0x1a0 ./Drivers/STM32F4xx_HAL_Driver/Src/stm32f4xx_ll_usb.o
 .debug_aranges
                0x00000aa0       0x90 ./Middlewares/ST/STM32_USB_Device_Library/Class/CDC/Src/usbd_cdc.o
 .debug_aranges
                0x00000b30       0xd8 ./Middlewares/ST/STM32_USB_Device_Library/Core/Src/usbd_core.o
 .debug_aranges
                0x00000c08       0x90 ./Middlewares/ST/STM32_USB_Device_Library/Core/Src/usbd_ctlreq.o
 .debug_aranges
                0x00000c98       0x50 ./Middlewares/ST/STM32_USB_Device_Library/Core/Src/usbd_ioreq.o
 .debug_aranges
                0x00000ce8       0x20 ./USB_DEVICE/App/usb_device.o
 .debug_aranges
                0x00000d08       0x48 ./USB_DEVICE/App/usbd_cdc_if.o
 .debug_aranges
                0x00000d50       0x60 ./USB_DEVICE/App/usbd_desc.o
 .debug_aranges
                0x00000db0      0x110 ./USB_DEVICE/Target/usbd_conf.o

.debug_rnglists
                0x00000000      0xb0a
 .debug_rnglists
                0x00000000       0x19 ./Core/Src/basicApplication.o
 .debug_rnglists
                0x00000019       0x13 ./Core/Src/error_handler.o
 .debug_rnglists
                0x0000002c       0x14 ./Core/Src/gpio_config.o
 .debug_rnglists
                0x00000040       0x13 ./Core/Src/main.o
 .debug_rnglists
                0x00000053       0x20 ./Core/Src/stm32f4xx_hal_msp.o
 .debug_rnglists
                0x00000073       0x4f ./Core/Src/stm32f4xx_it.o
 .debug_rnglists
                0x000000c2       0x14 ./Core/Src/system_config.o
 .debug_rnglists
                0x000000d6       0x1a ./Core/Src/system_stm32f4xx.o
 .debug_rnglists
                0x000000f0       0x37 ./Core/Src/usart.o
 .debug_rnglists
                0x00000127       0x19 ./Core/Startup/startup_stm32f407vgtx.o
 .debug_rnglists
                0x00000140       0xaf ./Drivers/STM32F4xx_HAL_Driver/Src/stm32f4xx_hal.o
 .debug_rnglists
                0x000001ef       0xe0 ./Drivers/STM32F4xx_HAL_Driver/Src/stm32f4xx_hal_cortex.o
 .debug_rnglists
                0x000002cf       0x70 ./Drivers/STM32F4xx_HAL_Driver/Src/stm32f4xx_hal_dma.o
 .debug_rnglists
                0x0000033f       0x3f ./Drivers/STM32F4xx_HAL_Driver/Src/stm32f4xx_hal_gpio.o
 .debug_rnglists
                0x0000037e       0xfa ./Drivers/STM32F4xx_HAL_Driver/Src/stm32f4xx_hal_pcd.o
 .debug_rnglists
                0x00000478       0x26 ./Drivers/STM32F4xx_HAL_Driver/Src/stm32f4xx_hal_pcd_ex.o
 .debug_rnglists
                0x0000049e       0x66 ./Drivers/STM32F4xx_HAL_Driver/Src/stm32f4xx_hal_rcc.o
 .debug_rnglists
                0x00000504      0x1bc ./Drivers/STM32F4xx_HAL_Driver/Src/stm32f4xx_hal_uart.o
 .debug_rnglists
                0x000006c0      0x147 ./Drivers/STM32F4xx_HAL_Driver/Src/stm32f4xx_ll_usb.o
 .debug_rnglists
                0x00000807       0x6c ./Middlewares/ST/STM32_USB_Device_Library/Class/CDC/Src/usbd_cdc.o
 .debug_rnglists
                0x00000873       0xa1 ./Middlewares/ST/STM32_USB_Device_Library/Core/Src/usbd_core.o
 .debug_rnglists
                0x00000914       0x6e ./Middlewares/ST/STM32_USB_Device_Library/Core/Src/usbd_ctlreq.o
 .debug_rnglists
                0x00000982       0x37 ./Middlewares/ST/STM32_USB_Device_Library/Core/Src/usbd_ioreq.o
 .debug_rnglists
                0x000009b9       0x13 ./USB_DEVICE/App/usb_device.o
 .debug_rnglists
                0x000009cc       0x32 ./USB_DEVICE/App/usbd_cdc_if.o
 .debug_rnglists
                0x000009fe       0x43 ./USB_DEVICE/App/usbd_desc.o
 .debug_rnglists
                0x00000a41       0xc9 ./USB_DEVICE/Target/usbd_conf.o

.debug_macro    0x00000000     0x53d6
 .debug_macro   0x00000000      0x2f1 ./Core/Src/basicApplication.o
 .debug_macro   0x000002f1       0x22 ./Core/Src/basicApplication.o
 .debug_macro   0x00000313       0x61 ./Core/Src/basicApplication.o
 .debug_macro   0x00000374       0x2a ./Core/Src/basicApplication.o
 .debug_macro   0x0000039e       0x43 ./Core/Src/basicApplication.o
 .debug_macro   0x000003e1       0x34 ./Core/Src/basicApplication.o
 .debug_macro   0x00000415       0x16 ./Core/Src/basicApplication.o
 .debug_macro   0x0000042b       0x43 ./Core/Src/basicApplication.o
 .debug_macro   0x0000046e       0x34 ./Core/Src/basicApplication.o
 .debug_macro   0x000004a2       0x10 ./Core/Src/basicApplication.o
 .debug_macro   0x000004b2       0x58 ./Core/Src/basicApplication.o
 .debug_macro   0x0000050a       0x8e ./Core/Src/basicApplication.o
 .debug_macro   0x00000598       0x1c ./Core/Src/basicApplication.o
 .debug_macro   0x000005b4      0x177 ./Core/Src/basicApplication.o
 .debug_macro   0x0000072b      0x369 ./Core/Src/basicApplication.o
 .debug_macro   0x00000a94       0x10 ./Core/Src/basicApplication.o
 .debug_macro   0x00000aa4       0x35 ./Core/Src/basicApplication.o
 .debug_macro   0x00000ad9       0x20 ./Core/Src/basicApplication.o
 .debug_macro   0x00000af9      0x1e8 ./Core/Src/error_handler.o
 .debug_macro   0x00000ce1      0x1e8 ./Core/Src/gpio_config.o
 .debug_macro   0x00000ec9      0x3c8 ./Core/Src/main.o
 .debug_macro   0x00001291       0x16 ./Core/Src/main.o
 .debug_macro   0x000012a7       0x10 ./Core/Src/main.o
 .debug_macro   0x000012b7       0x16 ./Core/Src/main.o
 .debug_macro   0x000012cd       0x16 ./Core/Src/main.o
 .debug_macro   0x000012e3      0x146 ./Core/Src/main.o
 .debug_macro   0x00001429       0x16 ./Core/Src/main.o
 .debug_macro   0x0000143f       0x16 ./Core/Src/main.o
 .debug_macro   0x00001455       0x29 ./Core/Src/main.o
 .debug_macro   0x0000147e       0x16 ./Core/Src/main.o
 .debug_macro   0x00001494       0x65 ./Core/Src/main.o
 .debug_macro   0x000014f9      0x20f ./Core/Src/main.o
 .debug_macro   0x00001708       0x95 ./Core/Src/main.o
 .debug_macro   0x0000179d       0x10 ./Core/Src/main.o
 .debug_macro   0x000017ad      0x1e8 ./Core/Src/stm32f4xx_hal_msp.o
 .debug_macro   0x00001995      0x1f2 ./Core/Src/stm32f4xx_it.o
 .debug_macro   0x00001b87      0x1f2 ./Core/Src/system_config.o
 .debug_macro   0x00001d79      0x1de ./Core/Src/system_stm32f4xx.o
 .debug_macro   0x00001f57      0x2ca ./Core/Src/usart.o
 .debug_macro   0x00002221      0x23e ./Drivers/STM32F4xx_HAL_Driver/Src/stm32f4xx_hal.o
 .debug_macro   0x0000245f      0x1de ./Drivers/STM32F4xx_HAL_Driver/Src/stm32f4xx_hal_cortex.o
 .debug_macro   0x0000263d      0x1e4 ./Drivers/STM32F4xx_HAL_Driver/Src/stm32f4xx_hal_dma.o
 .debug_macro   0x00002821      0x1e4 ./Drivers/STM32F4xx_HAL_Driver/Src/stm32f4xx_hal_gpio.o
 .debug_macro   0x00002a05      0x1ea ./Drivers/STM32F4xx_HAL_Driver/Src/stm32f4xx_hal_pcd.o
 .debug_macro   0x00002bef      0x1de ./Drivers/STM32F4xx_HAL_Driver/Src/stm32f4xx_hal_pcd_ex.o
 .debug_macro   0x00002dcd      0x202 ./Drivers/STM32F4xx_HAL_Driver/Src/stm32f4xx_hal_rcc.o
 .debug_macro   0x00002fcf      0x1df ./Drivers/STM32F4xx_HAL_Driver/Src/stm32f4xx_hal_uart.o
 .debug_macro   0x000031ae      0x1de ./Drivers/STM32F4xx_HAL_Driver/Src/stm32f4xx_ll_usb.o
 .debug_macro   0x0000338c      0x377 ./Middlewares/ST/STM32_USB_Device_Library/Class/CDC/Src/usbd_cdc.o
 .debug_macro   0x00003703       0x9e ./Middlewares/ST/STM32_USB_Device_Library/Class/CDC/Src/usbd_cdc.o
 .debug_macro   0x000037a1      0x10b ./Middlewares/ST/STM32_USB_Device_Library/Class/CDC/Src/usbd_cdc.o
 .debug_macro   0x000038ac       0x56 ./Middlewares/ST/STM32_USB_Device_Library/Class/CDC/Src/usbd_cdc.o
 .debug_macro   0x00003902      0x35e ./Middlewares/ST/STM32_USB_Device_Library/Core/Src/usbd_core.o
 .debug_macro   0x00003c60      0x215 ./Middlewares/ST/STM32_USB_Device_Library/Core/Src/usbd_core.o
 .debug_macro   0x00003e75      0x368 ./Middlewares/ST/STM32_USB_Device_Library/Core/Src/usbd_ctlreq.o
 .debug_macro   0x000041dd      0x364 ./Middlewares/ST/STM32_USB_Device_Library/Core/Src/usbd_ioreq.o
 .debug_macro   0x00004541      0x39d ./USB_DEVICE/App/usb_device.o
 .debug_macro   0x000048de       0x22 ./USB_DEVICE/App/usb_device.o
 .debug_macro   0x00004900       0x16 ./USB_DEVICE/App/usb_device.o
 .debug_macro   0x00004916      0x382 ./USB_DEVICE/App/usbd_cdc_if.o
 .debug_macro   0x00004c98      0x3a1 ./USB_DEVICE/App/usbd_desc.o
 .debug_macro   0x00005039       0x1c ./USB_DEVICE/App/usbd_desc.o
 .debug_macro   0x00005055      0x381 ./USB_DEVICE/Target/usbd_conf.o

.debug_line     0x00000000    0x15ab1
 .debug_line    0x00000000      0x946 ./Core/Src/basicApplication.o
 .debug_line    0x00000946      0x779 ./Core/Src/error_handler.o
 .debug_line    0x000010bf      0x7a5 ./Core/Src/gpio_config.o
 .debug_line    0x00001864      0xa72 ./Core/Src/main.o
 .debug_line    0x000022d6      0x7b6 ./Core/Src/stm32f4xx_hal_msp.o
 .debug_line    0x00002a8c      0x857 ./Core/Src/stm32f4xx_it.o
 .debug_line    0x000032e3      0x7af ./Core/Src/system_config.o
 .debug_line    0x00003a92      0x7e9 ./Core/Src/system_stm32f4xx.o
 .debug_line    0x0000427b      0x9b1 ./Core/Src/usart.o
 .debug_line    0x00004c2c       0x7a ./Core/Startup/startup_stm32f407vgtx.o
 .debug_line    0x00004ca6      0xa52 ./Drivers/STM32F4xx_HAL_Driver/Src/stm32f4xx_hal.o
 .debug_line    0x000056f8      0xd44 ./Drivers/STM32F4xx_HAL_Driver/Src/stm32f4xx_hal_cortex.o
 .debug_line    0x0000643c      0xfc2 ./Drivers/STM32F4xx_HAL_Driver/Src/stm32f4xx_hal_dma.o
 .debug_line    0x000073fe      0xbde ./Drivers/STM32F4xx_HAL_Driver/Src/stm32f4xx_hal_gpio.o
 .debug_line    0x00007fdc     0x153b ./Drivers/STM32F4xx_HAL_Driver/Src/stm32f4xx_hal_pcd.o
 .debug_line    0x00009517      0x82f ./Drivers/STM32F4xx_HAL_Driver/Src/stm32f4xx_hal_pcd_ex.o
 .debug_line    0x00009d46      0xddd ./Drivers/STM32F4xx_HAL_Driver/Src/stm32f4xx_hal_rcc.o
 .debug_line    0x0000ab23     0x2924 ./Drivers/STM32F4xx_HAL_Driver/Src/stm32f4xx_hal_uart.o
 .debug_line    0x0000d447     0x1e2d ./Drivers/STM32F4xx_HAL_Driver/Src/stm32f4xx_ll_usb.o
 .debug_line    0x0000f274      0xeea ./Middlewares/ST/STM32_USB_Device_Library/Class/CDC/Src/usbd_cdc.o
 .debug_line    0x0001015e      0xf64 ./Middlewares/ST/STM32_USB_Device_Library/Core/Src/usbd_core.o
 .debug_line    0x000110c2     0x1174 ./Middlewares/ST/STM32_USB_Device_Library/Core/Src/usbd_ctlreq.o
 .debug_line    0x00012236      0xa7e ./Middlewares/ST/STM32_USB_Device_Library/Core/Src/usbd_ioreq.o
 .debug_line    0x00012cb4      0xa3a ./USB_DEVICE/App/usb_device.o
 .debug_line    0x000136ee      0xa9d ./USB_DEVICE/App/usbd_cdc_if.o
 .debug_line    0x0001418b      0xb03 ./USB_DEVICE/App/usbd_desc.o
 .debug_line    0x00014c8e      0xe23 ./USB_DEVICE/Target/usbd_conf.o

.debug_str      0x00000000    0xc6c0a
 .debug_str     0x00000000    0xc1036 ./Core/Src/basicApplication.o
                              0xc12c8 (size before relaxing)
 .debug_str     0x000c1036       0x4e ./Core/Src/error_handler.o
                              0xbdffb (size before relaxing)
 .debug_str     0x000c1084      0x16d ./Core/Src/gpio_config.o
                              0xbe1ed (size before relaxing)
 .debug_str     0x000c11f1     0x19a4 ./Core/Src/main.o
                              0xc2bf4 (size before relaxing)
 .debug_str     0x000c2b95      0x59a ./Core/Src/stm32f4xx_hal_msp.o
                              0xbeb6a (size before relaxing)
 .debug_str     0x000c312f      0x474 ./Core/Src/stm32f4xx_it.o
                              0xbe8de (size before relaxing)
 .debug_str     0x000c35a3      0x17e ./Core/Src/system_config.o
                              0xbe2e9 (size before relaxing)
 .debug_str     0x000c3721       0xdb ./Core/Src/system_stm32f4xx.o
                              0xbe1aa (size before relaxing)
 .debug_str     0x000c37fc       0x81 ./Core/Src/usart.o
                              0xc1c49 (size before relaxing)
 .debug_str     0x000c387d       0x44 ./Core/Startup/startup_stm32f407vgtx.o
                                 0x6c (size before relaxing)
 .debug_str     0x000c38c1      0x5dd ./Drivers/STM32F4xx_HAL_Driver/Src/stm32f4xx_hal.o
                              0xbed2e (size before relaxing)
 .debug_str     0x000c3e9e      0x36b ./Drivers/STM32F4xx_HAL_Driver/Src/stm32f4xx_hal_cortex.o
                              0xbeaaa (size before relaxing)
 .debug_str     0x000c4209      0x322 ./Drivers/STM32F4xx_HAL_Driver/Src/stm32f4xx_hal_dma.o
                              0xbe5c4 (size before relaxing)
 .debug_str     0x000c452b      0x110 ./Drivers/STM32F4xx_HAL_Driver/Src/stm32f4xx_hal_gpio.o
                              0xbe325 (size before relaxing)
 .debug_str     0x000c463b      0x81d ./Drivers/STM32F4xx_HAL_Driver/Src/stm32f4xx_hal_pcd.o
                              0xbec88 (size before relaxing)
 .debug_str     0x000c4e58      0x115 ./Drivers/STM32F4xx_HAL_Driver/Src/stm32f4xx_hal_pcd_ex.o
                              0xbe578 (size before relaxing)
 .debug_str     0x000c4f6d      0x21f ./Drivers/STM32F4xx_HAL_Driver/Src/stm32f4xx_hal_rcc.o
                              0xbe5de (size before relaxing)
 .debug_str     0x000c518c      0x5c6 ./Drivers/STM32F4xx_HAL_Driver/Src/stm32f4xx_hal_uart.o
                              0xbebbf (size before relaxing)
 .debug_str     0x000c5752      0x4b0 ./Drivers/STM32F4xx_HAL_Driver/Src/stm32f4xx_ll_usb.o
                              0xbeb63 (size before relaxing)
 .debug_str     0x000c5c02      0x6e1 ./Middlewares/ST/STM32_USB_Device_Library/Class/CDC/Src/usbd_cdc.o
                              0xc317b (size before relaxing)
 .debug_str     0x000c62e3      0x35c ./Middlewares/ST/STM32_USB_Device_Library/Core/Src/usbd_core.o
                              0xc2ad4 (size before relaxing)
 .debug_str     0x000c663f      0x139 ./Middlewares/ST/STM32_USB_Device_Library/Core/Src/usbd_ctlreq.o
                              0xc28ff (size before relaxing)
 .debug_str     0x000c6778       0x51 ./Middlewares/ST/STM32_USB_Device_Library/Core/Src/usbd_ioreq.o
                              0xc27d4 (size before relaxing)
 .debug_str     0x000c67c9       0xc6 ./USB_DEVICE/App/usb_device.o
                              0xc2b87 (size before relaxing)
 .debug_str     0x000c688f       0x9a ./USB_DEVICE/App/usbd_cdc_if.o
                              0xc2bc7 (size before relaxing)
 .debug_str     0x000c6929      0x26e ./USB_DEVICE/App/usbd_desc.o
                              0xc26d4 (size before relaxing)
 .debug_str     0x000c6b97       0x73 ./USB_DEVICE/Target/usbd_conf.o
                              0xc39c9 (size before relaxing)

.comment        0x00000000       0x43
 .comment       0x00000000       0x43 ./Core/Src/basicApplication.o
                                 0x44 (size before relaxing)
 .comment       0x00000043       0x44 ./Core/Src/error_handler.o
 .comment       0x00000043       0x44 ./Core/Src/gpio_config.o
 .comment       0x00000043       0x44 ./Core/Src/main.o
 .comment       0x00000043       0x44 ./Core/Src/stm32f4xx_hal_msp.o
 .comment       0x00000043       0x44 ./Core/Src/stm32f4xx_it.o
 .comment       0x00000043       0x44 ./Core/Src/system_config.o
 .comment       0x00000043       0x44 ./Core/Src/system_stm32f4xx.o
 .comment       0x00000043       0x44 ./Core/Src/usart.o
 .comment       0x00000043       0x44 ./Drivers/STM32F4xx_HAL_Driver/Src/stm32f4xx_hal.o
 .comment       0x00000043       0x44 ./Drivers/STM32F4xx_HAL_Driver/Src/stm32f4xx_hal_cortex.o
 .comment       0x00000043       0x44 ./Drivers/STM32F4xx_HAL_Driver/Src/stm32f4xx_hal_dma.o
 .comment       0x00000043       0x44 ./Drivers/STM32F4xx_HAL_Driver/Src/stm32f4xx_hal_gpio.o
 .comment       0x00000043       0x44 ./Drivers/STM32F4xx_HAL_Driver/Src/stm32f4xx_hal_pcd.o
 .comment       0x00000043       0x44 ./Drivers/STM32F4xx_HAL_Driver/Src/stm32f4xx_hal_pcd_ex.o
 .comment       0x00000043       0x44 ./Drivers/STM32F4xx_HAL_Driver/Src/stm32f4xx_hal_rcc.o
 .comment       0x00000043       0x44 ./Drivers/STM32F4xx_HAL_Driver/Src/stm32f4xx_hal_uart.o
 .comment       0x00000043       0x44 ./Drivers/STM32F4xx_HAL_Driver/Src/stm32f4xx_ll_usb.o
 .comment       0x00000043       0x44 ./Middlewares/ST/STM32_USB_Device_Library/Class/CDC/Src/usbd_cdc.o
 .comment       0x00000043       0x44 ./Middlewares/ST/STM32_USB_Device_Library/Core/Src/usbd_core.o
 .comment       0x00000043       0x44 ./Middlewares/ST/STM32_USB_Device_Library/Core/Src/usbd_ctlreq.o
 .comment       0x00000043       0x44 ./Middlewares/ST/STM32_USB_Device_Library/Core/Src/usbd_ioreq.o
 .comment       0x00000043       0x44 ./USB_DEVICE/App/usb_device.o
 .comment       0x00000043       0x44 ./USB_DEVICE/App/usbd_cdc_if.o
 .comment       0x00000043       0x44 ./USB_DEVICE/App/usbd_desc.o
 .comment       0x00000043       0x44 ./USB_DEVICE/Target/usbd_conf.o

.debug_frame    0x00000000     0x3a5c
 .debug_frame   0x00000000       0x50 ./Core/Src/basicApplication.o
 .debug_frame   0x00000050       0x28 ./Core/Src/error_handler.o
 .debug_frame   0x00000078       0x34 ./Core/Src/gpio_config.o
 .debug_frame   0x000000ac       0x34 ./Core/Src/main.o
 .debug_frame   0x000000e0       0x7c ./Core/Src/stm32f4xx_hal_msp.o
 .debug_frame   0x0000015c      0x13c ./Core/Src/stm32f4xx_it.o
 .debug_frame   0x00000298       0x34 ./Core/Src/system_config.o
 .debug_frame   0x000002cc       0x58 ./Core/Src/system_stm32f4xx.o
 .debug_frame   0x00000324      0x104 ./Core/Src/usart.o
 .debug_frame   0x00000428      0x374 ./Drivers/STM32F4xx_HAL_Driver/Src/stm32f4xx_hal.o
 .debug_frame   0x0000079c      0x508 ./Drivers/STM32F4xx_HAL_Driver/Src/stm32f4xx_hal_cortex.o
 .debug_frame   0x00000ca4      0x250 ./Drivers/STM32F4xx_HAL_Driver/Src/stm32f4xx_hal_dma.o
 .debug_frame   0x00000ef4      0x14c ./Drivers/STM32F4xx_HAL_Driver/Src/stm32f4xx_hal_gpio.o
 .debug_frame   0x00001040      0x5b8 ./Drivers/STM32F4xx_HAL_Driver/Src/stm32f4xx_hal_pcd.o
 .debug_frame   0x000015f8       0xb0 ./Drivers/STM32F4xx_HAL_Driver/Src/stm32f4xx_hal_pcd_ex.o
 .debug_frame   0x000016a8      0x1f4 ./Drivers/STM32F4xx_HAL_Driver/Src/stm32f4xx_hal_rcc.o
 .debug_frame   0x0000189c      0x954 ./Drivers/STM32F4xx_HAL_Driver/Src/stm32f4xx_hal_uart.o
 .debug_frame   0x000021f0      0x7c0 ./Drivers/STM32F4xx_HAL_Driver/Src/stm32f4xx_ll_usb.o
 .debug_frame   0x000029b0      0x23c ./Middlewares/ST/STM32_USB_Device_Library/Class/CDC/Src/usbd_cdc.o
 .debug_frame   0x00002bec      0x390 ./Middlewares/ST/STM32_USB_Device_Library/Core/Src/usbd_core.o
 .debug_frame   0x00002f7c      0x23c ./Middlewares/ST/STM32_USB_Device_Library/Core/Src/usbd_ctlreq.o
 .debug_frame   0x000031b8      0x10c ./Middlewares/ST/STM32_USB_Device_Library/Core/Src/usbd_ioreq.o
 .debug_frame   0x000032c4       0x2c ./USB_DEVICE/App/usb_device.o
 .debug_frame   0x000032f0       0xe4 ./USB_DEVICE/App/usbd_cdc_if.o
 .debug_frame   0x000033d4      0x160 ./USB_DEVICE/App/usbd_desc.o
 .debug_frame   0x00003534      0x47c ./USB_DEVICE/Target/usbd_conf.o
 .debug_frame   0x000039b0       0x20 C:/ST/STM32CubeIDE_1.15.0/STM32CubeIDE/plugins/com.st.stm32cube.ide.mcu.externaltools.gnu-tools-for-stm32.12.3.rel1.win32_1.0.200.202406191623/tools/bin/../lib/gcc/arm-none-eabi/12.3.1/../../../../arm-none-eabi/lib/thumb/v7e-m+fp/hard\libc_nano.a(libc_a-memset.o)
 .debug_frame   0x000039d0       0x2c C:/ST/STM32CubeIDE_1.15.0/STM32CubeIDE/plugins/com.st.stm32cube.ide.mcu.externaltools.gnu-tools-for-stm32.12.3.rel1.win32_1.0.200.202406191623/tools/bin/../lib/gcc/arm-none-eabi/12.3.1/../../../../arm-none-eabi/lib/thumb/v7e-m+fp/hard\libc_nano.a(libc_a-init.o)
 .debug_frame   0x000039fc       0x2c C:/ST/STM32CubeIDE_1.15.0/STM32CubeIDE/plugins/com.st.stm32cube.ide.mcu.externaltools.gnu-tools-for-stm32.12.3.rel1.win32_1.0.200.202406191623/tools/bin/../lib/gcc/arm-none-eabi/12.3.1/thumb/v7e-m+fp/hard\libgcc.a(_aeabi_uldivmod.o)
 .debug_frame   0x00003a28       0x34 C:/ST/STM32CubeIDE_1.15.0/STM32CubeIDE/plugins/com.st.stm32cube.ide.mcu.externaltools.gnu-tools-for-stm32.12.3.rel1.win32_1.0.200.202406191623/tools/bin/../lib/gcc/arm-none-eabi/12.3.1/thumb/v7e-m+fp/hard\libgcc.a(_udivmoddi4.o)

.debug_line_str
                0x00000000       0x50
 .debug_line_str
                0x00000000       0x50 ./Core/Startup/startup_stm32f407vgtx.o