13:01:30 **** Incremental Build of configuration Debug for project externalLED ****
make -j4 all 
arm-none-eabi-gcc "../Core/Src/gpio_config.c" -mcpu=cortex-m4 -std=gnu11 -g3 -DDEBUG -DUSE_HAL_DRIVER -DSTM32F407xx -c -I../Core/Inc -I../Drivers/STM32F4xx_HAL_Driver/Inc -I../Drivers/STM32F4xx_HAL_Driver/Inc/Legacy -I../Drivers/CMSIS/Device/ST/STM32F4xx/Include -I../Drivers/CMSIS/Include -O0 -ffunction-sections -fdata-sections -Wall -fstack-usage -fcyclomatic-complexity -MMD -MP -MF"Core/Src/gpio_config.d" -MT"Core/Src/gpio_config.o" --specs=nano.specs -mfpu=fpv4-sp-d16 -mfloat-abi=hard -mthumb -o "Core/Src/gpio_config.o"
arm-none-eabi-gcc "../Core/Src/main.c" -mcpu=cortex-m4 -std=gnu11 -g3 -DDEBUG -DUSE_HAL_DRIVER -DSTM32F407xx -c -I../Core/Inc -I../Drivers/STM32F4xx_HAL_Driver/Inc -I../Drivers/STM32F4xx_HAL_Driver/Inc/Legacy -I../Drivers/CMSIS/Device/ST/STM32F4xx/Include -I../Drivers/CMSIS/Include -O0 -ffunction-sections -fdata-sections -Wall -fstack-usage -fcyclomatic-complexity -MMD -MP -MF"Core/Src/main.d" -MT"Core/Src/main.o" --specs=nano.specs -mfpu=fpv4-sp-d16 -mfloat-abi=hard -mthumb -o "Core/Src/main.o"
arm-none-eabi-gcc -o "externalLED.elf" @"objects.list"   -mcpu=cortex-m4 -T"C:\git\stm32f4xx\externalLED\STM32F407VGTX_FLASH.ld" --specs=nosys.specs -Wl,-Map="externalLED.map" -Wl,--gc-sections -static --specs=nano.specs -mfpu=fpv4-sp-d16 -mfloat-abi=hard -mthumb -Wl,--start-group -lc -lm -Wl,--end-group
Finished building target: externalLED.elf
 
arm-none-eabi-size  externalLED.elf 
arm-none-eabi-objdump -h -S externalLED.elf  > "externalLED.list"
   text	   data	    bss	    dec	    hex	filename
   5976	     12	   1572	   7560	   1d88	externalLED.elf
Finished building: default.size.stdout
 
Finished building: externalLED.list
 
13:04:30 **** Incremental Build of configuration Debug for project externalLED ****
make -j4 all 
arm-none-eabi-size  externalLED.elf 
   text	   data	    bss	    dec	    hex	filename
   5976	     12	   1572	   7560	   1d88	externalLED.elf
Finished building: default.size.stdout
 
