17:35:04 **** Incremental Build of configuration Debug for project stm32application ****
make -j4 all 
arm-none-eabi-gcc "../Core/Src/basicApplication.c" -mcpu=cortex-m4 -std=gnu11 -g3 -DDEBUG -DUSE_HAL_DRIVER -DSTM32F407xx -c -I../Core/Inc -I../Drivers/STM32F4xx_HAL_Driver/Inc -I../Drivers/STM32F4xx_HAL_Driver/Inc/Legacy -I../Drivers/CMSIS/Device/ST/STM32F4xx/Include -I../Drivers/CMSIS/Include -O0 -ffunction-sections -fdata-sections -Wall -fstack-usage -fcyclomatic-complexity -MMD -MP -MF"Core/Src/basicApplication.d" -MT"Core/Src/basicApplication.o" --specs=nano.specs -mfpu=fpv4-sp-d16 -mfloat-abi=hard -mthumb -o "Core/Src/basicApplication.o"
arm-none-eabi-gcc -o "stm32application.elf" @"objects.list"   -mcpu=cortex-m4 -T"C:\git\stm32f4xx\stm32application\STM32F407VGTX_FLASH.ld" --specs=nosys.specs -Wl,-Map="stm32application.map" -Wl,--gc-sections -static --specs=nano.specs -mfpu=fpv4-sp-d16 -mfloat-abi=hard -mthumb -Wl,--start-group -lc -lm -Wl,--end-group
Finished building target: stm32application.elf
 
arm-none-eabi-size  stm32application.elf 
arm-none-eabi-objdump -h -S stm32application.elf  > "stm32application.list"
   text	   data	    bss	    dec	    hex	filename
   6012	     12	   1572	   7596	   1dac	stm32application.elf
Finished building: default.size.stdout
 
Finished building: stm32application.list
 

17:35:06 Build Finished. 0 errors, 0 warnings. (took 1s.359ms)

